Component: Arm Compiler for Embedded 6.22 Tool: armlink [5ee90200]

==============================================================================

Section Cross References

    startup_stm32f103xb.o(RESET) refers to startup_stm32f103xb.o(STACK) for __initial_sp
    startup_stm32f103xb.o(RESET) refers to startup_stm32f103xb.o(.text) for Reset_Handler
    startup_stm32f103xb.o(RESET) refers to stm32f1xx_it.o(.text.NMI_Handler) for NMI_Handler
    startup_stm32f103xb.o(RESET) refers to stm32f1xx_it.o(.text.HardFault_Handler) for HardFault_Handler
    startup_stm32f103xb.o(RESET) refers to stm32f1xx_it.o(.text.MemManage_Handler) for MemManage_Handler
    startup_stm32f103xb.o(RESET) refers to stm32f1xx_it.o(.text.BusFault_Handler) for BusFault_Handler
    startup_stm32f103xb.o(RESET) refers to stm32f1xx_it.o(.text.UsageFault_Handler) for UsageFault_Handler
    startup_stm32f103xb.o(RESET) refers to stm32f1xx_it.o(.text.SVC_Handler) for SVC_Handler
    startup_stm32f103xb.o(RESET) refers to stm32f1xx_it.o(.text.DebugMon_Handler) for DebugMon_Handler
    startup_stm32f103xb.o(RESET) refers to stm32f1xx_it.o(.text.PendSV_Handler) for PendSV_Handler
    startup_stm32f103xb.o(RESET) refers to stm32f1xx_it.o(.text.SysTick_Handler) for SysTick_Handler
    startup_stm32f103xb.o(RESET) refers to stm32f1xx_it.o(.text.DMA1_Channel1_IRQHandler) for DMA1_Channel1_IRQHandler
    startup_stm32f103xb.o(RESET) refers to stm32f1xx_it.o(.text.DMA1_Channel3_IRQHandler) for DMA1_Channel3_IRQHandler
    startup_stm32f103xb.o(RESET) refers to stm32f1xx_it.o(.text.DMA1_Channel4_IRQHandler) for DMA1_Channel4_IRQHandler
    startup_stm32f103xb.o(RESET) refers to stm32f1xx_it.o(.text.DMA1_Channel5_IRQHandler) for DMA1_Channel5_IRQHandler
    startup_stm32f103xb.o(RESET) refers to stm32f1xx_it.o(.text.ADC1_2_IRQHandler) for ADC1_2_IRQHandler
    startup_stm32f103xb.o(RESET) refers to stm32f1xx_it.o(.text.TIM4_IRQHandler) for TIM4_IRQHandler
    startup_stm32f103xb.o(RESET) refers to stm32f1xx_it.o(.text.SPI2_IRQHandler) for SPI2_IRQHandler
    startup_stm32f103xb.o(RESET) refers to stm32f1xx_it.o(.text.USART3_IRQHandler) for USART3_IRQHandler
    startup_stm32f103xb.o(.text) refers to system_stm32f1xx.o(.text.SystemInit) for SystemInit
    startup_stm32f103xb.o(.text) refers to entry.o(.ARM.Collect$$$$00000000) for __main
    main.o(.text.fputc) refers to usart.o(.bss.huart3) for huart3
    main.o(.text.fputc) refers to stm32f1xx_hal_uart.o(.text.HAL_UART_Transmit) for HAL_UART_Transmit
    main.o(.ARM.exidx.text.fputc) refers to main.o(.text.fputc) for [Anonymous Symbol]
    main.o(.text.EnvSecureOp) refers to main.o(.bss.pEnvSecure) for pEnvSecure
    main.o(.text.EnvSecureOp) refers to fcmpge.o(.text) for __aeabi_fcmpge
    main.o(.text.EnvSecureOp) refers to fcmplt.o(.text) for __aeabi_fcmplt
    main.o(.text.EnvSecureOp) refers to fcmple.o(.text) for __aeabi_fcmple
    main.o(.text.EnvSecureOp) refers to parse_command.o(.bss.g_config) for g_config
    main.o(.text.EnvSecureOp) refers to parse_command.o(.text.ApplyConfig) for ApplyConfig
    main.o(.text.EnvSecureOp) refers to main.o(.bss.CLEAN_EXCP) for CLEAN_EXCP
    main.o(.ARM.exidx.text.EnvSecureOp) refers to main.o(.text.EnvSecureOp) for [Anonymous Symbol]
    main.o(.text.main) refers to stm32f1xx_hal.o(.text.HAL_Init) for HAL_Init
    main.o(.text.main) refers to main.o(.text.SystemClock_Config) for SystemClock_Config
    main.o(.text.main) refers to gpio.o(.text.MX_GPIO_Init) for MX_GPIO_Init
    main.o(.text.main) refers to dma.o(.text.MX_DMA_Init) for MX_DMA_Init
    main.o(.text.main) refers to adc.o(.text.MX_ADC1_Init) for MX_ADC1_Init
    main.o(.text.main) refers to spi.o(.text.MX_SPI2_Init) for MX_SPI2_Init
    main.o(.text.main) refers to tim.o(.text.MX_TIM1_Init) for MX_TIM1_Init
    main.o(.text.main) refers to usart.o(.text.MX_USART3_UART_Init) for MX_USART3_UART_Init
    main.o(.text.main) refers to usart.o(.text.MX_USART1_UART_Init) for MX_USART1_UART_Init
    main.o(.text.main) refers to tim.o(.text.MX_TIM4_Init) for MX_TIM4_Init
    main.o(.text.main) refers to tim.o(.bss.htim4) for htim4
    main.o(.text.main) refers to stm32f1xx_hal_tim.o(.text.HAL_TIM_Base_Start_IT) for HAL_TIM_Base_Start_IT
    main.o(.text.main) refers to parse_command.o(.bss.g_config) for g_config
    main.o(.text.main) refers to parse_command.o(.text.LoadConfigFromFlash) for LoadConfigFromFlash
    main.o(.text.main) refers to main.o(.rodata.str1.1) for .L.str
    main.o(.text.main) refers to printfa.o(i.__0printf) for printf
    main.o(.text.main) refers to parse_command.o(.text.ApplyConfig) for ApplyConfig
    main.o(.text.main) refers to stm32f1xx_hal.o(.text.HAL_Delay) for HAL_Delay
    main.o(.text.main) refers to i2c_soft.o(.text.I2C_SOFT_INIT) for I2C_SOFT_INIT
    main.o(.text.main) refers to malloc.o(i.malloc) for malloc
    main.o(.text.main) refers to main.o(.bss.pEnvSecure) for pEnvSecure
    main.o(.text.main) refers to tim.o(.bss.htim1) for htim1
[...]
    TIM_ITRx_SetConfig                       0x08005f15   Thumb Code    42  stm32f1xx_hal_tim.o(.text.TIM_ITRx_SetConfig)
    [Anonymous Symbol]                       0x08005f14   Section        0  stm32f1xx_hal_tim.o(.text.TIM_ITRx_SetConfig)
    TIM_OC1_SetConfig                        0x08005f41   Thumb Code   206  stm32f1xx_hal_tim.o(.text.TIM_OC1_SetConfig)
    [Anonymous Symbol]                       0x08005f40   Section        0  stm32f1xx_hal_tim.o(.text.TIM_OC1_SetConfig)
    [Anonymous Symbol]                       0x08006010   Section        0  stm32f1xx_hal_tim.o(.text.TIM_OC2_SetConfig)
    TIM_OC3_SetConfig                        0x080060e9   Thumb Code   214  stm32f1xx_hal_tim.o(.text.TIM_OC3_SetConfig)
    [Anonymous Symbol]                       0x080060e8   Section        0  stm32f1xx_hal_tim.o(.text.TIM_OC3_SetConfig)
    TIM_OC4_SetConfig                        0x080061c1   Thumb Code   150  stm32f1xx_hal_tim.o(.text.TIM_OC4_SetConfig)
    [Anonymous Symbol]                       0x080061c0   Section        0  stm32f1xx_hal_tim.o(.text.TIM_OC4_SetConfig)
    TIM_TI1_ConfigInputStage                 0x08006259   Thumb Code    80  stm32f1xx_hal_tim.o(.text.TIM_TI1_ConfigInputStage)
    [Anonymous Symbol]                       0x08006258   Section        0  stm32f1xx_hal_tim.o(.text.TIM_TI1_ConfigInputStage)
    TIM_TI2_ConfigInputStage                 0x080062a9   Thumb Code    82  stm32f1xx_hal_tim.o(.text.TIM_TI2_ConfigInputStage)
    [Anonymous Symbol]                       0x080062a8   Section        0  stm32f1xx_hal_tim.o(.text.TIM_TI2_ConfigInputStage)
    [Anonymous Symbol]                       0x080062fc   Section        0  tmp100.o(.text.TMP100_GetTemperature)
    UART_DMAAbortOnError                     0x08006355   Thumb Code    32  stm32f1xx_hal_uart.o(.text.UART_DMAAbortOnError)
    [Anonymous Symbol]                       0x08006354   Section        0  stm32f1xx_hal_uart.o(.text.UART_DMAAbortOnError)
    UART_DMAError                            0x08006375   Thumb Code   124  stm32f1xx_hal_uart.o(.text.UART_DMAError)
    [Anonymous Symbol]                       0x08006374   Section        0  stm32f1xx_hal_uart.o(.text.UART_DMAError)
    UART_DMAReceiveCplt                      0x080063f1   Thumb Code   244  stm32f1xx_hal_uart.o(.text.UART_DMAReceiveCplt)
    [Anonymous Symbol]                       0x080063f0   Section        0  stm32f1xx_hal_uart.o(.text.UART_DMAReceiveCplt)
    UART_DMARxHalfCplt                       0x080064e5   Thumb Code    52  stm32f1xx_hal_uart.o(.text.UART_DMARxHalfCplt)
    [Anonymous Symbol]                       0x080064e4   Section        0  stm32f1xx_hal_uart.o(.text.UART_DMARxHalfCplt)
    UART_EndRxTransfer                       0x08006519   Thumb Code   148  stm32f1xx_hal_uart.o(.text.UART_EndRxTransfer)
    [Anonymous Symbol]                       0x08006518   Section        0  stm32f1xx_hal_uart.o(.text.UART_EndRxTransfer)
    UART_EndTransmit_IT                      0x080065ad   Thumb Code    38  stm32f1xx_hal_uart.o(.text.UART_EndTransmit_IT)
    [Anonymous Symbol]                       0x080065ac   Section        0  stm32f1xx_hal_uart.o(.text.UART_EndTransmit_IT)
    UART_EndTxTransfer                       0x080065d5   Thumb Code    54  stm32f1xx_hal_uart.o(.text.UART_EndTxTransfer)
    [Anonymous Symbol]                       0x080065d4   Section        0  stm32f1xx_hal_uart.o(.text.UART_EndTxTransfer)
    UART_Receive_IT                          0x0800660d   Thumb Code   362  stm32f1xx_hal_uart.o(.text.UART_Receive_IT)
    [Anonymous Symbol]                       0x0800660c   Section        0  stm32f1xx_hal_uart.o(.text.UART_Receive_IT)
    UART_SetConfig                           0x08006779   Thumb Code   186  stm32f1xx_hal_uart.o(.text.UART_SetConfig)
    [Anonymous Symbol]                       0x08006778   Section        0  stm32f1xx_hal_uart.o(.text.UART_SetConfig)
    [Anonymous Symbol]                       0x08006834   Section        0  stm32f1xx_hal_uart.o(.text.UART_Start_Receive_DMA)
    UART_Transmit_IT                         0x08006941   Thumb Code   148  stm32f1xx_hal_uart.o(.text.UART_Transmit_IT)
    [Anonymous Symbol]                       0x08006940   Section        0  stm32f1xx_hal_uart.o(.text.UART_Transmit_IT)
    UART_WaitOnFlagUntilTimeout              0x080069d5   Thumb Code   218  stm32f1xx_hal_uart.o(.text.UART_WaitOnFlagUntilTimeout)
    [Anonymous Symbol]                       0x080069d4   Section        0  stm32f1xx_hal_uart.o(.text.UART_WaitOnFlagUntilTimeout)
    [Anonymous Symbol]                       0x08006ab0   Section        0  stm32f1xx_it.o(.text.USART3_IRQHandler)
    [Anonymous Symbol]                       0x08006ac0   Section        0  parse_command.o(.text.UpdateConfigFromCommand)
    [Anonymous Symbol]                       0x08006c00   Section        0  stm32f1xx_it.o(.text.UsageFault_Handler)
    __NVIC_EnableIRQ                         0x08006c05   Thumb Code    48  stm32f1xx_hal_cortex.o(.text.__NVIC_EnableIRQ)
    [Anonymous Symbol]                       0x08006c04   Section        0  stm32f1xx_hal_cortex.o(.text.__NVIC_EnableIRQ)
    __NVIC_GetPriorityGrouping               0x08006c35   Thumb Code    16  stm32f1xx_hal_cortex.o(.text.__NVIC_GetPriorityGrouping)
    [Anonymous Symbol]                       0x08006c34   Section        0  stm32f1xx_hal_cortex.o(.text.__NVIC_GetPriorityGrouping)
    __NVIC_SetPriority                       0x08006c45   Thumb Code    66  stm32f1xx_hal_cortex.o(.text.__NVIC_SetPriority)
    [Anonymous Symbol]                       0x08006c44   Section        0  stm32f1xx_hal_cortex.o(.text.__NVIC_SetPriority)
    __NVIC_SetPriorityGrouping               0x08006c89   Thumb Code    60  stm32f1xx_hal_cortex.o(.text.__NVIC_SetPriorityGrouping)
    [Anonymous Symbol]                       0x08006c88   Section        0  stm32f1xx_hal_cortex.o(.text.__NVIC_SetPriorityGrouping)
    [Anonymous Symbol]                       0x08006cc4   Section        0  main.o(.text.fputc)
    [Anonymous Symbol]                       0x08006ce8   Section        0  main.o(.text.main)
    [Anonymous Symbol]                       0x08007568   Section        0  tws_bms.o(.text.modbus_crc16)
    [Anonymous Symbol]                       0x080075dc   Section        0  parse_command.o(.text.parse_command)
    i.__0printf                              0x080079fc   Section        0  printfa.o(i.__0printf)
    i.__0sprintf                             0x08007a1c   Section        0  printfa.o(i.__0sprintf)
    i.__aeabi_errno_addr                     0x08007a44   Section        0  errno.o(i.__aeabi_errno_addr)
    i.__scatterload_copy                     0x08007a4c   Section       14  handlers.o(i.__scatterload_copy)
    i.__scatterload_null                     0x08007a5a   Section        2  handlers.o(i.__scatterload_null)
    i.__scatterload_zeroinit                 0x08007a5c   Section       14  handlers.o(i.__scatterload_zeroinit)
    _fp_digits                               0x08007a6d   Thumb Code   366  printfa.o(i._fp_digits)
    i._fp_digits                             0x08007a6c   Section        0  printfa.o(i._fp_digits)
    _printf_core                             0x08007bf1   Thumb Code  1744  printfa.o(i._printf_core)
    i._printf_core                           0x08007bf0   Section        0  printfa.o(i._printf_core)
    _printf_post_padding                     0x080082cd   Thumb Code    36  printfa.o(i._printf_post_padding)
    i._printf_post_padding                   0x080082cc   Section        0  printfa.o(i._printf_post_padding)
    _printf_pre_padding                      0x080082f1   Thumb Code    46  printfa.o(i._printf_pre_padding)
    i._printf_pre_padding                    0x080082f0   Section        0  printfa.o(i._printf_pre_padding)
    _sputc                                   0x0800831f   Thumb Code    10  printfa.o(i._sputc)
    i._sputc                                 0x0800831e   Section        0  printfa.o(i._sputc)
    i.malloc                                 0x08008328   Section        0  malloc.o(i.malloc)
    .constdata                               0x08008394   Section      129  ctype_o.o(.constdata)
    table                                    0x08008418   Data           4  ctype_o.o(.constdata)
    .constdata                               0x08008418   Section        4  ctype_o.o(.constdata)
    HAL_RCC_GetSysClockFreq.aPLLMULFactorTable 0x08008434   Data          16  stm32f1xx_hal_rcc.o(.rodata.HAL_RCC_GetSysClockFreq.aPLLMULFactorTable)
    [Anonymous Symbol]                       0x08008434   Section        0  stm32f1xx_hal_rcc.o(.rodata.HAL_RCC_GetSysClockFreq.aPLLMULFactorTable)
    HAL_RCC_GetSysClockFreq.aPredivFactorTable 0x08008444   Data           2  stm32f1xx_hal_rcc.o(.rodata.HAL_RCC_GetSysClockFreq.aPredivFactorTable)
    [Anonymous Symbol]                       0x08008444   Section        0  stm32f1xx_hal_rcc.o(.rodata.HAL_RCC_GetSysClockFreq.aPredivFactorTable)
    modbus_crc16.aucCRCHi                    0x08008446   Data         256  tws_bms.o(.rodata.modbus_crc16.aucCRCHi)
    [Anonymous Symbol]                       0x08008446   Section        0  tws_bms.o(.rodata.modbus_crc16.aucCRCHi)
    modbus_crc16.aucCRCLo                    0x08008546   Data         256  tws_bms.o(.rodata.modbus_crc16.aucCRCLo)
    [Anonymous Symbol]                       0x08008546   Section        0  tws_bms.o(.rodata.modbus_crc16.aucCRCLo)
    .L.str.10                                0x08008646   Data          18  main.o(.rodata.str1.1)
    [Anonymous Symbol]                       0x08008646   Section        0  main.o(.rodata.str1.1)
    .L.str.8                                 0x08008658   Data          20  main.o(.rodata.str1.1)
    .L.str.9                                 0x0800866c   Data          19  main.o(.rodata.str1.1)
    .L.str.11                                0x0800867f   Data          20  main.o(.rodata.str1.1)
    .L.str.2                                 0x08008693   Data          27  main.o(.rodata.str1.1)
    .L.str.4                                 0x080086ae   Data           8  main.o(.rodata.str1.1)
    .L.str.7                                 0x080086b6   Data           9  main.o(.rodata.str1.1)
    .L.str.6                                 0x080086bf   Data          15  main.o(.rodata.str1.1)
    .L.str.5                                 0x080086c6   Data           8  main.o(.rodata.str1.1)
    .L.str                                   0x080086ce   Data          36  main.o(.rodata.str1.1)
    .L.str.13                                0x080086f2   Data          14  parse_command.o(.rodata.str1.1)
    [Anonymous Symbol]                       0x080086f2   Section        0  parse_command.o(.rodata.str1.1)
    .L.str.12                                0x08008700   Data          14  parse_command.o(.rodata.str1.1)
    .L.str.14                                0x0800870e   Data          13  parse_command.o(.rodata.str1.1)
    .L.str.15                                0x0800871b   Data          10  parse_command.o(.rodata.str1.1)
    .L.str.10                                0x08008725   Data          23  parse_command.o(.rodata.str1.1)
    .L.str.16                                0x0800873c   Data          11  parse_command.o(.rodata.str1.1)
    .L.str.11                                0x08008747   Data          13  parse_command.o(.rodata.str1.1)
    .L.str.17                                0x08008754   Data          12  parse_command.o(.rodata.str1.1)
    .L.str.18                                0x08008760   Data          12  parse_command.o(.rodata.str1.1)
    .L.str.1                                 0x08008768   Data           4  parse_command.o(.rodata.str1.1)
    .L.str.9                                 0x0800876c   Data          15  parse_command.o(.rodata.str1.1)
    .L.str.8                                 0x0800877b   Data          15  parse_command.o(.rodata.str1.1)
    .L.str.3                                 0x0800878a   Data           2  parse_command.o(.rodata.str1.1)
    .L.str.23                                0x0800878c   Data           8  parse_command.o(.rodata.str1.1)
    .L.str.19                                0x08008794   Data           8  parse_command.o(.rodata.str1.1)
    .L.str.6                                 0x0800879c   Data           5  parse_command.o(.rodata.str1.1)
    .L.str.2                                 0x080087a1   Data           2  parse_command.o(.rodata.str1.1)
    .L.str.24                                0x080087a3   Data           8  parse_command.o(.rodata.str1.1)
    .L.str                                   0x080087ab   Data           6  parse_command.o(.rodata.str1.1)
    .L.str.5                                 0x080087b1   Data           4  parse_command.o(.rodata.str1.1)
    .L.str.4                                 0x080087b5   Data           7  parse_command.o(.rodata.str1.1)
    .L.str.20                                0x080087bc   Data           8  parse_command.o(.rodata.str1.1)
    .L.str.7                                 0x080087c4   Data          10  parse_command.o(.rodata.str1.1)
    .L.str.1                                 0x080087ce   Data           2  parse_command.o(.rodata.str1.1)
    .L.str.21                                0x080087d0   Data           9  parse_command.o(.rodata.str1.1)
    .L.str.22                                0x080087d9   Data          12  parse_command.o(.rodata.str1.1)
    .L.str.3                                 0x080087e2   Data           3  parse_command.o(.rodata.str1.1)
    .L.str.4                                 0x080087e5   Data          38  tws_bms.o(.rodata.str1.1)
    [Anonymous Symbol]                       0x080087e5   Section        0  tws_bms.o(.rodata.str1.1)
    .L.str.3                                 0x0800880b   Data          28  tws_bms.o(.rodata.str1.1)
    .L.str                                   0x08008827   Data          22  tws_bms.o(.rodata.str1.1)
    .L.str.2                                 0x0800883d   Data          34  tws_bms.o(.rodata.str1.1)
    .L.str.1                                 0x0800885f   Data          35  tws_bms.o(.rodata.str1.1)
    .data                                    0x20000000   Section        4  stdout.o(.data)
    .data                                    0x20000004   Section        4  mvars.o(.data)
    .data                                    0x20000008   Section        4  mvars.o(.data)
    _errno                                   0x2000000c   Data           4  errno.o(.data)
    .data                                    0x2000000c   Section        4  errno.o(.data)
    HEAP                                     0x200004b8   Section      512  startup_stm32f103xb.o(HEAP)
    STACK                                    0x200006b8   Section     1024  startup_stm32f103xb.o(STACK)

    Global Symbols

    Symbol Name                              Value     Ov Type        Size  Object(Section)

    BuildAttributes$$THM_ISAv4$P$D$K$B$S$PE$A:L22UL41UL21$X:L11$S22US41US21$IEEE1$IW$~IW$USESV6$~STKCKD$USESV7$~SHL$OTIME$ROPI$EBA8$MICROLIB$REQ8$PRES8$EABIv2 0x00000000   Number         0  anon$$obj.o ABSOLUTE
    __cpp_initialize__aeabi_                  - Undefined Weak Reference
    __cxa_finalize                            - Undefined Weak Reference
    __decompress                              - Undefined Weak Reference
    _clock_init                               - Undefined Weak Reference
    _microlib_exit                            - Undefined Weak Reference
    __Vectors_Size                           0x000000ec   Number         0  startup_stm32f103xb.o ABSOLUTE
    __Vectors                                0x08000000   Data           4  startup_stm32f103xb.o(RESET)
    __Vectors_End                            0x080000ec   Data           0  startup_stm32f103xb.o(RESET)
    __main                                   0x080000ed   Thumb Code     0  entry.o(.ARM.Collect$$$$00000000)
    _main_stk                                0x080000ed   Thumb Code     0  entry2.o(.ARM.Collect$$$$00000001)
    _main_scatterload                        0x080000f1   Thumb Code     0  entry5.o(.ARM.Collect$$$$00000004)
    __main_after_scatterload                 0x080000f5   Thumb Code     0  entry5.o(.ARM.Collect$$$$00000004)
    _main_clock                              0x080000f5   Thumb Code     0  entry7b.o(.ARM.Collect$$$$00000008)
    _main_cpp_init                           0x080000f5   Thumb Code     0  entry8b.o(.ARM.Collect$$$$0000000A)
    _main_init                               0x080000f5   Thumb Code     0  entry9a.o(.ARM.Collect$$$$0000000B)
    __rt_final_cpp                           0x080000fd   Thumb Code     0  entry10a.o(.ARM.Collect$$$$0000000D)
    __rt_final_exit                          0x080000fd   Thumb Code     0  entry11a.o(.ARM.Collect$$$$0000000F)
    Reset_Handler                            0x08000101   Thumb Code     8  startup_stm32f103xb.o(.text)
    CAN1_RX1_IRQHandler                      0x0800011b   Thumb Code     0  startup_stm32f103xb.o(.text)
    CAN1_SCE_IRQHandler                      0x0800011b   Thumb Code     0  startup_stm32f103xb.o(.text)
    DMA1_Channel2_IRQHandler                 0x0800011b   Thumb Code     0  startup_stm32f103xb.o(.text)
    DMA1_Channel6_IRQHandler                 0x0800011b   Thumb Code     0  startup_stm32f103xb.o(.text)
    DMA1_Channel7_IRQHandler                 0x0800011b   Thumb Code     0  startup_stm32f103xb.o(.text)
    EXTI0_IRQHandler                         0x0800011b   Thumb Code     0  startup_stm32f103xb.o(.text)
    EXTI15_10_IRQHandler                     0x0800011b   Thumb Code     0  startup_stm32f103xb.o(.text)
    EXTI1_IRQHandler                         0x0800011b   Thumb Code     0  startup_stm32f103xb.o(.text)
    EXTI2_IRQHandler                         0x0800011b   Thumb Code     0  startup_stm32f103xb.o(.text)
    EXTI3_IRQHandler                         0x0800011b   Thumb Code     0  startup_stm32f103xb.o(.text)
    EXTI4_IRQHandler                         0x0800011b   Thumb Code     0  startup_stm32f103xb.o(.text)
    EXTI9_5_IRQHandler                       0x0800011b   Thumb Code     0  startup_stm32f103xb.o(.text)
    FLASH_IRQHandler                         0x0800011b   Thumb Code     0  startup_stm32f103xb.o(.text)
    I2C1_ER_IRQHandler                       0x0800011b   Thumb Code     0  startup_stm32f103xb.o(.text)
    I2C1_EV_IRQHandler                       0x0800011b   Thumb Code     0  startup_stm32f103xb.o(.text)
    I2C2_ER_IRQHandler                       0x0800011b   Thumb Code     0  startup_stm32f103xb.o(.text)
    I2C2_EV_IRQHandler                       0x0800011b   Thumb Code     0  startup_stm32f103xb.o(.text)
    PVD_IRQHandler                           0x0800011b   Thumb Code     0  startup_stm32f103xb.o(.text)
    RCC_IRQHandler                           0x0800011b   Thumb Code     0  startup_stm32f103xb.o(.text)
    RTC_Alarm_IRQHandler                     0x0800011b   Thumb Code     0  startup_stm32f103xb.o(.text)
    RTC_IRQHandler                           0x0800011b   Thumb Code     0  startup_stm32f103xb.o(.text)
    SPI1_IRQHandler                          0x0800011b   Thumb Code     0  startup_stm32f103xb.o(.text)
    TAMPER_IRQHandler                        0x0800011b   Thumb Code     0  startup_stm32f103xb.o(.text)
    TIM1_BRK_IRQHandler                      0x0800011b   Thumb Code     0  startup_stm32f103xb.o(.text)
    TIM1_CC_IRQHandler                       0x0800011b   Thumb Code     0  startup_stm32f103xb.o(.text)
    TIM1_TRG_COM_IRQHandler                  0x0800011b   Thumb Code     0  startup_stm32f103xb.o(.text)
    TIM1_UP_IRQHandler                       0x0800011b   Thumb Code     0  startup_stm32f103xb.o(.text)
    TIM2_IRQHandler                          0x0800011b   Thumb Code     0  startup_stm32f103xb.o(.text)
    TIM3_IRQHandler                          0x0800011b   Thumb Code     0  startup_stm32f103xb.o(.text)
    USART1_IRQHandler                        0x0800011b   Thumb Code     0  startup_stm32f103xb.o(.text)
    USART2_IRQHandler                        0x0800011b   Thumb Code     0  startup_stm32f103xb.o(.text)
    USBWakeUp_IRQHandler                     0x0800011b   Thumb Code     0  startup_stm32f103xb.o(.text)
    USB_HP_CAN1_TX_IRQHandler                0x0800011b   Thumb Code     0  startup_stm32f103xb.o(.text)
    USB_LP_CAN1_RX0_IRQHandler               0x0800011b   Thumb Code     0  startup_stm32f103xb.o(.text)
    WWDG_IRQHandler                          0x0800011b   Thumb Code     0  startup_stm32f103xb.o(.text)
    __aeabi_memcpy                           0x08000125   Thumb Code    36  memcpya.o(.text)
    __aeabi_memcpy4                          0x08000125   Thumb Code     0  memcpya.o(.text)
    __aeabi_memcpy8                          0x08000125   Thumb Code     0  memcpya.o(.text)
    __aeabi_memset                           0x08000149   Thumb Code    14  memseta.o(.text)
    __aeabi_memset4                          0x08000149   Thumb Code     0  memseta.o(.text)
    __aeabi_memset8                          0x08000149   Thumb Code     0  memseta.o(.text)
    __aeabi_memclr                           0x08000157   Thumb Code     4  memseta.o(.text)
    __aeabi_memclr4                          0x08000157   Thumb Code     0  memseta.o(.text)
    __aeabi_memclr8                          0x08000157   Thumb Code     0  memseta.o(.text)
    _memset$wrapper                          0x0800015b   Thumb Code    18  memseta.o(.text)
    strcmp                                   0x0800016d   Thumb Code    28  strcmp.o(.text)
    memchr                                   0x08000189   Thumb Code    20  memchr.o(.text)
    atoi                                     0x0800019d   Thumb Code    26  atoi.o(.text)
    __aeabi_fadd                             0x080001b7   Thumb Code   164  fadd.o(.text)
    __aeabi_fsub                             0x0800025b   Thumb Code     6  fadd.o(.text)
    __aeabi_frsub                            0x08000261   Thumb Code     6  fadd.o(.text)
    __aeabi_fmul                             0x08000267   Thumb Code   100  fmul.o(.text)
    __aeabi_fdiv                             0x080002cb   Thumb Code   124  fdiv.o(.text)
    __aeabi_dadd                             0x08000347   Thumb Code   322  dadd.o(.text)
    __aeabi_dsub                             0x08000489   Thumb Code     6  dadd.o(.text)
    __aeabi_drsub                            0x0800048f   Thumb Code     6  dadd.o(.text)
    __aeabi_dmul                             0x08000495   Thumb Code   228  dmul.o(.text)
    __aeabi_ddiv                             0x08000579   Thumb Code   222  ddiv.o(.text)
    __aeabi_fcmple                           0x08000657   Thumb Code    28  fcmple.o(.text)
    __aeabi_fcmplt                           0x08000673   Thumb Code    28  fcmplt.o(.text)
    __aeabi_fcmpge                           0x0800068f   Thumb Code    28  fcmpge.o(.text)
    __aeabi_fcmpgt                           0x080006ab   Thumb Code    28  fcmpgt.o(.text)
    __aeabi_i2f                              0x080006c7   Thumb Code    18  fflti.o(.text)
    __aeabi_ui2f                             0x080006d9   Thumb Code    10  ffltui.o(.text)
    __aeabi_f2iz                             0x080006e3   Thumb Code    50  ffixi.o(.text)
    __aeabi_d2iz                             0x08000715   Thumb Code    62  dfixi.o(.text)
    __aeabi_f2d                              0x08000753   Thumb Code    38  f2d.o(.text)
    __aeabi_d2f                              0x08000779   Thumb Code    56  d2f.o(.text)
    __aeabi_uidiv                            0x080007b1   Thumb Code     0  uidiv.o(.text)
    __aeabi_uidivmod                         0x080007b1   Thumb Code    44  uidiv.o(.text)
    __aeabi_uldivmod                         0x080007dd   Thumb Code    98  uldiv.o(.text)
    __aeabi_llsl                             0x0800083f   Thumb Code    30  llshl.o(.text)
    _ll_shift_l                              0x0800083f   Thumb Code     0  llshl.o(.text)
    __aeabi_llsr                             0x0800085d   Thumb Code    32  llushr.o(.text)
    _ll_ushift_r                             0x0800085d   Thumb Code     0  llushr.o(.text)
    __aeabi_lasr                             0x0800087d   Thumb Code    36  llsshr.o(.text)
    _ll_sshift_r                             0x0800087d   Thumb Code     0  llsshr.o(.text)
    strtol                                   0x080008a1   Thumb Code   112  strtol.o(.text)
    __I$use$fp                               0x08000911   Thumb Code     0  iusefp.o(.text)
    _float_round                             0x08000911   Thumb Code    18  fepilogue.o(.text)
    _float_epilogue                          0x08000923   Thumb Code    92  fepilogue.o(.text)
    _double_round                            0x0800097f   Thumb Code    30  depilogue.o(.text)
    _double_epilogue                         0x0800099d   Thumb Code   156  depilogue.o(.text)
    __aeabi_d2ulz                            0x08000a39   Thumb Code    48  dfixul.o(.text)
    __aeabi_cdrcmple                         0x08000a69   Thumb Code    48  cdrcmple.o(.text)
    __scatterload                            0x08000a99   Thumb Code    38  init.o(.text)
    __scatterload_rt2                        0x08000a99   Thumb Code     0  init.o(.text)
    __rt_ctype_table                         0x08000ac9   Thumb Code     4  ctype_o.o(.text)
    _strtoul                                 0x08000ad1   Thumb Code   158  _strtoul.o(.text)
    _chval                                   0x08000b6f   Thumb Code    28  _chval.o(.text)
    ADC1_2_IRQHandler                        0x08000b8d   Thumb Code    16  stm32f1xx_it.o(.text.ADC1_2_IRQHandler)
    ADC_ConversionStop_Disable               0x08000b9d   Thumb Code   130  stm32f1xx_hal_adc.o(.text.ADC_ConversionStop_Disable)
    ADC_DMAConvCplt                          0x08000c21   Thumb Code   120  stm32f1xx_hal_adc.o(.text.ADC_DMAConvCplt)
    ADC_DMAError                             0x08000c99   Thumb Code    42  stm32f1xx_hal_adc.o(.text.ADC_DMAError)
    ADC_DMAHalfConvCplt                      0x08000cc5   Thumb Code    22  stm32f1xx_hal_adc.o(.text.ADC_DMAHalfConvCplt)
    ADC_Enable                               0x08000cdd   Thumb Code   188  stm32f1xx_hal_adc.o(.text.ADC_Enable)
    ApplyConfig                              0x08000d99   Thumb Code    64  parse_command.o(.text.ApplyConfig)
    BusFault_Handler                         0x08000dd9   Thumb Code     4  stm32f1xx_it.o(.text.BusFault_Handler)
    DMA1_Channel1_IRQHandler                 0x08000ddd   Thumb Code    16  stm32f1xx_it.o(.text.DMA1_Channel1_IRQHandler)
    DMA1_Channel3_IRQHandler                 0x08000ded   Thumb Code    16  stm32f1xx_it.o(.text.DMA1_Channel3_IRQHandler)
    DMA1_Channel4_IRQHandler                 0x08000dfd   Thumb Code    16  stm32f1xx_it.o(.text.DMA1_Channel4_IRQHandler)
    DMA1_Channel5_IRQHandler                 0x08000e0d   Thumb Code    16  stm32f1xx_it.o(.text.DMA1_Channel5_IRQHandler)
    DebugMon_Handler                         0x08000e6d   Thumb Code     2  stm32f1xx_it.o(.text.DebugMon_Handler)
    EnvSecureOp                              0x08000e71   Thumb Code   238  main.o(.text.EnvSecureOp)
    Error_Handler                            0x08000f61   Thumb Code    14  main.o(.text.Error_Handler)
    FLASH_PageErase                          0x08000f9d   Thumb Code    56  stm32f1xx_hal_flash_ex.o(.text.FLASH_PageErase)
    FLASH_WaitForLastOperation               0x08001115   Thumb Code   280  stm32f1xx_hal_flash.o(.text.FLASH_WaitForLastOperation)
    Flash_ErasePage                          0x0800122d   Thumb Code    48  parse_command.o(.text.Flash_ErasePage)
    Flash_WriteData                          0x0800125d   Thumb Code   134  parse_command.o(.text.Flash_WriteData)
    HAL_ADCEx_InjectedConvCpltCallback       0x080012e5   Thumb Code     8  stm32f1xx_hal_adc_ex.o(.text.HAL_ADCEx_InjectedConvCpltCallback)
    HAL_ADC_ConfigChannel                    0x080012ed   Thumb Code   436  stm32f1xx_hal_adc.o(.text.HAL_ADC_ConfigChannel)
    HAL_ADC_ConvCpltCallback                 0x080014a1   Thumb Code    38  main.o(.text.HAL_ADC_ConvCpltCallback)
    HAL_ADC_ConvHalfCpltCallback             0x080014c9   Thumb Code     8  stm32f1xx_hal_adc.o(.text.HAL_ADC_ConvHalfCpltCallback)
    HAL_ADC_ErrorCallback                    0x080014d1   Thumb Code     8  stm32f1xx_hal_adc.o(.text.HAL_ADC_ErrorCallback)
    HAL_ADC_IRQHandler                       0x080014d9   Thumb Code   394  stm32f1xx_hal_adc.o(.text.HAL_ADC_IRQHandler)
    HAL_ADC_Init                             0x08001665   Thumb Code   530  stm32f1xx_hal_adc.o(.text.HAL_ADC_Init)
    HAL_ADC_LevelOutOfWindowCallback         0x08001879   Thumb Code     8  stm32f1xx_hal_adc.o(.text.HAL_ADC_LevelOutOfWindowCallback)
    HAL_ADC_MspInit                          0x08001881   Thumb Code   218  adc.o(.text.HAL_ADC_MspInit)
    HAL_ADC_Start_DMA                        0x0800195d   Thumb Code   550  stm32f1xx_hal_adc.o(.text.HAL_ADC_Start_DMA)
    HAL_DMA_Abort                            0x08001b85   Thumb Code   124  stm32f1xx_hal_dma.o(.text.HAL_DMA_Abort)
    HAL_DMA_Abort_IT                         0x08001c01   Thumb Code   284  stm32f1xx_hal_dma.o(.text.HAL_DMA_Abort_IT)
    HAL_DMA_IRQHandler                       0x08001d1d   Thumb Code   646  stm32f1xx_hal_dma.o(.text.HAL_DMA_IRQHandler)
    HAL_DMA_Init                             0x08001fa5   Thumb Code   174  stm32f1xx_hal_dma.o(.text.HAL_DMA_Init)
    HAL_DMA_Start_IT                         0x08002055   Thumb Code   202  stm32f1xx_hal_dma.o(.text.HAL_DMA_Start_IT)
    HAL_Delay                                0x08002121   Thumb Code    66  stm32f1xx_hal.o(.text.HAL_Delay)
    HAL_FLASHEx_Erase                        0x08002165   Thumb Code   266  stm32f1xx_hal_flash_ex.o(.text.HAL_FLASHEx_Erase)
    HAL_FLASH_Lock                           0x08002271   Thumb Code    20  stm32f1xx_hal_flash.o(.text.HAL_FLASH_Lock)
    HAL_FLASH_Program                        0x08002285   Thumb Code   300  stm32f1xx_hal_flash.o(.text.HAL_FLASH_Program)
    HAL_FLASH_Unlock                         0x080023b1   Thumb Code    90  stm32f1xx_hal_flash.o(.text.HAL_FLASH_Unlock)
    HAL_GPIO_Init                            0x0800240d   Thumb Code   798  stm32f1xx_hal_gpio.o(.text.HAL_GPIO_Init)
    HAL_GPIO_ReadPin                         0x0800272d   Thumb Code    46  stm32f1xx_hal_gpio.o(.text.HAL_GPIO_ReadPin)
    HAL_GPIO_WritePin                        0x0800275d   Thumb Code    46  stm32f1xx_hal_gpio.o(.text.HAL_GPIO_WritePin)
    HAL_GetTick                              0x0800278d   Thumb Code    12  stm32f1xx_hal.o(.text.HAL_GetTick)
    HAL_IncTick                              0x08002799   Thumb Code    26  stm32f1xx_hal.o(.text.HAL_IncTick)
    HAL_Init                                 0x080027b5   Thumb Code    38  stm32f1xx_hal.o(.text.HAL_Init)
    HAL_InitTick                             0x080027dd   Thumb Code   112  stm32f1xx_hal.o(.text.HAL_InitTick)
    HAL_MspInit                              0x0800284d   Thumb Code   100  stm32f1xx_hal_msp.o(.text.HAL_MspInit)
    HAL_NVIC_EnableIRQ                       0x080028b1   Thumb Code    20  stm32f1xx_hal_cortex.o(.text.HAL_NVIC_EnableIRQ)
    HAL_NVIC_SetPriority                     0x080028c5   Thumb Code    50  stm32f1xx_hal_cortex.o(.text.HAL_NVIC_SetPriority)
    HAL_NVIC_SetPriorityGrouping             0x080028f9   Thumb Code    16  stm32f1xx_hal_cortex.o(.text.HAL_NVIC_SetPriorityGrouping)
    HAL_RCCEx_PeriphCLKConfig                0x08002909   Thumb Code   456  stm32f1xx_hal_rcc_ex.o(.text.HAL_RCCEx_PeriphCLKConfig)
    HAL_RCC_ClockConfig                      0x08002ad1   Thumb Code   598  stm32f1xx_hal_rcc.o(.text.HAL_RCC_ClockConfig)
    HAL_RCC_GetHCLKFreq                      0x08002d29   Thumb Code    12  stm32f1xx_hal_rcc.o(.text.HAL_RCC_GetHCLKFreq)
    HAL_RCC_GetPCLK1Freq                     0x08002d35   Thumb Code    34  stm32f1xx_hal_rcc.o(.text.HAL_RCC_GetPCLK1Freq)
    HAL_RCC_GetPCLK2Freq                     0x08002d59   Thumb Code    34  stm32f1xx_hal_rcc.o(.text.HAL_RCC_GetPCLK2Freq)
    HAL_RCC_GetSysClockFreq                  0x08002d7d   Thumb Code   188  stm32f1xx_hal_rcc.o(.text.HAL_RCC_GetSysClockFreq)
    HAL_RCC_OscConfig                        0x08002e39   Thumb Code  1658  stm32f1xx_hal_rcc.o(.text.HAL_RCC_OscConfig)
    HAL_SPI_ErrorCallback                    0x080034b5   Thumb Code     8  stm32f1xx_hal_spi.o(.text.HAL_SPI_ErrorCallback)
    HAL_SPI_IRQHandler                       0x080034bd   Thumb Code   508  stm32f1xx_hal_spi.o(.text.HAL_SPI_IRQHandler)
    HAL_SPI_Init                             0x080036b9   Thumb Code   250  stm32f1xx_hal_spi.o(.text.HAL_SPI_Init)
    HAL_SPI_MspInit                          0x080037b5   Thumb Code   316  spi.o(.text.HAL_SPI_MspInit)
    HAL_SYSTICK_Config                       0x080038f1   Thumb Code    16  stm32f1xx_hal_cortex.o(.text.HAL_SYSTICK_Config)
    HAL_TIMEx_BreakCallback                  0x08003901   Thumb Code     8  stm32f1xx_hal_tim_ex.o(.text.HAL_TIMEx_BreakCallback)
    HAL_TIMEx_CommutCallback                 0x08003909   Thumb Code     8  stm32f1xx_hal_tim_ex.o(.text.HAL_TIMEx_CommutCallback)
    HAL_TIMEx_ConfigBreakDeadTime            0x08003911   Thumb Code   178  stm32f1xx_hal_tim_ex.o(.text.HAL_TIMEx_ConfigBreakDeadTime)
    HAL_TIMEx_MasterConfigSynchronization    0x080039c5   Thumb Code   220  stm32f1xx_hal_tim_ex.o(.text.HAL_TIMEx_MasterConfigSynchronization)
    HAL_TIM_Base_Init                        0x08003aa1   Thumb Code   156  stm32f1xx_hal_tim.o(.text.HAL_TIM_Base_Init)
    HAL_TIM_Base_MspInit                     0x08003b3d   Thumb Code   130  tim.o(.text.HAL_TIM_Base_MspInit)
    HAL_TIM_Base_Start_IT                    0x08003bc1   Thumb Code   176  stm32f1xx_hal_tim.o(.text.HAL_TIM_Base_Start_IT)
    HAL_TIM_ConfigClockSource                0x08003c71   Thumb Code   388  stm32f1xx_hal_tim.o(.text.HAL_TIM_ConfigClockSource)
    HAL_TIM_IC_CaptureCallback               0x08003df5   Thumb Code     8  stm32f1xx_hal_tim.o(.text.HAL_TIM_IC_CaptureCallback)
    HAL_TIM_IRQHandler                       0x08003dfd   Thumb Code   538  stm32f1xx_hal_tim.o(.text.HAL_TIM_IRQHandler)
    HAL_TIM_MspPostInit                      0x08004019   Thumb Code    96  tim.o(.text.HAL_TIM_MspPostInit)
    HAL_TIM_OC_ConfigChannel                 0x08004079   Thumb Code   164  stm32f1xx_hal_tim.o(.text.HAL_TIM_OC_ConfigChannel)
    HAL_TIM_OC_DelayElapsedCallback          0x0800411d   Thumb Code     8  stm32f1xx_hal_tim.o(.text.HAL_TIM_OC_DelayElapsedCallback)
    HAL_TIM_OC_Init                          0x08004125   Thumb Code   156  stm32f1xx_hal_tim.o(.text.HAL_TIM_OC_Init)
    HAL_TIM_OC_MspInit                       0x080041c1   Thumb Code     8  stm32f1xx_hal_tim.o(.text.HAL_TIM_OC_MspInit)
    HAL_TIM_PWM_ConfigChannel                0x080041c9   Thumb Code   322  stm32f1xx_hal_tim.o(.text.HAL_TIM_PWM_ConfigChannel)
    HAL_TIM_PWM_Init                         0x0800430d   Thumb Code   156  stm32f1xx_hal_tim.o(.text.HAL_TIM_PWM_Init)
    HAL_TIM_PWM_MspInit                      0x080043a9   Thumb Code     8  stm32f1xx_hal_tim.o(.text.HAL_TIM_PWM_MspInit)
    HAL_TIM_PWM_PulseFinishedCallback        0x080043b1   Thumb Code     8  stm32f1xx_hal_tim.o(.text.HAL_TIM_PWM_PulseFinishedCallback)
    HAL_TIM_PWM_Start                        0x080043b9   Thumb Code   352  stm32f1xx_hal_tim.o(.text.HAL_TIM_PWM_Start)
    HAL_TIM_PeriodElapsedCallback            0x08004519   Thumb Code    64  main.o(.text.HAL_TIM_PeriodElapsedCallback)
    HAL_TIM_TriggerCallback                  0x08004559   Thumb Code     8  stm32f1xx_hal_tim.o(.text.HAL_TIM_TriggerCallback)
    HAL_UARTEx_ReceiveToIdle_DMA             0x08004561   Thumb Code   184  stm32f1xx_hal_uart.o(.text.HAL_UARTEx_ReceiveToIdle_DMA)
    HAL_UARTEx_RxEventCallback               0x08004619   Thumb Code   114  main.o(.text.HAL_UARTEx_RxEventCallback)
    HAL_UART_ErrorCallback                   0x0800468d   Thumb Code     8  stm32f1xx_hal_uart.o(.text.HAL_UART_ErrorCallback)
    HAL_UART_IRQHandler                      0x08004695   Thumb Code  1066  stm32f1xx_hal_uart.o(.text.HAL_UART_IRQHandler)
    HAL_UART_Init                            0x08004ac1   Thumb Code   158  stm32f1xx_hal_uart.o(.text.HAL_UART_Init)
    HAL_UART_MspInit                         0x08004b61   Thumb Code   376  usart.o(.text.HAL_UART_MspInit)
    HAL_UART_Receive                         0x08004cd9   Thumb Code   318  stm32f1xx_hal_uart.o(.text.HAL_UART_Receive)
    HAL_UART_RxCpltCallback                  0x08004e19   Thumb Code     8  stm32f1xx_hal_uart.o(.text.HAL_UART_RxCpltCallback)
    HAL_UART_RxHalfCpltCallback              0x08004e21   Thumb Code     8  stm32f1xx_hal_uart.o(.text.HAL_UART_RxHalfCpltCallback)
    HAL_UART_Transmit                        0x08004e29   Thumb Code   304  stm32f1xx_hal_uart.o(.text.HAL_UART_Transmit)
    HAL_UART_TxCpltCallback                  0x08004f59   Thumb Code     8  stm32f1xx_hal_uart.o(.text.HAL_UART_TxCpltCallback)
    HardFault_Handler                        0x08004f61   Thumb Code     4  stm32f1xx_it.o(.text.HardFault_Handler)
    I2C_Delay_us                             0x08004f65   Thumb Code    38  i2c_soft.o(.text.I2C_Delay_us)
    I2C_ReadByte                             0x08004f8d   Thumb Code   158  i2c_soft.o(.text.I2C_ReadByte)
    I2C_ReadDataWithReg                      0x0800502d   Thumb Code   216  i2c_soft.o(.text.I2C_ReadDataWithReg)
    I2C_SOFT_INIT                            0x08005105   Thumb Code   150  i2c_soft.o(.text.I2C_SOFT_INIT)
    I2C_SendAck                              0x0800519d   Thumb Code    80  i2c_soft.o(.text.I2C_SendAck)
    I2C_SendByte                             0x080051ed   Thumb Code   158  i2c_soft.o(.text.I2C_SendByte)
    I2C_SendNoAck                            0x0800528d   Thumb Code    80  i2c_soft.o(.text.I2C_SendNoAck)
    I2C_Start                                0x080052dd   Thumb Code    82  i2c_soft.o(.text.I2C_Start)
    I2C_Stop                                 0x08005331   Thumb Code    68  i2c_soft.o(.text.I2C_Stop)
    I2C_WaitAck                              0x08005375   Thumb Code    94  i2c_soft.o(.text.I2C_WaitAck)
    LoadConfigFromFlash                      0x080053d5   Thumb Code    94  parse_command.o(.text.LoadConfigFromFlash)
    MX_ADC1_Init                             0x08005435   Thumb Code   172  adc.o(.text.MX_ADC1_Init)
    MX_DMA_Init                              0x080054e1   Thumb Code   112  dma.o(.text.MX_DMA_Init)
    MX_GPIO_Init                             0x08005551   Thumb Code   258  gpio.o(.text.MX_GPIO_Init)
    MX_SPI2_Init                             0x08005655   Thumb Code    78  spi.o(.text.MX_SPI2_Init)
    MX_TIM1_Init                             0x080056a5   Thumb Code   290  tim.o(.text.MX_TIM1_Init)
    MX_TIM4_Init                             0x080057c9   Thumb Code   202  tim.o(.text.MX_TIM4_Init)
    MX_USART1_UART_Init                      0x08005895   Thumb Code    64  usart.o(.text.MX_USART1_UART_Init)
    MX_USART3_UART_Init                      0x080058d5   Thumb Code    64  usart.o(.text.MX_USART3_UART_Init)
    MemManage_Handler                        0x08005915   Thumb Code     4  stm32f1xx_it.o(.text.MemManage_Handler)
    Modbus_ReadHoldingRegisters              0x08005919   Thumb Code   534  tws_bms.o(.text.Modbus_ReadHoldingRegisters)
    NMI_Handler                              0x08005b31   Thumb Code     4  stm32f1xx_it.o(.text.NMI_Handler)
    PendSV_Handler                           0x08005ba1   Thumb Code     2  stm32f1xx_it.o(.text.PendSV_Handler)
    ReadBMS_SOC                              0x08005be1   Thumb Code    50  tws_bms.o(.text.ReadBMS_SOC)
    ReadBMS_SOH                              0x08005c15   Thumb Code    50  tws_bms.o(.text.ReadBMS_SOH)
    SPI2_IRQHandler                          0x08005c49   Thumb Code    16  stm32f1xx_it.o(.text.SPI2_IRQHandler)
    SVC_Handler                              0x08005c79   Thumb Code     2  stm32f1xx_it.o(.text.SVC_Handler)
    SaveConfigToFlash                        0x08005c7d   Thumb Code    34  parse_command.o(.text.SaveConfigToFlash)
    SysTick_Handler                          0x08005cf5   Thumb Code     8  stm32f1xx_it.o(.text.SysTick_Handler)
    SystemClock_Config                       0x08005cfd   Thumb Code   144  main.o(.text.SystemClock_Config)
    SystemInit                               0x08005d8d   Thumb Code     2  system_stm32f1xx.o(.text.SystemInit)
    TIM4_IRQHandler                          0x08005d91   Thumb Code    16  stm32f1xx_it.o(.text.TIM4_IRQHandler)
    TIM_Base_SetConfig                       0x08005da1   Thumb Code   262  stm32f1xx_hal_tim.o(.text.TIM_Base_SetConfig)
    TIM_CCxChannelCmd                        0x08005ea9   Thumb Code    54  stm32f1xx_hal_tim.o(.text.TIM_CCxChannelCmd)
    TIM_ETR_SetConfig                        0x08005ee1   Thumb Code    52  stm32f1xx_hal_tim.o(.text.TIM_ETR_SetConfig)
    TIM_OC2_SetConfig                        0x08006011   Thumb Code   216  stm32f1xx_hal_tim.o(.text.TIM_OC2_SetConfig)
    TMP100_GetTemperature                    0x080062fd   Thumb Code    86  tmp100.o(.text.TMP100_GetTemperature)
    UART_Start_Receive_DMA                   0x08006835   Thumb Code   268  stm32f1xx_hal_uart.o(.text.UART_Start_Receive_DMA)
    USART3_IRQHandler                        0x08006ab1   Thumb Code    16  stm32f1xx_it.o(.text.USART3_IRQHandler)
    UpdateConfigFromCommand                  0x08006ac1   Thumb Code   320  parse_command.o(.text.UpdateConfigFromCommand)
    UsageFault_Handler                       0x08006c01   Thumb Code     4  stm32f1xx_it.o(.text.UsageFault_Handler)
    fputc                                    0x08006cc5   Thumb Code    34  main.o(.text.fputc)
    main                                     0x08006ce9   Thumb Code  2176  main.o(.text.main)
    modbus_crc16                             0x08007569   Thumb Code   114  tws_bms.o(.text.modbus_crc16)
    parse_command                            0x080075dd   Thumb Code  1056  parse_command.o(.text.parse_command)
    __0printf                                0x080079fd   Thumb Code    22  printfa.o(i.__0printf)
    __1printf                                0x080079fd   Thumb Code     0  printfa.o(i.__0printf)
    __2printf                                0x080079fd   Thumb Code     0  printfa.o(i.__0printf)
    __c89printf                              0x080079fd   Thumb Code     0  printfa.o(i.__0printf)
    printf                                   0x080079fd   Thumb Code     0  printfa.o(i.__0printf)
    __0sprintf                               0x08007a1d   Thumb Code    34  printfa.o(i.__0sprintf)
    __1sprintf                               0x08007a1d   Thumb Code     0  printfa.o(i.__0sprintf)
    __2sprintf                               0x08007a1d   Thumb Code     0  printfa.o(i.__0sprintf)
    __c89sprintf                             0x08007a1d   Thumb Code     0  printfa.o(i.__0sprintf)
    sprintf                                  0x08007a1d   Thumb Code     0  printfa.o(i.__0sprintf)
    __aeabi_errno_addr                       0x08007a45   Thumb Code     4  errno.o(i.__aeabi_errno_addr)
    __rt_errno_addr                          0x08007a45   Thumb Code     0  errno.o(i.__aeabi_errno_addr)
    __scatterload_copy                       0x08007a4d   Thumb Code    14  handlers.o(i.__scatterload_copy)
    __scatterload_null                       0x08007a5b   Thumb Code     2  handlers.o(i.__scatterload_null)
    __scatterload_zeroinit                   0x08007a5d   Thumb Code    14  handlers.o(i.__scatterload_zeroinit)
    malloc                                   0x08008329   Thumb Code    92  malloc.o(i.malloc)
    __ctype_table                            0x08008394   Data         129  ctype_o.o(.constdata)
    AHBPrescTable                            0x0800841c   Data          16  system_stm32f1xx.o(.rodata.AHBPrescTable)
    APBPrescTable                            0x0800842c   Data           8  system_stm32f1xx.o(.rodata.APBPrescTable)
    Region$$Table$$Base                      0x08008884   Number         0  anon$$obj.o(Region$$Table)
    Region$$Table$$Limit                     0x080088a4   Number         0  anon$$obj.o(Region$$Table)
    __stdout                                 0x20000000   Data           4  stdout.o(.data)
    __microlib_freelist                      0x20000004   Data           4  mvars.o(.data)
    __microlib_freelist_initialised          0x20000008   Data           4  mvars.o(.data)
    SystemCoreClock                          0x20000010   Data           4  system_stm32f1xx.o(.data.SystemCoreClock)
    uwTickFreq                               0x20000014   Data           1  stm32f1xx_hal.o(.data.uwTickFreq)
    uwTickPrio                               0x20000018   Data           4  stm32f1xx_hal.o(.data.uwTickPrio)
    ADC1_IDLE                                0x20000020   Data           1  main.o(.bss.ADC1_IDLE)
    BAT_INST                                 0x20000021   Data           1  main.o(.bss.BAT_INST)
    BAT_V                                    0x20000024   Data           4  main.o(.bss.BAT_V)
    BMS_COM_ERR                              0x20000028   Data           1  main.o(.bss.BMS_COM_ERR)
    BmsSoc                                   0x2000002a   Data           2  main.o(.bss.BmsSoc)
    BmsSoh                                   0x2000002c   Data           2  main.o(.bss.BmsSoh)
    CHRG_I                                   0x20000030   Data           4  main.o(.bss.CHRG_I)
    CHRG_PWR                                 0x20000034   Data           2  main.o(.bss.CHRG_PWR)
    CHRG_V                                   0x20000038   Data           4  main.o(.bss.CHRG_V)
    CLEAN_EXCP                               0x2000003c   Data           1  main.o(.bss.CLEAN_EXCP)
    RED_LED_FLAG                             0x2000003d   Data           1  main.o(.bss.RED_LED_FLAG)
    UART1_RX_DMA_IDLE                        0x2000003e   Data           1  main.o(.bss.UART1_RX_DMA_IDLE)
    UART3_RX_DMA_IDLE                        0x2000003f   Data           1  main.o(.bss.UART3_RX_DMA_IDLE)
    adc_buffer0                              0x20000040   Data           6  main.o(.bss.adc_buffer0)
    env_est_idx                              0x20000046   Data           1  main.o(.bss.env_est_idx)
    g_config                                 0x20000048   Data          36  parse_command.o(.bss.g_config)
    hadc1                                    0x2000006c   Data          48  adc.o(.bss.hadc1)
    hdma_adc1                                0x2000009c   Data          68  adc.o(.bss.hdma_adc1)
    hdma_spi2_rx                             0x200000e0   Data          68  spi.o(.bss.hdma_spi2_rx)
    hdma_spi2_tx                             0x20000124   Data          68  spi.o(.bss.hdma_spi2_tx)
    hdma_usart3_rx                           0x20000168   Data          68  usart.o(.bss.hdma_usart3_rx)
    hostData                                 0x200001ac   Data         128  main.o(.bss.hostData)
    hspi2                                    0x2000022c   Data          88  spi.o(.bss.hspi2)
    htim1                                    0x20000284   Data          72  tim.o(.bss.htim1)
    htim4                                    0x200002cc   Data          72  tim.o(.bss.htim4)
    huart1                                   0x20000314   Data          72  usart.o(.bss.huart1)
    huart3                                   0x2000035c   Data          72  usart.o(.bss.huart3)
    led_blink_cnt                            0x200003a4   Data           1  main.o(.bss.led_blink_cnt)
    mid_bat_volt                             0x200003a8   Data           4  main.o(.bss.mid_bat_volt)
    mid_chrg_current                         0x200003ac   Data           4  main.o(.bss.mid_chrg_current)
    mid_chrg_volt                            0x200003b0   Data           4  main.o(.bss.mid_chrg_volt)
    mid_temp                                 0x200003b4   Data           4  main.o(.bss.mid_temp)
    pEnvSecure                               0x200003b8   Data           4  main.o(.bss.pEnvSecure)
    pFlash                                   0x200003c0   Data          32  stm32f1xx_hal_flash.o(.bss.pFlash)
    rs485Data                                0x200003e0   Data         128  main.o(.bss.rs485Data)
    strBmsSoc                                0x20000460   Data           6  main.o(.bss.strBmsSoc)
    strBmsSoh                                0x20000466   Data           6  main.o(.bss.strBmsSoh)
    strTemp                                  0x2000046c   Data          16  main.o(.bss.strTemp)
    str_bat_v                                0x2000047c   Data          16  main.o(.bss.str_bat_v)
    str_chrg_i                               0x2000048c   Data          16  main.o(.bss.str_chrg_i)
    str_chrg_v                               0x2000049c   Data          16  main.o(.bss.str_chrg_v)
    temp                                     0x200004ac   Data           4  main.o(.bss.temp)
    uwTick                                   0x200004b0   Data           4  stm32f1xx_hal.o(.bss.uwTick)
    __heap_base                              0x200004b8   Data           0  startup_stm32f103xb.o(HEAP)
    __heap_limit                             0x200006b8   Data           0  startup_stm32f103xb.o(HEAP)
    __initial_sp                             0x20000ab8   Data           0  startup_stm32f103xb.o(STACK)



==============================================================================

Memory Map of the image

  Image Entry point : 0x080000ed

  Load Region LR_IROM1 (Base: 0x08000000, Size: 0x000088c8, Max: 0x00010000, ABSOLUTE)

    Execution Region ER_IROM1 (Exec base: 0x08000000, Load base: 0x08000000, Size: 0x000088a4, Max: 0x00010000, ABSOLUTE)

    Exec Addr    Load Addr    Size         Type   Attr      Idx    E Section Name        Object

    0x08000000   0x08000000   0x000000ec   Data   RO            3    RESET               startup_stm32f103xb.o
    0x080000ec   0x080000ec   0x00000000   Code   RO         1428  * .ARM.Collect$$$$00000000  mc_w.l(entry.o)
    0x080000ec   0x080000ec   0x00000004   Code   RO         1531    .ARM.Collect$$$$00000001  mc_w.l(entry2.o)
    0x080000f0   0x080000f0   0x00000004   Code   RO         1534    .ARM.Collect$$$$00000004  mc_w.l(entry5.o)
    0x080000f4   0x080000f4   0x00000000   Code   RO         1536    .ARM.Collect$$$$00000008  mc_w.l(entry7b.o)
    0x080000f4   0x080000f4   0x00000000   Code   RO         1538    .ARM.Collect$$$$0000000A  mc_w.l(entry8b.o)
    0x080000f4   0x080000f4   0x00000008   Code   RO         1539    .ARM.Collect$$$$0000000B  mc_w.l(entry9a.o)
    0x080000fc   0x080000fc   0x00000000   Code   RO         1541    .ARM.Collect$$$$0000000D  mc_w.l(entry10a.o)
    0x080000fc   0x080000fc   0x00000000   Code   RO         1543    .ARM.Collect$$$$0000000F  mc_w.l(entry11a.o)
    0x080000fc   0x080000fc   0x00000004   Code   RO         1532    .ARM.Collect$$$$00002712  mc_w.l(entry2.o)
    0x08000100   0x08000100   0x00000024   Code   RO            4    .text               startup_stm32f103xb.o
    0x08000124   0x08000124   0x00000024   Code   RO         1431    .text               mc_w.l(memcpya.o)
    0x08000148   0x08000148   0x00000024   Code   RO         1433    .text               mc_w.l(memseta.o)
    0x0800016c   0x0800016c   0x0000001c   Code   RO         1435    .text               mc_w.l(strcmp.o)
    0x08000188   0x08000188   0x00000014   Code   RO         1437    .text               mc_w.l(memchr.o)
    0x0800019c   0x0800019c   0x0000001a   Code   RO         1497    .text               mc_w.l(atoi.o)
    0x080001b6   0x080001b6   0x000000b0   Code   RO         1499    .text               mf_w.l(fadd.o)
    0x08000266   0x08000266   0x00000064   Code   RO         1501    .text               mf_w.l(fmul.o)
    0x080002ca   0x080002ca   0x0000007c   Code   RO         1503    .text               mf_w.l(fdiv.o)
    0x08000346   0x08000346   0x0000014e   Code   RO         1505    .text               mf_w.l(dadd.o)
    0x08000494   0x08000494   0x000000e4   Code   RO         1507    .text               mf_w.l(dmul.o)
    0x08000578   0x08000578   0x000000de   Code   RO         1509    .text               mf_w.l(ddiv.o)
    0x08000656   0x08000656   0x0000001c   Code   RO         1511    .text               mf_w.l(fcmple.o)
    0x08000672   0x08000672   0x0000001c   Code   RO         1513    .text               mf_w.l(fcmplt.o)
    0x0800068e   0x0800068e   0x0000001c   Code   RO         1515    .text               mf_w.l(fcmpge.o)
    0x080006aa   0x080006aa   0x0000001c   Code   RO         1517    .text               mf_w.l(fcmpgt.o)
    0x080006c6   0x080006c6   0x00000012   Code   RO         1519    .text               mf_w.l(fflti.o)
    0x080006d8   0x080006d8   0x0000000a   Code   RO         1521    .text               mf_w.l(ffltui.o)
    0x080006e2   0x080006e2   0x00000032   Code   RO         1523    .text               mf_w.l(ffixi.o)
    0x08000714   0x08000714   0x0000003e   Code   RO         1525    .text               mf_w.l(dfixi.o)
    0x08000752   0x08000752   0x00000026   Code   RO         1527    .text               mf_w.l(f2d.o)
    0x08000778   0x08000778   0x00000038   Code   RO         1529    .text               mf_w.l(d2f.o)
    0x080007b0   0x080007b0   0x0000002c   Code   RO         1555    .text               mc_w.l(uidiv.o)
    0x080007dc   0x080007dc   0x00000062   Code   RO         1557    .text               mc_w.l(uldiv.o)
    0x0800083e   0x0800083e   0x0000001e   Code   RO         1559    .text               mc_w.l(llshl.o)
    0x0800085c   0x0800085c   0x00000020   Code   RO         1561    .text               mc_w.l(llushr.o)
    0x0800087c   0x0800087c   0x00000024   Code   RO         1563    .text               mc_w.l(llsshr.o)
    0x080008a0   0x080008a0   0x00000070   Code   RO         1574    .text               mc_w.l(strtol.o)
    0x08000910   0x08000910   0x00000000   Code   RO         1576    .text               mc_w.l(iusefp.o)
    0x08000910   0x08000910   0x0000006e   Code   RO         1577    .text               mf_w.l(fepilogue.o)
    0x0800097e   0x0800097e   0x000000ba   Code   RO         1579    .text               mf_w.l(depilogue.o)
    0x08000a38   0x08000a38   0x00000030   Code   RO         1581    .text               mf_w.l(dfixul.o)
    0x08000a68   0x08000a68   0x00000030   Code   RO         1583    .text               mf_w.l(cdrcmple.o)
    0x08000a98   0x08000a98   0x00000030   Code   RO         1585    .text               mc_w.l(init.o)
    0x08000ac8   0x08000ac8   0x00000008   Code   RO         1587    .text               mc_w.l(ctype_o.o)
    0x08000ad0   0x08000ad0   0x0000009e   Code   RO         1615    .text               mc_w.l(_strtoul.o)
    0x08000b6e   0x08000b6e   0x0000001c   Code   RO         1617    .text               mc_w.l(_chval.o)
    0x08000b8a   0x08000b8a   0x00000002   PAD
    0x08000b8c   0x08000b8c   0x00000010   Code   RO          180    .text.ADC1_2_IRQHandler  stm32f1xx_it.o
    0x08000b9c   0x08000b9c   0x00000082   Code   RO          740    .text.ADC_ConversionStop_Disable  stm32f1xx_hal_adc.o
    0x08000c1e   0x08000c1e   0x00000002   PAD
    0x08000c20   0x08000c20   0x00000078   Code   RO          762    .text.ADC_DMAConvCplt  stm32f1xx_hal_adc.o
    0x08000c98   0x08000c98   0x0000002a   Code   RO          766    .text.ADC_DMAError  stm32f1xx_hal_adc.o
    0x08000cc2   0x08000cc2   0x00000002   PAD
    0x08000cc4   0x08000cc4   0x00000016   Code   RO          764    .text.ADC_DMAHalfConvCplt  stm32f1xx_hal_adc.o
    0x08000cda   0x08000cda   0x00000002   PAD
    0x08000cdc   0x08000cdc   0x000000bc   Code   RO          748    .text.ADC_Enable    stm32f1xx_hal_adc.o
    0x08000d98   0x08000d98   0x00000040   Code   RO          269    .text.ApplyConfig   parse_command.o
    0x08000dd8   0x08000dd8   0x00000004   Code   RO          160    .text.BusFault_Handler  stm32f1xx_it.o
    0x08000ddc   0x08000ddc   0x00000010   Code   RO          172    .text.DMA1_Channel1_IRQHandler  stm32f1xx_it.o
    0x08000dec   0x08000dec   0x00000010   Code   RO          174    .text.DMA1_Channel3_IRQHandler  stm32f1xx_it.o
    0x08000dfc   0x08000dfc   0x00000010   Code   RO          176    .text.DMA1_Channel4_IRQHandler  stm32f1xx_it.o
    0x08000e0c   0x08000e0c   0x00000010   Code   RO          178    .text.DMA1_Channel5_IRQHandler  stm32f1xx_it.o
    0x08000e1c   0x08000e1c   0x00000050   Code   RO          501    .text.DMA_SetConfig  stm32f1xx_hal_dma.o
    0x08000e6c   0x08000e6c   0x00000002   Code   RO          166    .text.DebugMon_Handler  stm32f1xx_it.o
    0x08000e6e   0x08000e6e   0x00000002   PAD
    0x08000e70   0x08000e70   0x000000ee   Code   RO           13    .text.EnvSecureOp   main.o
    0x08000f5e   0x08000f5e   0x00000002   PAD
    0x08000f60   0x08000f60   0x0000000e   Code   RO           19    .text.Error_Handler  main.o
    0x08000f6e   0x08000f6e   0x00000002   PAD
    0x08000f70   0x08000f70   0x0000002c   Code   RO          674    .text.FLASH_MassErase  stm32f1xx_hal_flash_ex.o
    0x08000f9c   0x08000f9c   0x00000038   Code   RO          676    .text.FLASH_PageErase  stm32f1xx_hal_flash_ex.o
    0x08000fd4   0x08000fd4   0x00000030   Code   RO          640    .text.FLASH_Program_HalfWord  stm32f1xx_hal_flash.o
    0x08001004   0x08001004   0x0000010e   Code   RO          646    .text.FLASH_SetErrorCode  stm32f1xx_hal_flash.o
    0x08001112   0x08001112   0x00000002   PAD
    0x08001114   0x08001114   0x00000118   Code   RO          638    .text.FLASH_WaitForLastOperation  stm32f1xx_hal_flash.o
    0x0800122c   0x0800122c   0x00000030   Code   RO          259    .text.Flash_ErasePage  parse_command.o
    0x0800125c   0x0800125c   0x00000086   Code   RO          261    .text.Flash_WriteData  parse_command.o
    0x080012e2   0x080012e2   0x00000002   PAD
    0x080012e4   0x080012e4   0x00000008   Code   RO          817    .text.HAL_ADCEx_InjectedConvCpltCallback  stm32f1xx_hal_adc_ex.o
    0x080012ec   0x080012ec   0x000001b4   Code   RO          782    .text.HAL_ADC_ConfigChannel  stm32f1xx_hal_adc.o
    0x080014a0   0x080014a0   0x00000026   Code   RO           23    .text.HAL_ADC_ConvCpltCallback  main.o
    0x080014c6   0x080014c6   0x00000002   PAD
    0x080014c8   0x080014c8   0x00000008   Code   RO          778    .text.HAL_ADC_ConvHalfCpltCallback  stm32f1xx_hal_adc.o
    0x080014d0   0x080014d0   0x00000008   Code   RO          780    .text.HAL_ADC_ErrorCallback  stm32f1xx_hal_adc.o
    0x080014d8   0x080014d8   0x0000018a   Code   RO          772    .text.HAL_ADC_IRQHandler  stm32f1xx_hal_adc.o
    0x08001662   0x08001662   0x00000002   PAD
    0x08001664   0x08001664   0x00000212   Code   RO          736    .text.HAL_ADC_Init  stm32f1xx_hal_adc.o
    0x08001876   0x08001876   0x00000002   PAD
    0x08001878   0x08001878   0x00000008   Code   RO          776    .text.HAL_ADC_LevelOutOfWindowCallback  stm32f1xx_hal_adc.o
    0x08001880   0x08001880   0x000000da   Code   RO           80    .text.HAL_ADC_MspInit  adc.o
    0x0800195a   0x0800195a   0x00000002   PAD
    0x0800195c   0x0800195c   0x00000226   Code   RO          760    .text.HAL_ADC_Start_DMA  stm32f1xx_hal_adc.o
    0x08001b82   0x08001b82   0x00000002   PAD
    0x08001b84   0x08001b84   0x0000007c   Code   RO          505    .text.HAL_DMA_Abort  stm32f1xx_hal_dma.o
    0x08001c00   0x08001c00   0x0000011c   Code   RO          507    .text.HAL_DMA_Abort_IT  stm32f1xx_hal_dma.o
    0x08001d1c   0x08001d1c   0x00000286   Code   RO          511    .text.HAL_DMA_IRQHandler  stm32f1xx_hal_dma.o
    0x08001fa2   0x08001fa2   0x00000002   PAD
    0x08001fa4   0x08001fa4   0x000000ae   Code   RO          495    .text.HAL_DMA_Init  stm32f1xx_hal_dma.o
    0x08002052   0x08002052   0x00000002   PAD
    0x08002054   0x08002054   0x000000ca   Code   RO          503    .text.HAL_DMA_Start_IT  stm32f1xx_hal_dma.o
    0x0800211e   0x0800211e   0x00000002   PAD
    0x08002120   0x08002120   0x00000042   Code   RO          378    .text.HAL_Delay     stm32f1xx_hal.o
    0x08002162   0x08002162   0x00000002   PAD
    0x08002164   0x08002164   0x0000010a   Code   RO          672    .text.HAL_FLASHEx_Erase  stm32f1xx_hal_flash_ex.o
    0x0800226e   0x0800226e   0x00000002   PAD
    0x08002270   0x08002270   0x00000014   Code   RO          654    .text.HAL_FLASH_Lock  stm32f1xx_hal_flash.o
    0x08002284   0x08002284   0x0000012c   Code   RO          636    .text.HAL_FLASH_Program  stm32f1xx_hal_flash.o
    0x080023b0   0x080023b0   0x0000005a   Code   RO          652    .text.HAL_FLASH_Unlock  stm32f1xx_hal_flash.o
    0x0800240a   0x0800240a   0x00000002   PAD
    0x0800240c   0x0800240c   0x0000031e   Code   RO          472    .text.HAL_GPIO_Init  stm32f1xx_hal_gpio.o
    0x0800272a   0x0800272a   0x00000002   PAD
    0x0800272c   0x0800272c   0x0000002e   Code   RO          476    .text.HAL_GPIO_ReadPin  stm32f1xx_hal_gpio.o
    0x0800275a   0x0800275a   0x00000002   PAD
    0x0800275c   0x0800275c   0x0000002e   Code   RO          478    .text.HAL_GPIO_WritePin  stm32f1xx_hal_gpio.o
    0x0800278a   0x0800278a   0x00000002   PAD
    0x0800278c   0x0800278c   0x0000000c   Code   RO          370    .text.HAL_GetTick   stm32f1xx_hal.o
    0x08002798   0x08002798   0x0000001a   Code   RO          368    .text.HAL_IncTick   stm32f1xx_hal.o
    0x080027b2   0x080027b2   0x00000002   PAD
    0x080027b4   0x080027b4   0x00000026   Code   RO          358    .text.HAL_Init      stm32f1xx_hal.o
    0x080027da   0x080027da   0x00000002   PAD
    0x080027dc   0x080027dc   0x00000070   Code   RO          360    .text.HAL_InitTick  stm32f1xx_hal.o
    0x0800284c   0x0800284c   0x00000064   Code   RO          195    .text.HAL_MspInit   stm32f1xx_hal_msp.o
    0x080028b0   0x080028b0   0x00000014   Code   RO          540    .text.HAL_NVIC_EnableIRQ  stm32f1xx_hal_cortex.o
    0x080028c4   0x080028c4   0x00000032   Code   RO          532    .text.HAL_NVIC_SetPriority  stm32f1xx_hal_cortex.o
    0x080028f6   0x080028f6   0x00000002   PAD
    0x080028f8   0x080028f8   0x00000010   Code   RO          528    .text.HAL_NVIC_SetPriorityGrouping  stm32f1xx_hal_cortex.o
    0x08002908   0x08002908   0x000001c8   Code   RO          457    .text.HAL_RCCEx_PeriphCLKConfig  stm32f1xx_hal_rcc_ex.o
    0x08002ad0   0x08002ad0   0x00000256   Code   RO          424    .text.HAL_RCC_ClockConfig  stm32f1xx_hal_rcc.o
    0x08002d26   0x08002d26   0x00000002   PAD
    0x08002d28   0x08002d28   0x0000000c   Code   RO          434    .text.HAL_RCC_GetHCLKFreq  stm32f1xx_hal_rcc.o
    0x08002d34   0x08002d34   0x00000022   Code   RO          436    .text.HAL_RCC_GetPCLK1Freq  stm32f1xx_hal_rcc.o
    0x08002d56   0x08002d56   0x00000002   PAD
    0x08002d58   0x08002d58   0x00000022   Code   RO          438    .text.HAL_RCC_GetPCLK2Freq  stm32f1xx_hal_rcc.o
    0x08002d7a   0x08002d7a   0x00000002   PAD
    0x08002d7c   0x08002d7c   0x000000bc   Code   RO          426    .text.HAL_RCC_GetSysClockFreq  stm32f1xx_hal_rcc.o
    0x08002e38   0x08002e38   0x0000067a   Code   RO          420    .text.HAL_RCC_OscConfig  stm32f1xx_hal_rcc.o
    0x080034b2   0x080034b2   0x00000002   PAD
    0x080034b4   0x080034b4   0x00000008   Code   RO          915    .text.HAL_SPI_ErrorCallback  stm32f1xx_hal_spi.o
    0x080034bc   0x080034bc   0x000001fc   Code   RO          911    .text.HAL_SPI_IRQHandler  stm32f1xx_hal_spi.o
    0x080036b8   0x080036b8   0x000000fa   Code   RO          831    .text.HAL_SPI_Init  stm32f1xx_hal_spi.o
    0x080037b2   0x080037b2   0x00000002   PAD
    0x080037b4   0x080037b4   0x0000013c   Code   RO          103    .text.HAL_SPI_MspInit  spi.o
    0x080038f0   0x080038f0   0x00000010   Code   RO          552    .text.HAL_SYSTICK_Config  stm32f1xx_hal_cortex.o
    0x08003900   0x08003900   0x00000008   Code   RO         1271    .text.HAL_TIMEx_BreakCallback  stm32f1xx_hal_tim_ex.o
    0x08003908   0x08003908   0x00000008   Code   RO         1267    .text.HAL_TIMEx_CommutCallback  stm32f1xx_hal_tim_ex.o
    0x08003910   0x08003910   0x000000b2   Code   RO         1263    .text.HAL_TIMEx_ConfigBreakDeadTime  stm32f1xx_hal_tim_ex.o
    0x080039c2   0x080039c2   0x00000002   PAD
    0x080039c4   0x080039c4   0x000000dc   Code   RO         1261    .text.HAL_TIMEx_MasterConfigSynchronization  stm32f1xx_hal_tim_ex.o
    0x08003aa0   0x08003aa0   0x0000009c   Code   RO          948    .text.HAL_TIM_Base_Init  stm32f1xx_hal_tim.o
    0x08003b3c   0x08003b3c   0x00000082   Code   RO          123    .text.HAL_TIM_Base_MspInit  tim.o
    0x08003bbe   0x08003bbe   0x00000002   PAD
    0x08003bc0   0x08003bc0   0x000000b0   Code   RO          962    .text.HAL_TIM_Base_Start_IT  stm32f1xx_hal_tim.o
    0x08003c70   0x08003c70   0x00000184   Code   RO         1140    .text.HAL_TIM_ConfigClockSource  stm32f1xx_hal_tim.o
    0x08003df4   0x08003df4   0x00000008   Code   RO         1084    .text.HAL_TIM_IC_CaptureCallback  stm32f1xx_hal_tim.o
    0x08003dfc   0x08003dfc   0x0000021a   Code   RO         1082    .text.HAL_TIM_IRQHandler  stm32f1xx_hal_tim.o
    0x08004016   0x08004016   0x00000002   PAD
    0x08004018   0x08004018   0x00000060   Code   RO          119    .text.HAL_TIM_MspPostInit  tim.o
    0x08004078   0x08004078   0x000000a4   Code   RO         1094    .text.HAL_TIM_OC_ConfigChannel  stm32f1xx_hal_tim.o
    0x0800411c   0x0800411c   0x00000008   Code   RO         1086    .text.HAL_TIM_OC_DelayElapsedCallback  stm32f1xx_hal_tim.o
    0x08004124   0x08004124   0x0000009c   Code   RO          976    .text.HAL_TIM_OC_Init  stm32f1xx_hal_tim.o
    0x080041c0   0x080041c0   0x00000008   Code   RO          978    .text.HAL_TIM_OC_MspInit  stm32f1xx_hal_tim.o
    0x080041c8   0x080041c8   0x00000142   Code   RO         1114    .text.HAL_TIM_PWM_ConfigChannel  stm32f1xx_hal_tim.o
    0x0800430a   0x0800430a   0x00000002   PAD
    0x0800430c   0x0800430c   0x0000009c   Code   RO         1002    .text.HAL_TIM_PWM_Init  stm32f1xx_hal_tim.o
    0x080043a8   0x080043a8   0x00000008   Code   RO         1004    .text.HAL_TIM_PWM_MspInit  stm32f1xx_hal_tim.o
    0x080043b0   0x080043b0   0x00000008   Code   RO         1088    .text.HAL_TIM_PWM_PulseFinishedCallback  stm32f1xx_hal_tim.o
    0x080043b8   0x080043b8   0x00000160   Code   RO         1010    .text.HAL_TIM_PWM_Start  stm32f1xx_hal_tim.o
    0x08004518   0x08004518   0x00000040   Code   RO           21    .text.HAL_TIM_PeriodElapsedCallback  main.o
    0x08004558   0x08004558   0x00000008   Code   RO         1092    .text.HAL_TIM_TriggerCallback  stm32f1xx_hal_tim.o
    0x08004560   0x08004560   0x000000b8   Code   RO         1338    .text.HAL_UARTEx_ReceiveToIdle_DMA  stm32f1xx_hal_uart.o
    0x08004618   0x08004618   0x00000072   Code   RO           25    .text.HAL_UARTEx_RxEventCallback  main.o
    0x0800468a   0x0800468a   0x00000002   PAD
    0x0800468c   0x0800468c   0x00000008   Code   RO         1374    .text.HAL_UART_ErrorCallback  stm32f1xx_hal_uart.o
    0x08004694   0x08004694   0x0000042a   Code   RO         1368    .text.HAL_UART_IRQHandler  stm32f1xx_hal_uart.o
    0x08004abe   0x08004abe   0x00000002   PAD
    0x08004ac0   0x08004ac0   0x0000009e   Code   RO         1284    .text.HAL_UART_Init  stm32f1xx_hal_uart.o
    0x08004b5e   0x08004b5e   0x00000002   PAD
    0x08004b60   0x08004b60   0x00000178   Code   RO          140    .text.HAL_UART_MspInit  usart.o
    0x08004cd8   0x08004cd8   0x0000013e   Code   RO         1304    .text.HAL_UART_Receive  stm32f1xx_hal_uart.o
    0x08004e16   0x08004e16   0x00000002   PAD
    0x08004e18   0x08004e18   0x00000008   Code   RO         1386    .text.HAL_UART_RxCpltCallback  stm32f1xx_hal_uart.o
    0x08004e20   0x08004e20   0x00000008   Code   RO         1388    .text.HAL_UART_RxHalfCpltCallback  stm32f1xx_hal_uart.o
    0x08004e28   0x08004e28   0x00000130   Code   RO         1300    .text.HAL_UART_Transmit  stm32f1xx_hal_uart.o
    0x08004f58   0x08004f58   0x00000008   Code   RO         1382    .text.HAL_UART_TxCpltCallback  stm32f1xx_hal_uart.o
    0x08004f60   0x08004f60   0x00000004   Code   RO          156    .text.HardFault_Handler  stm32f1xx_it.o
    0x08004f64   0x08004f64   0x00000026   Code   RO          224    .text.I2C_Delay_us  i2c_soft.o
    0x08004f8a   0x08004f8a   0x00000002   PAD
    0x08004f8c   0x08004f8c   0x0000009e   Code   RO          232    .text.I2C_ReadByte  i2c_soft.o
    0x0800502a   0x0800502a   0x00000002   PAD
    0x0800502c   0x0800502c   0x000000d8   Code   RO          250    .text.I2C_ReadDataWithReg  i2c_soft.o
    0x08005104   0x08005104   0x00000096   Code   RO          222    .text.I2C_SOFT_INIT  i2c_soft.o
    0x0800519a   0x0800519a   0x00000002   PAD
    0x0800519c   0x0800519c   0x00000050   Code   RO          236    .text.I2C_SendAck   i2c_soft.o
    0x080051ec   0x080051ec   0x0000009e   Code   RO          230    .text.I2C_SendByte  i2c_soft.o
    0x0800528a   0x0800528a   0x00000002   PAD
    0x0800528c   0x0800528c   0x00000050   Code   RO          238    .text.I2C_SendNoAck  i2c_soft.o
    0x080052dc   0x080052dc   0x00000052   Code   RO          226    .text.I2C_Start     i2c_soft.o
    0x0800532e   0x0800532e   0x00000002   PAD
    0x08005330   0x08005330   0x00000044   Code   RO          228    .text.I2C_Stop      i2c_soft.o
    0x08005374   0x08005374   0x0000005e   Code   RO          234    .text.I2C_WaitAck   i2c_soft.o
    0x080053d2   0x080053d2   0x00000002   PAD
    0x080053d4   0x080053d4   0x0000005e   Code   RO          265    .text.LoadConfigFromFlash  parse_command.o
    0x08005432   0x08005432   0x00000002   PAD
    0x08005434   0x08005434   0x000000ac   Code   RO           78    .text.MX_ADC1_Init  adc.o
    0x080054e0   0x080054e0   0x00000070   Code   RO           93    .text.MX_DMA_Init   dma.o
    0x08005550   0x08005550   0x00000102   Code   RO           70    .text.MX_GPIO_Init  gpio.o
    0x08005652   0x08005652   0x00000002   PAD
    0x08005654   0x08005654   0x0000004e   Code   RO          101    .text.MX_SPI2_Init  spi.o
    0x080056a2   0x080056a2   0x00000002   PAD
    0x080056a4   0x080056a4   0x00000122   Code   RO          117    .text.MX_TIM1_Init  tim.o
    0x080057c6   0x080057c6   0x00000002   PAD
    0x080057c8   0x080057c8   0x000000ca   Code   RO          121    .text.MX_TIM4_Init  tim.o
    0x08005892   0x08005892   0x00000002   PAD
    0x08005894   0x08005894   0x00000040   Code   RO          136    .text.MX_USART1_UART_Init  usart.o
    0x080058d4   0x080058d4   0x00000040   Code   RO          138    .text.MX_USART3_UART_Init  usart.o
    0x08005914   0x08005914   0x00000004   Code   RO          158    .text.MemManage_Handler  stm32f1xx_it.o
    0x08005918   0x08005918   0x00000216   Code   RO          282    .text.Modbus_ReadHoldingRegisters  tws_bms.o
    0x08005b2e   0x08005b2e   0x00000002   PAD
    0x08005b30   0x08005b30   0x00000004   Code   RO          154    .text.NMI_Handler   stm32f1xx_it.o
    0x08005b34   0x08005b34   0x0000006c   Code   RO          538    .text.NVIC_EncodePriority  stm32f1xx_hal_cortex.o
    0x08005ba0   0x08005ba0   0x00000002   Code   RO          168    .text.PendSV_Handler  stm32f1xx_it.o
    0x08005ba2   0x08005ba2   0x00000002   PAD
    0x08005ba4   0x08005ba4   0x0000003a   Code   RO          422    .text.RCC_Delay     stm32f1xx_hal_rcc.o
    0x08005bde   0x08005bde   0x00000002   PAD
    0x08005be0   0x08005be0   0x00000032   Code   RO          288    .text.ReadBMS_SOC   tws_bms.o
    0x08005c12   0x08005c12   0x00000002   PAD
    0x08005c14   0x08005c14   0x00000032   Code   RO          290    .text.ReadBMS_SOH   tws_bms.o
    0x08005c46   0x08005c46   0x00000002   PAD
    0x08005c48   0x08005c48   0x00000010   Code   RO          184    .text.SPI2_IRQHandler  stm32f1xx_it.o
    0x08005c58   0x08005c58   0x00000020   Code   RO          913    .text.SPI_DMAAbortOnError  stm32f1xx_hal_spi.o
    0x08005c78   0x08005c78   0x00000002   Code   RO          164    .text.SVC_Handler   stm32f1xx_it.o
    0x08005c7a   0x08005c7a   0x00000002   PAD
    0x08005c7c   0x08005c7c   0x00000022   Code   RO          263    .text.SaveConfigToFlash  parse_command.o
    0x08005c9e   0x08005c9e   0x00000002   PAD
    0x08005ca0   0x08005ca0   0x00000052   Code   RO          554    .text.SysTick_Config  stm32f1xx_hal_cortex.o
    0x08005cf2   0x08005cf2   0x00000002   PAD
    0x08005cf4   0x08005cf4   0x00000008   Code   RO          170    .text.SysTick_Handler  stm32f1xx_it.o
    0x08005cfc   0x08005cfc   0x00000090   Code   RO           17    .text.SystemClock_Config  main.o
    0x08005d8c   0x08005d8c   0x00000002   Code   RO         1415    .text.SystemInit    system_stm32f1xx.o
    0x08005d8e   0x08005d8e   0x00000002   PAD
    0x08005d90   0x08005d90   0x00000010   Code   RO          182    .text.TIM4_IRQHandler  stm32f1xx_it.o
    0x08005da0   0x08005da0   0x00000106   Code   RO          952    .text.TIM_Base_SetConfig  stm32f1xx_hal_tim.o
    0x08005ea6   0x08005ea6   0x00000002   PAD
    0x08005ea8   0x08005ea8   0x00000036   Code   RO          986    .text.TIM_CCxChannelCmd  stm32f1xx_hal_tim.o
    0x08005ede   0x08005ede   0x00000002   PAD
    0x08005ee0   0x08005ee0   0x00000034   Code   RO         1138    .text.TIM_ETR_SetConfig  stm32f1xx_hal_tim.o
    0x08005f14   0x08005f14   0x0000002a   Code   RO         1144    .text.TIM_ITRx_SetConfig  stm32f1xx_hal_tim.o
    0x08005f3e   0x08005f3e   0x00000002   PAD
    0x08005f40   0x08005f40   0x000000ce   Code   RO         1096    .text.TIM_OC1_SetConfig  stm32f1xx_hal_tim.o
    0x0800600e   0x0800600e   0x00000002   PAD
    0x08006010   0x08006010   0x000000d8   Code   RO         1098    .text.TIM_OC2_SetConfig  stm32f1xx_hal_tim.o
    0x080060e8   0x080060e8   0x000000d6   Code   RO         1100    .text.TIM_OC3_SetConfig  stm32f1xx_hal_tim.o
    0x080061be   0x080061be   0x00000002   PAD
    0x080061c0   0x080061c0   0x00000096   Code   RO         1102    .text.TIM_OC4_SetConfig  stm32f1xx_hal_tim.o
    0x08006256   0x08006256   0x00000002   PAD
    0x08006258   0x08006258   0x00000050   Code   RO         1142    .text.TIM_TI1_ConfigInputStage  stm32f1xx_hal_tim.o
    0x080062a8   0x080062a8   0x00000052   Code   RO         1146    .text.TIM_TI2_ConfigInputStage  stm32f1xx_hal_tim.o
    0x080062fa   0x080062fa   0x00000002   PAD
    0x080062fc   0x080062fc   0x00000056   Code   RO          214    .text.TMP100_GetTemperature  tmp100.o
    0x08006352   0x08006352   0x00000002   PAD
    0x08006354   0x08006354   0x00000020   Code   RO         1372    .text.UART_DMAAbortOnError  stm32f1xx_hal_uart.o
    0x08006374   0x08006374   0x0000007c   Code   RO         1318    .text.UART_DMAError  stm32f1xx_hal_uart.o
    0x080063f0   0x080063f0   0x000000f4   Code   RO         1404    .text.UART_DMAReceiveCplt  stm32f1xx_hal_uart.o
    0x080064e4   0x080064e4   0x00000034   Code   RO         1406    .text.UART_DMARxHalfCplt  stm32f1xx_hal_uart.o
    0x08006518   0x08006518   0x00000094   Code   RO         1332    .text.UART_EndRxTransfer  stm32f1xx_hal_uart.o
    0x080065ac   0x080065ac   0x00000026   Code   RO         1380    .text.UART_EndTransmit_IT  stm32f1xx_hal_uart.o
    0x080065d2   0x080065d2   0x00000002   PAD
    0x080065d4   0x080065d4   0x00000036   Code   RO         1330    .text.UART_EndTxTransfer  stm32f1xx_hal_uart.o
    0x0800660a   0x0800660a   0x00000002   PAD
    0x0800660c   0x0800660c   0x0000016a   Code   RO         1370    .text.UART_Receive_IT  stm32f1xx_hal_uart.o
    0x08006776   0x08006776   0x00000002   PAD
    0x08006778   0x08006778   0x000000ba   Code   RO         1288    .text.UART_SetConfig  stm32f1xx_hal_uart.o
    0x08006832   0x08006832   0x00000002   PAD
    0x08006834   0x08006834   0x0000010c   Code   RO         1322    .text.UART_Start_Receive_DMA  stm32f1xx_hal_uart.o
    0x08006940   0x08006940   0x00000094   Code   RO         1378    .text.UART_Transmit_IT  stm32f1xx_hal_uart.o
    0x080069d4   0x080069d4   0x000000da   Code   RO         1302    .text.UART_WaitOnFlagUntilTimeout  stm32f1xx_hal_uart.o
    0x08006aae   0x08006aae   0x00000002   PAD
    0x08006ab0   0x08006ab0   0x00000010   Code   RO          186    .text.USART3_IRQHandler  stm32f1xx_it.o
    0x08006ac0   0x08006ac0   0x00000140   Code   RO          267    .text.UpdateConfigFromCommand  parse_command.o
    0x08006c00   0x08006c00   0x00000004   Code   RO          162    .text.UsageFault_Handler  stm32f1xx_it.o
    0x08006c04   0x08006c04   0x00000030   Code   RO          542    .text.__NVIC_EnableIRQ  stm32f1xx_hal_cortex.o
    0x08006c34   0x08006c34   0x00000010   Code   RO          534    .text.__NVIC_GetPriorityGrouping  stm32f1xx_hal_cortex.o
    0x08006c44   0x08006c44   0x00000042   Code   RO          536    .text.__NVIC_SetPriority  stm32f1xx_hal_cortex.o
    0x08006c86   0x08006c86   0x00000002   PAD
    0x08006c88   0x08006c88   0x0000003c   Code   RO          530    .text.__NVIC_SetPriorityGrouping  stm32f1xx_hal_cortex.o
    0x08006cc4   0x08006cc4   0x00000022   Code   RO           11    .text.fputc         main.o
    0x08006ce6   0x08006ce6   0x00000002   PAD
    0x08006ce8   0x08006ce8   0x00000880   Code   RO           15    .text.main          main.o
    0x08007568   0x08007568   0x00000072   Code   RO          284    .text.modbus_crc16  tws_bms.o
    0x080075da   0x080075da   0x00000002   PAD
    0x080075dc   0x080075dc   0x00000420   Code   RO          271    .text.parse_command  parse_command.o
    0x080079fc   0x080079fc   0x00000020   Code   RO         1442    i.__0printf         mc_w.l(printfa.o)
    0x08007a1c   0x08007a1c   0x00000028   Code   RO         1444    i.__0sprintf        mc_w.l(printfa.o)
    0x08007a44   0x08007a44   0x00000008   Code   RO         1567    i.__aeabi_errno_addr  mc_w.l(errno.o)
    0x08007a4c   0x08007a4c   0x0000000e   Code   RO         1621    i.__scatterload_copy  mc_w.l(handlers.o)
    0x08007a5a   0x08007a5a   0x00000002   Code   RO         1622    i.__scatterload_null  mc_w.l(handlers.o)
    0x08007a5c   0x08007a5c   0x0000000e   Code   RO         1623    i.__scatterload_zeroinit  mc_w.l(handlers.o)
    0x08007a6a   0x08007a6a   0x00000002   PAD
    0x08007a6c   0x08007a6c   0x00000184   Code   RO         1449    i._fp_digits        mc_w.l(printfa.o)
    0x08007bf0   0x08007bf0   0x000006dc   Code   RO         1450    i._printf_core      mc_w.l(printfa.o)
    0x080082cc   0x080082cc   0x00000024   Code   RO         1451    i._printf_post_padding  mc_w.l(printfa.o)
    0x080082f0   0x080082f0   0x0000002e   Code   RO         1452    i._printf_pre_padding  mc_w.l(printfa.o)
    0x0800831e   0x0800831e   0x0000000a   Code   RO         1454    i._sputc            mc_w.l(printfa.o)
    0x08008328   0x08008328   0x0000006c   Code   RO         1470    i.malloc            mc_w.l(malloc.o)
    0x08008394   0x08008394   0x00000081   Data   RO         1588    .constdata          mc_w.l(ctype_o.o)
    0x08008415   0x08008415   0x00000003   PAD
    0x08008418   0x08008418   0x00000004   Data   RO         1589    .constdata          mc_w.l(ctype_o.o)
    0x0800841c   0x0800841c   0x00000010   Data   RO         1420    .rodata.AHBPrescTable  system_stm32f1xx.o
    0x0800842c   0x0800842c   0x00000008   Data   RO         1421    .rodata.APBPrescTable  system_stm32f1xx.o
    0x08008434   0x08008434   0x00000010   Data   RO          448    .rodata.HAL_RCC_GetSysClockFreq.aPLLMULFactorTable  stm32f1xx_hal_rcc.o
    0x08008444   0x08008444   0x00000002   Data   RO          449    .rodata.HAL_RCC_GetSysClockFreq.aPredivFactorTable  stm32f1xx_hal_rcc.o
    0x08008446   0x08008446   0x00000100   Data   RO          293    .rodata.modbus_crc16.aucCRCHi  tws_bms.o
    0x08008546   0x08008546   0x00000100   Data   RO          294    .rodata.modbus_crc16.aucCRCLo  tws_bms.o
    0x08008646   0x08008646   0x000000ac   Data   RO           50    .rodata.str1.1      main.o
    0x080086f2   0x080086f2   0x000000f3   Data   RO          273    .rodata.str1.1      parse_command.o
    0x080087e5   0x080087e5   0x0000009d   Data   RO          292    .rodata.str1.1      tws_bms.o
    0x08008882   0x08008882   0x00000002   PAD
    0x08008884   0x08008884   0x00000020   Data   RO         1620    Region$$Table       anon$$obj.o


    Execution Region RW_IRAM1 (Exec base: 0x20000000, Load base: 0x080088a8, Size: 0x00000ab8, Max: 0x00005000, ABSOLUTE)

    Exec Addr    Load Addr    Size         Type   Attr      Idx    E Section Name        Object

    0x20000000   0x080088a8   0x00000004   Data   RW         1545    .data               mc_w.l(stdout.o)
    0x20000004   0x080088ac   0x00000004   Data   RW         1565    .data               mc_w.l(mvars.o)
    0x20000008   0x080088b0   0x00000004   Data   RW         1566    .data               mc_w.l(mvars.o)
    0x2000000c   0x080088b4   0x00000004   Data   RW         1570    .data               mc_w.l(errno.o)
    0x20000010   0x080088b8   0x00000004   Data   RW         1419    .data.SystemCoreClock  system_stm32f1xx.o
    0x20000014   0x080088bc   0x00000001   Data   RW          409    .data.uwTickFreq    stm32f1xx_hal.o
    0x20000015   0x080088bd   0x00000003   PAD
    0x20000018   0x080088c0   0x00000004   Data   RW          408    .data.uwTickPrio    stm32f1xx_hal.o
    0x2000001c   0x080088c4   0x00000004   PAD
    0x20000020        -       0x00000001   Zero   RW           29    .bss.ADC1_IDLE      main.o
    0x20000021        -       0x00000001   Zero   RW           45    .bss.BAT_INST       main.o
    0x20000022   0x080088c4   0x00000002   PAD
    0x20000024        -       0x00000004   Zero   RW           32    .bss.BAT_V          main.o
    0x20000028        -       0x00000001   Zero   RW           51    .bss.BMS_COM_ERR    main.o
    0x20000029   0x080088c4   0x00000001   PAD
    0x2000002a        -       0x00000002   Zero   RW           37    .bss.BmsSoc         main.o
    0x2000002c        -       0x00000002   Zero   RW           38    .bss.BmsSoh         main.o
    0x2000002e   0x080088c4   0x00000002   PAD
    0x20000030        -       0x00000004   Zero   RW           30    .bss.CHRG_I         main.o
    0x20000034        -       0x00000002   Zero   RW           36    .bss.CHRG_PWR       main.o
    0x20000036   0x080088c4   0x00000002   PAD
    0x20000038        -       0x00000004   Zero   RW           31    .bss.CHRG_V         main.o
    0x2000003c        -       0x00000001   Zero   RW           46    .bss.CLEAN_EXCP     main.o
    0x2000003d        -       0x00000001   Zero   RW           48    .bss.RED_LED_FLAG   main.o
    0x2000003e        -       0x00000001   Zero   RW           59    .bss.UART1_RX_DMA_IDLE  main.o
    0x2000003f        -       0x00000001   Zero   RW           54    .bss.UART3_RX_DMA_IDLE  main.o
    0x20000040        -       0x00000006   Zero   RW           33    .bss.adc_buffer0    main.o
    0x20000046        -       0x00000001   Zero   RW           39    .bss.env_est_idx    main.o
    0x20000047   0x080088c4   0x00000001   PAD
    0x20000048        -       0x00000024   Zero   RW          274    .bss.g_config       parse_command.o
    0x2000006c        -       0x00000030   Zero   RW           84    .bss.hadc1          adc.o
    0x2000009c        -       0x00000044   Zero   RW           85    .bss.hdma_adc1      adc.o
    0x200000e0        -       0x00000044   Zero   RW          108    .bss.hdma_spi2_rx   spi.o
    0x20000124        -       0x00000044   Zero   RW          109    .bss.hdma_spi2_tx   spi.o
    0x20000168        -       0x00000044   Zero   RW          146    .bss.hdma_usart3_rx  usart.o
    0x200001ac        -       0x00000080   Zero   RW           27    .bss.hostData       main.o
    0x2000022c        -       0x00000058   Zero   RW          107    .bss.hspi2          spi.o
    0x20000284        -       0x00000048   Zero   RW          127    .bss.htim1          tim.o
    0x200002cc        -       0x00000048   Zero   RW          128    .bss.htim4          tim.o
    0x20000314        -       0x00000048   Zero   RW          144    .bss.huart1         usart.o
    0x2000035c        -       0x00000048   Zero   RW          145    .bss.huart3         usart.o
    0x200003a4        -       0x00000001   Zero   RW           47    .bss.led_blink_cnt  main.o
    0x200003a5   0x080088c4   0x00000003   PAD
    0x200003a8        -       0x00000004   Zero   RW           40    .bss.mid_bat_volt   main.o
    0x200003ac        -       0x00000004   Zero   RW           41    .bss.mid_chrg_current  main.o
    0x200003b0        -       0x00000004   Zero   RW           42    .bss.mid_chrg_volt  main.o
    0x200003b4        -       0x00000004   Zero   RW           43    .bss.mid_temp       main.o
    0x200003b8        -       0x00000004   Zero   RW           49    .bss.pEnvSecure     main.o
    0x200003bc   0x080088c4   0x00000004   PAD
    0x200003c0        -       0x00000020   Zero   RW          664    .bss.pFlash         stm32f1xx_hal_flash.o
    0x200003e0        -       0x00000080   Zero   RW           28    .bss.rs485Data      main.o
    0x20000460        -       0x00000006   Zero   RW           52    .bss.strBmsSoc      main.o
    0x20000466        -       0x00000006   Zero   RW           53    .bss.strBmsSoh      main.o
    0x2000046c        -       0x00000010   Zero   RW           58    .bss.strTemp        main.o
    0x2000047c        -       0x00000010   Zero   RW           57    .bss.str_bat_v      main.o
    0x2000048c        -       0x00000010   Zero   RW           55    .bss.str_chrg_i     main.o
    0x2000049c        -       0x00000010   Zero   RW           56    .bss.str_chrg_v     main.o
    0x200004ac        -       0x00000004   Zero   RW           44    .bss.temp           main.o
    0x200004b0        -       0x00000004   Zero   RW          410    .bss.uwTick         stm32f1xx_hal.o
    0x200004b4   0x080088c4   0x00000004   PAD
    0x200004b8        -       0x00000200   Zero   RW            2    HEAP                startup_stm32f103xb.o
    0x200006b8        -       0x00000400   Zero   RW            1    STACK               startup_stm32f103xb.o


==============================================================================

Image component sizes


      Code (inc. data)   RO Data    RW Data    ZI Data      Debug   Object Name

       390          0          0          0        116       5135   adc.o
       112          0          0          0          0       2011   dma.o
       258          0          0          0          0       1552   gpio.o
      1124          0          0          0          0       4222   i2c_soft.o
      2822          0        172          0        389      10547   main.o
      1750          0        243          0         36       4563   parse_command.o
       394          0          0          0        224       5337   spi.o
        36          8        236          0       1536        792   startup_stm32f103xb.o
       254          0          0          5          4       5567   stm32f1xx_hal.o
      2436          0          0          0          0       9406   stm32f1xx_hal_adc.o
         8          0          0          0          0       7445   stm32f1xx_hal_adc_ex.o
       482          0          0          0          0       7553   stm32f1xx_hal_cortex.o
      1510          0          0          0          0       6306   stm32f1xx_hal_dma.o
      1008          0          0          0         32       4813   stm32f1xx_hal_flash.o
       366          0          0          0          0       5840   stm32f1xx_hal_flash_ex.o
       890          0          0          0          0       4231   stm32f1xx_hal_gpio.o
       100          0          0          0          0       1205   stm32f1xx_hal_msp.o
      2582          0         18          0          0       7432   stm32f1xx_hal_rcc.o
       456          0          0          0          0       3129   stm32f1xx_hal_rcc_ex.o
       798          0          0          0          0      18938   stm32f1xx_hal_spi.o
      3814         28          0          0          0      35669   stm32f1xx_hal_tim.o
       414          0          0          0          0      15114   stm32f1xx_hal_tim_ex.o
      3936          0          0          0          0      20058   stm32f1xx_hal_uart.o
       162          0          0          0          0       1792   stm32f1xx_it.o
         2          0         24          4          0       1574   system_stm32f1xx.o
       718          0          0          0        144       7105   tim.o
        86          0          0          0          0        726   tmp100.o
       748          0        669          0          0       2816   tws_bms.o
       504          0          0          0        212       5588   usart.o

    ----------------------------------------------------------------------
     28308         36       1396         12       2716     206466   Object Totals
         0          0         32          0          0          0   (incl. Generated)
       148          0          2          3         23          0   (incl. Padding)

    ----------------------------------------------------------------------

      Code (inc. data)   RO Data    RW Data    ZI Data      Debug   Library Member Name

        28          0          0          0          0         68   _chval.o
       158          0          0          0          0         92   _strtoul.o
        26          0          0          0          0         80   atoi.o
         8          4        133          0          0         68   ctype_o.o
         0          0          0          0          0          0   entry.o
         0          0          0          0          0          0   entry10a.o
         0          0          0          0          0          0   entry11a.o
         8          4          0          0          0          0   entry2.o
         4          0          0          0          0          0   entry5.o
         0          0          0          0          0          0   entry7b.o
         0          0          0          0          0          0   entry8b.o
         8          4          0          0          0          0   entry9a.o
         8          4          0          4          0         68   errno.o
        30          0          0          0          0          0   handlers.o
        48         10          0          0          0         68   init.o
         0          0          0          0          0          0   iusefp.o
        30          0          0          0          0         68   llshl.o
        36          0          0          0          0         68   llsshr.o
        32          0          0          0          0         68   llushr.o
       108         16          0          0          0         84   malloc.o
        20          0          0          0          0         68   memchr.o
        36          0          0          0          0         68   memcpya.o
        36          0          0          0          0        108   memseta.o
         0          0          0          8          0          0   mvars.o
      2308         96          0          0          0        604   printfa.o
         0          0          0          4          0          0   stdout.o
        28          0          0          0          0         76   strcmp.o
       112          0          0          0          0         88   strtol.o
        44          0          0          0          0         80   uidiv.o
        98          0          0          0          0         92   uldiv.o
        48          0          0          0          0         68   cdrcmple.o
        56          0          0          0          0         88   d2f.o
       334          0          0          0          0        148   dadd.o
       222          0          0          0          0        100   ddiv.o
       186          0          0          0          0        176   depilogue.o
        62          0          0          0          0         80   dfixi.o
        48          0          0          0          0         68   dfixul.o
       228          0          0          0          0         96   dmul.o
        38          0          0          0          0         68   f2d.o
       176          0          0          0          0        140   fadd.o
        28          0          0          0          0         68   fcmpge.o
        28          0          0          0          0         68   fcmpgt.o
        28          0          0          0          0         68   fcmple.o
        28          0          0          0          0         68   fcmplt.o
       124          0          0          0          0         88   fdiv.o
       110          0          0          0          0        168   fepilogue.o
        50          0          0          0          0         68   ffixi.o
        18          0          0          0          0         68   fflti.o
        10          0          0          0          0         68   ffltui.o
       100          0          0          0          0         76   fmul.o

    ----------------------------------------------------------------------
      5140        138        136         16          0       3756   Library Totals
         4          0          3          0          0          0   (incl. Padding)

    ----------------------------------------------------------------------

      Code (inc. data)   RO Data    RW Data    ZI Data      Debug   Library Name

      3214        138        133         16          0       1916   mc_w.l
      1922          0          0          0          0       1840   mf_w.l

    ----------------------------------------------------------------------
      5140        138        136         16          0       3756   Library Totals

    ----------------------------------------------------------------------

==============================================================================


      Code (inc. data)   RO Data    RW Data    ZI Data      Debug   

     33448        174       1532         28       2716     207754   Grand Totals
     33448        174       1532         28       2716     207754   ELF Image Totals
     33448        174       1532         28          0          0   ROM Totals

==============================================================================

    Total RO  Size (Code + RO Data)                34980 (  34.16kB)
    Total RW  Size (RW Data + ZI Data)              2744 (   2.68kB)
    Total ROM Size (Code + RO Data + RW Data)      35008 (  34.19kB)

==============================================================================

