Component: Arm Compiler for Embedded 6.22 Tool: armlink [5ee90200]

==============================================================================

Section Cross References

    startup_stm32f103xb.o(RESET) refers to startup_stm32f103xb.o(STACK) for __initial_sp
    startup_stm32f103xb.o(RESET) refers to startup_stm32f103xb.o(.text) for Reset_Handler
    startup_stm32f103xb.o(RESET) refers to stm32f1xx_it.o(.text.NMI_Handler) for NMI_Handler
    startup_stm32f103xb.o(RESET) refers to stm32f1xx_it.o(.text.HardFault_Handler) for HardFault_Handler
    startup_stm32f103xb.o(RESET) refers to stm32f1xx_it.o(.text.MemManage_Handler) for MemManage_Handler
    startup_stm32f103xb.o(RESET) refers to stm32f1xx_it.o(.text.BusFault_Handler) for BusFault_Handler
    startup_stm32f103xb.o(RESET) refers to stm32f1xx_it.o(.text.UsageFault_Handler) for UsageFault_Handler
    startup_stm32f103xb.o(RESET) refers to stm32f1xx_it.o(.text.SVC_Handler) for SVC_Handler
    startup_stm32f103xb.o(RESET) refers to stm32f1xx_it.o(.text.DebugMon_Handler) for DebugMon_Handler
    startup_stm32f103xb.o(RESET) refers to stm32f1xx_it.o(.text.PendSV_Handler) for PendSV_Handler
    startup_stm32f103xb.o(RESET) refers to stm32f1xx_it.o(.text.SysTick_Handler) for SysTick_Handler
    startup_stm32f103xb.o(RESET) refers to stm32f1xx_it.o(.text.DMA1_Channel1_IRQHandler) for DMA1_Channel1_IRQHandler
    startup_stm32f103xb.o(RESET) refers to stm32f1xx_it.o(.text.DMA1_Channel3_IRQHandler) for DMA1_Channel3_IRQHandler
    startup_stm32f103xb.o(RESET) refers to stm32f1xx_it.o(.text.DMA1_Channel4_IRQHandler) for DMA1_Channel4_IRQHandler
    startup_stm32f103xb.o(RESET) refers to stm32f1xx_it.o(.text.DMA1_Channel5_IRQHandler) for DMA1_Channel5_IRQHandler
    startup_stm32f103xb.o(RESET) refers to stm32f1xx_it.o(.text.ADC1_2_IRQHandler) for ADC1_2_IRQHandler
    startup_stm32f103xb.o(RESET) refers to stm32f1xx_it.o(.text.TIM2_IRQHandler) for TIM2_IRQHandler
    startup_stm32f103xb.o(RESET) refers to stm32f1xx_it.o(.text.TIM4_IRQHandler) for TIM4_IRQHandler
    startup_stm32f103xb.o(RESET) refers to stm32f1xx_it.o(.text.SPI2_IRQHandler) for SPI2_IRQHandler
    startup_stm32f103xb.o(RESET) refers to stm32f1xx_it.o(.text.USART3_IRQHandler) for USART3_IRQHandler
    startup_stm32f103xb.o(.text) refers to system_stm32f1xx.o(.text.SystemInit) for SystemInit
    startup_stm32f103xb.o(.text) refers to entry.o(.ARM.Collect$$$$00000000) for __main
    main.o(.text.fputc) refers to usart.o(.bss.huart3) for huart3
    main.o(.text.fputc) refers to stm32f1xx_hal_uart.o(.text.HAL_UART_Transmit) for HAL_UART_Transmit
    main.o(.ARM.exidx.text.fputc) refers to main.o(.text.fputc) for [Anonymous Symbol]
    main.o(.text.EnvSecureOp) refers to main.o(.bss.pEnvSecure) for pEnvSecure
    main.o(.text.EnvSecureOp) refers to fcmpge.o(.text) for __aeabi_fcmpge
    main.o(.text.EnvSecureOp) refers to fcmplt.o(.text) for __aeabi_fcmplt
    main.o(.text.EnvSecureOp) refers to fcmple.o(.text) for __aeabi_fcmple
    main.o(.text.EnvSecureOp) refers to main.o(.bss.BmsSoc) for BmsSoc
    main.o(.text.EnvSecureOp) refers to main.o(.bss.BAT_INST) for BAT_INST
    main.o(.text.EnvSecureOp) refers to main.o(.bss.IR_REC) for IR_REC
    main.o(.text.EnvSecureOp) refers to parse_command.o(.bss.g_config) for g_config
    main.o(.text.EnvSecureOp) refers to parse_command.o(.text.ApplyConfig) for ApplyConfig
    main.o(.text.EnvSecureOp) refers to oled.o(.text.OLED_Clear) for OLED_Clear
    main.o(.text.EnvSecureOp) refers to main.o(.rodata.str1.1) for .L.str
    main.o(.text.EnvSecureOp) refers to oled.o(.text.OLED_ShowString) for OLED_ShowString
    main.o(.text.EnvSecureOp) refers to main.o(.bss.strBmsSoc) for strBmsSoc
    main.o(.text.EnvSecureOp) refers to main.o(.bss.CHRG_I) for CHRG_I
    main.o(.text.EnvSecureOp) refers to f2d.o(.text) for __aeabi_f2d
    main.o(.text.EnvSecureOp) refers to main.o(.bss.str_chrg_i) for str_chrg_i
    main.o(.text.EnvSecureOp) refers to printfa.o(i.__0sprintf) for sprintf
    main.o(.text.EnvSecureOp) refers to main.o(.bss.CHRG_V) for CHRG_V
    main.o(.text.EnvSecureOp) refers to main.o(.bss.str_chrg_v) for str_chrg_v
    main.o(.text.EnvSecureOp) refers to main.o(.bss.BAT_V) for BAT_V
    main.o(.text.EnvSecureOp) refers to main.o(.bss.str_bat_v) for str_bat_v
    main.o(.text.EnvSecureOp) refers to main.o(.bss.temp) for temp
    main.o(.text.EnvSecureOp) refers to main.o(.bss.strTemp) for strTemp
    main.o(.ARM.exidx.text.EnvSecureOp) refers to main.o(.text.EnvSecureOp) for [Anonymous Symbol]
    main.o(.text.main) refers to stm32f1xx_hal.o(.text.HAL_Init) for HAL_Init
    main.o(.text.main) refers to main.o(.text.SystemClock_Config) for SystemClock_Config
    main.o(.text.main) refers to gpio.o(.text.MX_GPIO_Init) for MX_GPIO_Init
    main.o(.text.main) refers to dma.o(.text.MX_DMA_Init) for MX_DMA_Init
    main.o(.text.main) refers to adc.o(.text.MX_ADC1_Init) for MX_ADC1_Init
[...]
    .L.str.2                                 0x0800b0b0   Data          11  main.o(.rodata.str1.1)
    .L.str.10                                0x0800b0b3   Data           8  main.o(.rodata.str1.1)
    .L.str.14                                0x0800b0bb   Data           9  main.o(.rodata.str1.1)
    .L.str.12                                0x0800b0c4   Data          15  main.o(.rodata.str1.1)
    .L.str.4                                 0x0800b0d3   Data          11  main.o(.rodata.str1.1)
    .L.str.3                                 0x0800b0de   Data          11  main.o(.rodata.str1.1)
    .L.str.11                                0x0800b0e1   Data           8  main.o(.rodata.str1.1)
    .L.str.5                                 0x0800b0e9   Data           9  main.o(.rodata.str1.1)
    .L.str.6                                 0x0800b0f2   Data          36  main.o(.rodata.str1.1)
    .L.str.8                                 0x0800b116   Data          10  main.o(.rodata.str1.1)
    .L.str.14                                0x0800b120   Data          14  parse_command.o(.rodata.str1.1)
    [Anonymous Symbol]                       0x0800b120   Section        0  parse_command.o(.rodata.str1.1)
    .L.str.13                                0x0800b12e   Data          14  parse_command.o(.rodata.str1.1)
    .L.str.15                                0x0800b13c   Data          13  parse_command.o(.rodata.str1.1)
    .L.str.12                                0x0800b149   Data          11  parse_command.o(.rodata.str1.1)
    .L.str.16                                0x0800b154   Data          10  parse_command.o(.rodata.str1.1)
    .L.str.10                                0x0800b15e   Data          23  parse_command.o(.rodata.str1.1)
    .L.str.17                                0x0800b175   Data          11  parse_command.o(.rodata.str1.1)
    .L.str.11                                0x0800b180   Data          13  parse_command.o(.rodata.str1.1)
    .L.str.18                                0x0800b18d   Data          12  parse_command.o(.rodata.str1.1)
    .L.str.19                                0x0800b199   Data          12  parse_command.o(.rodata.str1.1)
    .L.str.7                                 0x0800b1a1   Data           4  parse_command.o(.rodata.str1.1)
    .L.str.9                                 0x0800b1a5   Data          15  parse_command.o(.rodata.str1.1)
    .L.str.8                                 0x0800b1b4   Data          15  parse_command.o(.rodata.str1.1)
    .L.str.3                                 0x0800b1c3   Data           2  parse_command.o(.rodata.str1.1)
    .L.str.24                                0x0800b1c5   Data           7  parse_command.o(.rodata.str1.1)
    .L.str.26                                0x0800b1cc   Data           8  parse_command.o(.rodata.str1.1)
    .L.str.20                                0x0800b1d4   Data           8  parse_command.o(.rodata.str1.1)
    .L.str.6                                 0x0800b1dc   Data           5  parse_command.o(.rodata.str1.1)
    .L.str.2                                 0x0800b1e1   Data           2  parse_command.o(.rodata.str1.1)
    .L.str.27                                0x0800b1e3   Data           8  parse_command.o(.rodata.str1.1)
    .L.str                                   0x0800b1eb   Data           6  parse_command.o(.rodata.str1.1)
    .L.str.5                                 0x0800b1f1   Data           4  parse_command.o(.rodata.str1.1)
    .L.str.4                                 0x0800b1f5   Data           7  parse_command.o(.rodata.str1.1)
    .L.str.21                                0x0800b1fc   Data           8  parse_command.o(.rodata.str1.1)
    .L.str.7                                 0x0800b204   Data          10  parse_command.o(.rodata.str1.1)
    .L.str.1                                 0x0800b20e   Data           2  parse_command.o(.rodata.str1.1)
    .L.str.22                                0x0800b210   Data           9  parse_command.o(.rodata.str1.1)
    .L.str.25                                0x0800b219   Data          10  parse_command.o(.rodata.str1.1)
    .L.str.23                                0x0800b223   Data          12  parse_command.o(.rodata.str1.1)
    .L.str.9                                 0x0800b22c   Data           3  parse_command.o(.rodata.str1.1)
    .L.str.4                                 0x0800b22f   Data          38  tws_bms.o(.rodata.str1.1)
    [Anonymous Symbol]                       0x0800b22f   Section        0  tws_bms.o(.rodata.str1.1)
    .L.str.3                                 0x0800b255   Data          28  tws_bms.o(.rodata.str1.1)
    .L.str                                   0x0800b271   Data          22  tws_bms.o(.rodata.str1.1)
    .L.str.2                                 0x0800b287   Data          34  tws_bms.o(.rodata.str1.1)
    .L.str.1                                 0x0800b2a9   Data          35  tws_bms.o(.rodata.str1.1)
    .data                                    0x20000000   Section        4  stdout.o(.data)
    .data                                    0x20000004   Section        4  mvars.o(.data)
    .data                                    0x20000008   Section        4  mvars.o(.data)
    _errno                                   0x2000000c   Data           4  errno.o(.data)
    .data                                    0x2000000c   Section        4  errno.o(.data)
    keyState                                 0x20000458   Data           1  key.o(.bss.keyState)
    [Anonymous Symbol]                       0x20000458   Section        0  key.o(.bss.keyState)
    lastTick                                 0x2000045c   Data           4  key.o(.bss.lastTick)
    [Anonymous Symbol]                       0x2000045c   Section        0  key.o(.bss.lastTick)
    pressTick                                0x200004a8   Data           4  key.o(.bss.pressTick)
    [Anonymous Symbol]                       0x200004a8   Section        0  key.o(.bss.pressTick)
    HEAP                                     0x20000588   Section      512  startup_stm32f103xb.o(HEAP)
    STACK                                    0x20000788   Section     1024  startup_stm32f103xb.o(STACK)

    Global Symbols

    Symbol Name                              Value     Ov Type        Size  Object(Section)

    BuildAttributes$$THM_ISAv4$P$D$K$B$S$PE$A:L22UL41UL21$X:L11$S22US41US21$IEEE1$IW$~IW$USESV6$~STKCKD$USESV7$~SHL$OTIME$ROPI$EBA8$MICROLIB$REQ8$PRES8$EABIv2 0x00000000   Number         0  anon$$obj.o ABSOLUTE
    __cpp_initialize__aeabi_                  - Undefined Weak Reference
    __cxa_finalize                            - Undefined Weak Reference
    __decompress                              - Undefined Weak Reference
    _clock_init                               - Undefined Weak Reference
    _microlib_exit                            - Undefined Weak Reference
    __Vectors_Size                           0x000000ec   Number         0  startup_stm32f103xb.o ABSOLUTE
    __Vectors                                0x08000000   Data           4  startup_stm32f103xb.o(RESET)
    __Vectors_End                            0x080000ec   Data           0  startup_stm32f103xb.o(RESET)
    __main                                   0x080000ed   Thumb Code     0  entry.o(.ARM.Collect$$$$00000000)
    _main_stk                                0x080000ed   Thumb Code     0  entry2.o(.ARM.Collect$$$$00000001)
    _main_scatterload                        0x080000f1   Thumb Code     0  entry5.o(.ARM.Collect$$$$00000004)
    __main_after_scatterload                 0x080000f5   Thumb Code     0  entry5.o(.ARM.Collect$$$$00000004)
    _main_clock                              0x080000f5   Thumb Code     0  entry7b.o(.ARM.Collect$$$$00000008)
    _main_cpp_init                           0x080000f5   Thumb Code     0  entry8b.o(.ARM.Collect$$$$0000000A)
    _main_init                               0x080000f5   Thumb Code     0  entry9a.o(.ARM.Collect$$$$0000000B)
    __rt_final_cpp                           0x080000fd   Thumb Code     0  entry10a.o(.ARM.Collect$$$$0000000D)
    __rt_final_exit                          0x080000fd   Thumb Code     0  entry11a.o(.ARM.Collect$$$$0000000F)
    Reset_Handler                            0x08000101   Thumb Code     8  startup_stm32f103xb.o(.text)
    CAN1_RX1_IRQHandler                      0x0800011b   Thumb Code     0  startup_stm32f103xb.o(.text)
    CAN1_SCE_IRQHandler                      0x0800011b   Thumb Code     0  startup_stm32f103xb.o(.text)
    DMA1_Channel2_IRQHandler                 0x0800011b   Thumb Code     0  startup_stm32f103xb.o(.text)
    DMA1_Channel6_IRQHandler                 0x0800011b   Thumb Code     0  startup_stm32f103xb.o(.text)
    DMA1_Channel7_IRQHandler                 0x0800011b   Thumb Code     0  startup_stm32f103xb.o(.text)
    EXTI0_IRQHandler                         0x0800011b   Thumb Code     0  startup_stm32f103xb.o(.text)
    EXTI15_10_IRQHandler                     0x0800011b   Thumb Code     0  startup_stm32f103xb.o(.text)
    EXTI1_IRQHandler                         0x0800011b   Thumb Code     0  startup_stm32f103xb.o(.text)
    EXTI2_IRQHandler                         0x0800011b   Thumb Code     0  startup_stm32f103xb.o(.text)
    EXTI3_IRQHandler                         0x0800011b   Thumb Code     0  startup_stm32f103xb.o(.text)
    EXTI4_IRQHandler                         0x0800011b   Thumb Code     0  startup_stm32f103xb.o(.text)
    EXTI9_5_IRQHandler                       0x0800011b   Thumb Code     0  startup_stm32f103xb.o(.text)
    FLASH_IRQHandler                         0x0800011b   Thumb Code     0  startup_stm32f103xb.o(.text)
    I2C1_ER_IRQHandler                       0x0800011b   Thumb Code     0  startup_stm32f103xb.o(.text)
    I2C1_EV_IRQHandler                       0x0800011b   Thumb Code     0  startup_stm32f103xb.o(.text)
    I2C2_ER_IRQHandler                       0x0800011b   Thumb Code     0  startup_stm32f103xb.o(.text)
    I2C2_EV_IRQHandler                       0x0800011b   Thumb Code     0  startup_stm32f103xb.o(.text)
    PVD_IRQHandler                           0x0800011b   Thumb Code     0  startup_stm32f103xb.o(.text)
    RCC_IRQHandler                           0x0800011b   Thumb Code     0  startup_stm32f103xb.o(.text)
    RTC_Alarm_IRQHandler                     0x0800011b   Thumb Code     0  startup_stm32f103xb.o(.text)
    RTC_IRQHandler                           0x0800011b   Thumb Code     0  startup_stm32f103xb.o(.text)
    SPI1_IRQHandler                          0x0800011b   Thumb Code     0  startup_stm32f103xb.o(.text)
    TAMPER_IRQHandler                        0x0800011b   Thumb Code     0  startup_stm32f103xb.o(.text)
    TIM1_BRK_IRQHandler                      0x0800011b   Thumb Code     0  startup_stm32f103xb.o(.text)
    TIM1_CC_IRQHandler                       0x0800011b   Thumb Code     0  startup_stm32f103xb.o(.text)
    TIM1_TRG_COM_IRQHandler                  0x0800011b   Thumb Code     0  startup_stm32f103xb.o(.text)
    TIM1_UP_IRQHandler                       0x0800011b   Thumb Code     0  startup_stm32f103xb.o(.text)
    TIM3_IRQHandler                          0x0800011b   Thumb Code     0  startup_stm32f103xb.o(.text)
    USART1_IRQHandler                        0x0800011b   Thumb Code     0  startup_stm32f103xb.o(.text)
    USART2_IRQHandler                        0x0800011b   Thumb Code     0  startup_stm32f103xb.o(.text)
    USBWakeUp_IRQHandler                     0x0800011b   Thumb Code     0  startup_stm32f103xb.o(.text)
    USB_HP_CAN1_TX_IRQHandler                0x0800011b   Thumb Code     0  startup_stm32f103xb.o(.text)
    USB_LP_CAN1_RX0_IRQHandler               0x0800011b   Thumb Code     0  startup_stm32f103xb.o(.text)
    WWDG_IRQHandler                          0x0800011b   Thumb Code     0  startup_stm32f103xb.o(.text)
    __aeabi_memcpy                           0x08000125   Thumb Code    36  memcpya.o(.text)
    __aeabi_memcpy4                          0x08000125   Thumb Code     0  memcpya.o(.text)
    __aeabi_memcpy8                          0x08000125   Thumb Code     0  memcpya.o(.text)
    __aeabi_memset                           0x08000149   Thumb Code    14  memseta.o(.text)
    __aeabi_memset4                          0x08000149   Thumb Code     0  memseta.o(.text)
    __aeabi_memset8                          0x08000149   Thumb Code     0  memseta.o(.text)
    __aeabi_memclr                           0x08000157   Thumb Code     4  memseta.o(.text)
    __aeabi_memclr4                          0x08000157   Thumb Code     0  memseta.o(.text)
    __aeabi_memclr8                          0x08000157   Thumb Code     0  memseta.o(.text)
    _memset$wrapper                          0x0800015b   Thumb Code    18  memseta.o(.text)
    strcmp                                   0x0800016d   Thumb Code    28  strcmp.o(.text)
    memchr                                   0x08000189   Thumb Code    20  memchr.o(.text)
    atoi                                     0x0800019d   Thumb Code    26  atoi.o(.text)
    __aeabi_fadd                             0x080001b7   Thumb Code   164  fadd.o(.text)
    __aeabi_fsub                             0x0800025b   Thumb Code     6  fadd.o(.text)
    __aeabi_frsub                            0x08000261   Thumb Code     6  fadd.o(.text)
    __aeabi_fmul                             0x08000267   Thumb Code   100  fmul.o(.text)
    __aeabi_fdiv                             0x080002cb   Thumb Code   124  fdiv.o(.text)
    __aeabi_dadd                             0x08000347   Thumb Code   322  dadd.o(.text)
    __aeabi_dsub                             0x08000489   Thumb Code     6  dadd.o(.text)
    __aeabi_drsub                            0x0800048f   Thumb Code     6  dadd.o(.text)
    __aeabi_dmul                             0x08000495   Thumb Code   228  dmul.o(.text)
    __aeabi_ddiv                             0x08000579   Thumb Code   222  ddiv.o(.text)
    __aeabi_fcmple                           0x08000657   Thumb Code    28  fcmple.o(.text)
    __aeabi_fcmplt                           0x08000673   Thumb Code    28  fcmplt.o(.text)
    __aeabi_fcmpge                           0x0800068f   Thumb Code    28  fcmpge.o(.text)
    __aeabi_fcmpgt                           0x080006ab   Thumb Code    28  fcmpgt.o(.text)
    __aeabi_i2f                              0x080006c7   Thumb Code    18  fflti.o(.text)
    __aeabi_ui2f                             0x080006d9   Thumb Code    10  ffltui.o(.text)
    __aeabi_f2iz                             0x080006e3   Thumb Code    50  ffixi.o(.text)
    __aeabi_d2iz                             0x08000715   Thumb Code    62  dfixi.o(.text)
    __aeabi_f2d                              0x08000753   Thumb Code    38  f2d.o(.text)
    __aeabi_d2f                              0x08000779   Thumb Code    56  d2f.o(.text)
    __aeabi_uidiv                            0x080007b1   Thumb Code     0  uidiv.o(.text)
    __aeabi_uidivmod                         0x080007b1   Thumb Code    44  uidiv.o(.text)
    __aeabi_uldivmod                         0x080007dd   Thumb Code    98  uldiv.o(.text)
    __aeabi_llsl                             0x0800083f   Thumb Code    30  llshl.o(.text)
    _ll_shift_l                              0x0800083f   Thumb Code     0  llshl.o(.text)
    __aeabi_llsr                             0x0800085d   Thumb Code    32  llushr.o(.text)
    _ll_ushift_r                             0x0800085d   Thumb Code     0  llushr.o(.text)
    __aeabi_lasr                             0x0800087d   Thumb Code    36  llsshr.o(.text)
    _ll_sshift_r                             0x0800087d   Thumb Code     0  llsshr.o(.text)
    strtol                                   0x080008a1   Thumb Code   112  strtol.o(.text)
    __I$use$fp                               0x08000911   Thumb Code     0  iusefp.o(.text)
    _float_round                             0x08000911   Thumb Code    18  fepilogue.o(.text)
    _float_epilogue                          0x08000923   Thumb Code    92  fepilogue.o(.text)
    _double_round                            0x0800097f   Thumb Code    30  depilogue.o(.text)
    _double_epilogue                         0x0800099d   Thumb Code   156  depilogue.o(.text)
    __aeabi_d2ulz                            0x08000a39   Thumb Code    48  dfixul.o(.text)
    __aeabi_cdrcmple                         0x08000a69   Thumb Code    48  cdrcmple.o(.text)
    __scatterload                            0x08000a99   Thumb Code    38  init.o(.text)
    __scatterload_rt2                        0x08000a99   Thumb Code     0  init.o(.text)
    __rt_ctype_table                         0x08000ac9   Thumb Code     4  ctype_o.o(.text)
    _strtoul                                 0x08000ad1   Thumb Code   158  _strtoul.o(.text)
    _chval                                   0x08000b6f   Thumb Code    28  _chval.o(.text)
    ADC1_2_IRQHandler                        0x08000b8d   Thumb Code    16  stm32f1xx_it.o(.text.ADC1_2_IRQHandler)
    ADC_ConversionStop_Disable               0x08000b9d   Thumb Code   130  stm32f1xx_hal_adc.o(.text.ADC_ConversionStop_Disable)
    ADC_DMAConvCplt                          0x08000c21   Thumb Code   120  stm32f1xx_hal_adc.o(.text.ADC_DMAConvCplt)
    ADC_DMAError                             0x08000c99   Thumb Code    42  stm32f1xx_hal_adc.o(.text.ADC_DMAError)
    ADC_DMAHalfConvCplt                      0x08000cc5   Thumb Code    22  stm32f1xx_hal_adc.o(.text.ADC_DMAHalfConvCplt)
    ADC_Enable                               0x08000cdd   Thumb Code   188  stm32f1xx_hal_adc.o(.text.ADC_Enable)
    ApplyConfig                              0x08000d99   Thumb Code   150  parse_command.o(.text.ApplyConfig)
    BusFault_Handler                         0x08000e31   Thumb Code     4  stm32f1xx_it.o(.text.BusFault_Handler)
    CH224_ReadAVS                            0x08000e35   Thumb Code    86  ch224.o(.text.CH224_ReadAVS)
    CH224_ReadCurrent                        0x08000e8d   Thumb Code    46  ch224.o(.text.CH224_ReadCurrent)
    CH224_ReadStatus                         0x08000ebd   Thumb Code   200  ch224.o(.text.CH224_ReadStatus)
    DMA1_Channel1_IRQHandler                 0x08000f85   Thumb Code    16  stm32f1xx_it.o(.text.DMA1_Channel1_IRQHandler)
    DMA1_Channel3_IRQHandler                 0x08000f95   Thumb Code    16  stm32f1xx_it.o(.text.DMA1_Channel3_IRQHandler)
    DMA1_Channel4_IRQHandler                 0x08000fa5   Thumb Code    16  stm32f1xx_it.o(.text.DMA1_Channel4_IRQHandler)
    DMA1_Channel5_IRQHandler                 0x08000fb5   Thumb Code    16  stm32f1xx_it.o(.text.DMA1_Channel5_IRQHandler)
    DebugMon_Handler                         0x08001015   Thumb Code     2  stm32f1xx_it.o(.text.DebugMon_Handler)
    EnvSecureOp                              0x08001019   Thumb Code   562  main.o(.text.EnvSecureOp)
    Error_Handler                            0x0800124d   Thumb Code    14  main.o(.text.Error_Handler)
    FLASH_PageErase                          0x08001289   Thumb Code    56  stm32f1xx_hal_flash_ex.o(.text.FLASH_PageErase)
    FLASH_WaitForLastOperation               0x08001401   Thumb Code   280  stm32f1xx_hal_flash.o(.text.FLASH_WaitForLastOperation)
    Flash_ErasePage                          0x08001519   Thumb Code    48  parse_command.o(.text.Flash_ErasePage)
    Flash_WriteData                          0x08001549   Thumb Code   134  parse_command.o(.text.Flash_WriteData)
    HAL_ADCEx_InjectedConvCpltCallback       0x080015d1   Thumb Code     8  stm32f1xx_hal_adc_ex.o(.text.HAL_ADCEx_InjectedConvCpltCallback)
    HAL_ADC_ConfigChannel                    0x080015d9   Thumb Code   436  stm32f1xx_hal_adc.o(.text.HAL_ADC_ConfigChannel)
    HAL_ADC_ConvCpltCallback                 0x0800178d   Thumb Code    38  main.o(.text.HAL_ADC_ConvCpltCallback)
    HAL_ADC_ConvHalfCpltCallback             0x080017b5   Thumb Code     8  stm32f1xx_hal_adc.o(.text.HAL_ADC_ConvHalfCpltCallback)
    HAL_ADC_ErrorCallback                    0x080017bd   Thumb Code     8  stm32f1xx_hal_adc.o(.text.HAL_ADC_ErrorCallback)
    HAL_ADC_IRQHandler                       0x080017c5   Thumb Code   394  stm32f1xx_hal_adc.o(.text.HAL_ADC_IRQHandler)
    HAL_ADC_Init                             0x08001951   Thumb Code   530  stm32f1xx_hal_adc.o(.text.HAL_ADC_Init)
    HAL_ADC_LevelOutOfWindowCallback         0x08001b65   Thumb Code     8  stm32f1xx_hal_adc.o(.text.HAL_ADC_LevelOutOfWindowCallback)
    HAL_ADC_MspInit                          0x08001b6d   Thumb Code   218  adc.o(.text.HAL_ADC_MspInit)
    HAL_ADC_Start_DMA                        0x08001c49   Thumb Code   550  stm32f1xx_hal_adc.o(.text.HAL_ADC_Start_DMA)
    HAL_DMA_Abort                            0x08001e71   Thumb Code   124  stm32f1xx_hal_dma.o(.text.HAL_DMA_Abort)
    HAL_DMA_Abort_IT                         0x08001eed   Thumb Code   284  stm32f1xx_hal_dma.o(.text.HAL_DMA_Abort_IT)
    HAL_DMA_IRQHandler                       0x08002009   Thumb Code   646  stm32f1xx_hal_dma.o(.text.HAL_DMA_IRQHandler)
    HAL_DMA_Init                             0x08002291   Thumb Code   174  stm32f1xx_hal_dma.o(.text.HAL_DMA_Init)
    HAL_DMA_Start_IT                         0x08002341   Thumb Code   202  stm32f1xx_hal_dma.o(.text.HAL_DMA_Start_IT)
    HAL_Delay                                0x0800240d   Thumb Code    66  stm32f1xx_hal.o(.text.HAL_Delay)
    HAL_FLASHEx_Erase                        0x08002451   Thumb Code   266  stm32f1xx_hal_flash_ex.o(.text.HAL_FLASHEx_Erase)
    HAL_FLASH_Lock                           0x0800255d   Thumb Code    20  stm32f1xx_hal_flash.o(.text.HAL_FLASH_Lock)
    HAL_FLASH_Program                        0x08002571   Thumb Code   300  stm32f1xx_hal_flash.o(.text.HAL_FLASH_Program)
    HAL_FLASH_Unlock                         0x0800269d   Thumb Code    90  stm32f1xx_hal_flash.o(.text.HAL_FLASH_Unlock)
    HAL_GPIO_Init                            0x080026f9   Thumb Code   798  stm32f1xx_hal_gpio.o(.text.HAL_GPIO_Init)
    HAL_GPIO_ReadPin                         0x08002a19   Thumb Code    46  stm32f1xx_hal_gpio.o(.text.HAL_GPIO_ReadPin)
    HAL_GPIO_WritePin                        0x08002a49   Thumb Code    46  stm32f1xx_hal_gpio.o(.text.HAL_GPIO_WritePin)
    HAL_GetTick                              0x08002a79   Thumb Code    12  stm32f1xx_hal.o(.text.HAL_GetTick)
    HAL_IncTick                              0x08002a85   Thumb Code    26  stm32f1xx_hal.o(.text.HAL_IncTick)
    HAL_Init                                 0x08002aa1   Thumb Code    38  stm32f1xx_hal.o(.text.HAL_Init)
    HAL_InitTick                             0x08002ac9   Thumb Code   112  stm32f1xx_hal.o(.text.HAL_InitTick)
    HAL_MspInit                              0x08002b39   Thumb Code   100  stm32f1xx_hal_msp.o(.text.HAL_MspInit)
    HAL_NVIC_EnableIRQ                       0x08002b9d   Thumb Code    20  stm32f1xx_hal_cortex.o(.text.HAL_NVIC_EnableIRQ)
    HAL_NVIC_SetPriority                     0x08002bb1   Thumb Code    50  stm32f1xx_hal_cortex.o(.text.HAL_NVIC_SetPriority)
    HAL_NVIC_SetPriorityGrouping             0x08002be5   Thumb Code    16  stm32f1xx_hal_cortex.o(.text.HAL_NVIC_SetPriorityGrouping)
    HAL_RCCEx_PeriphCLKConfig                0x08002bf5   Thumb Code   456  stm32f1xx_hal_rcc_ex.o(.text.HAL_RCCEx_PeriphCLKConfig)
    HAL_RCC_ClockConfig                      0x08002dbd   Thumb Code   598  stm32f1xx_hal_rcc.o(.text.HAL_RCC_ClockConfig)
    HAL_RCC_GetHCLKFreq                      0x08003015   Thumb Code    12  stm32f1xx_hal_rcc.o(.text.HAL_RCC_GetHCLKFreq)
    HAL_RCC_GetPCLK1Freq                     0x08003021   Thumb Code    34  stm32f1xx_hal_rcc.o(.text.HAL_RCC_GetPCLK1Freq)
    HAL_RCC_GetPCLK2Freq                     0x08003045   Thumb Code    34  stm32f1xx_hal_rcc.o(.text.HAL_RCC_GetPCLK2Freq)
    HAL_RCC_GetSysClockFreq                  0x08003069   Thumb Code   188  stm32f1xx_hal_rcc.o(.text.HAL_RCC_GetSysClockFreq)
    HAL_RCC_OscConfig                        0x08003125   Thumb Code  1658  stm32f1xx_hal_rcc.o(.text.HAL_RCC_OscConfig)
    HAL_SPI_ErrorCallback                    0x080037a1   Thumb Code     8  stm32f1xx_hal_spi.o(.text.HAL_SPI_ErrorCallback)
    HAL_SPI_IRQHandler                       0x080037a9   Thumb Code   508  stm32f1xx_hal_spi.o(.text.HAL_SPI_IRQHandler)
    HAL_SPI_Init                             0x080039a5   Thumb Code   250  stm32f1xx_hal_spi.o(.text.HAL_SPI_Init)
    HAL_SPI_MspInit                          0x08003aa1   Thumb Code   316  spi.o(.text.HAL_SPI_MspInit)
    HAL_SYSTICK_Config                       0x08003bdd   Thumb Code    16  stm32f1xx_hal_cortex.o(.text.HAL_SYSTICK_Config)
    HAL_TIMEx_BreakCallback                  0x08003bed   Thumb Code     8  stm32f1xx_hal_tim_ex.o(.text.HAL_TIMEx_BreakCallback)
    HAL_TIMEx_CommutCallback                 0x08003bf5   Thumb Code     8  stm32f1xx_hal_tim_ex.o(.text.HAL_TIMEx_CommutCallback)
    HAL_TIMEx_ConfigBreakDeadTime            0x08003bfd   Thumb Code   178  stm32f1xx_hal_tim_ex.o(.text.HAL_TIMEx_ConfigBreakDeadTime)
    HAL_TIMEx_MasterConfigSynchronization    0x08003cb1   Thumb Code   220  stm32f1xx_hal_tim_ex.o(.text.HAL_TIMEx_MasterConfigSynchronization)
    HAL_TIM_Base_Init                        0x08003d8d   Thumb Code   156  stm32f1xx_hal_tim.o(.text.HAL_TIM_Base_Init)
    HAL_TIM_Base_MspInit                     0x08003e29   Thumb Code   182  tim.o(.text.HAL_TIM_Base_MspInit)
    HAL_TIM_Base_Start_IT                    0x08003ee1   Thumb Code   176  stm32f1xx_hal_tim.o(.text.HAL_TIM_Base_Start_IT)
    HAL_TIM_ConfigClockSource                0x08003f91   Thumb Code   388  stm32f1xx_hal_tim.o(.text.HAL_TIM_ConfigClockSource)
    HAL_TIM_IC_CaptureCallback               0x08004115   Thumb Code     8  stm32f1xx_hal_tim.o(.text.HAL_TIM_IC_CaptureCallback)
    HAL_TIM_IRQHandler                       0x0800411d   Thumb Code   538  stm32f1xx_hal_tim.o(.text.HAL_TIM_IRQHandler)
    HAL_TIM_MspPostInit                      0x08004339   Thumb Code   300  tim.o(.text.HAL_TIM_MspPostInit)
    HAL_TIM_OC_ConfigChannel                 0x08004465   Thumb Code   164  stm32f1xx_hal_tim.o(.text.HAL_TIM_OC_ConfigChannel)
    HAL_TIM_OC_DelayElapsedCallback          0x08004509   Thumb Code     8  stm32f1xx_hal_tim.o(.text.HAL_TIM_OC_DelayElapsedCallback)
    HAL_TIM_OC_Init                          0x08004511   Thumb Code   156  stm32f1xx_hal_tim.o(.text.HAL_TIM_OC_Init)
    HAL_TIM_OC_MspInit                       0x080045ad   Thumb Code     8  stm32f1xx_hal_tim.o(.text.HAL_TIM_OC_MspInit)
    HAL_TIM_PWM_ConfigChannel                0x080045b5   Thumb Code   322  stm32f1xx_hal_tim.o(.text.HAL_TIM_PWM_ConfigChannel)
    HAL_TIM_PWM_Init                         0x080046f9   Thumb Code   156  stm32f1xx_hal_tim.o(.text.HAL_TIM_PWM_Init)
    HAL_TIM_PWM_MspInit                      0x08004795   Thumb Code    72  tim.o(.text.HAL_TIM_PWM_MspInit)
    HAL_TIM_PWM_PulseFinishedCallback        0x080047dd   Thumb Code     8  stm32f1xx_hal_tim.o(.text.HAL_TIM_PWM_PulseFinishedCallback)
    HAL_TIM_PWM_Start                        0x080047e5   Thumb Code   352  stm32f1xx_hal_tim.o(.text.HAL_TIM_PWM_Start)
    HAL_TIM_PeriodElapsedCallback            0x08004945   Thumb Code   232  main.o(.text.HAL_TIM_PeriodElapsedCallback)
    HAL_TIM_TriggerCallback                  0x08004a2d   Thumb Code     8  stm32f1xx_hal_tim.o(.text.HAL_TIM_TriggerCallback)
    HAL_UARTEx_ReceiveToIdle_DMA             0x08004a35   Thumb Code   184  stm32f1xx_hal_uart.o(.text.HAL_UARTEx_ReceiveToIdle_DMA)
    HAL_UARTEx_RxEventCallback               0x08004aed   Thumb Code   114  main.o(.text.HAL_UARTEx_RxEventCallback)
    HAL_UART_ErrorCallback                   0x08004b61   Thumb Code     8  stm32f1xx_hal_uart.o(.text.HAL_UART_ErrorCallback)
    HAL_UART_IRQHandler                      0x08004b69   Thumb Code  1066  stm32f1xx_hal_uart.o(.text.HAL_UART_IRQHandler)
    HAL_UART_Init                            0x08004f95   Thumb Code   158  stm32f1xx_hal_uart.o(.text.HAL_UART_Init)
    HAL_UART_MspInit                         0x08005035   Thumb Code   376  usart.o(.text.HAL_UART_MspInit)
    HAL_UART_Receive                         0x080051ad   Thumb Code   318  stm32f1xx_hal_uart.o(.text.HAL_UART_Receive)
    HAL_UART_RxCpltCallback                  0x080052ed   Thumb Code     8  stm32f1xx_hal_uart.o(.text.HAL_UART_RxCpltCallback)
    HAL_UART_RxHalfCpltCallback              0x080052f5   Thumb Code     8  stm32f1xx_hal_uart.o(.text.HAL_UART_RxHalfCpltCallback)
    HAL_UART_Transmit                        0x080052fd   Thumb Code   304  stm32f1xx_hal_uart.o(.text.HAL_UART_Transmit)
    HAL_UART_TxCpltCallback                  0x0800542d   Thumb Code     8  stm32f1xx_hal_uart.o(.text.HAL_UART_TxCpltCallback)
    HardFault_Handler                        0x08005435   Thumb Code     4  stm32f1xx_it.o(.text.HardFault_Handler)
    I2C_Delay_us                             0x08005439   Thumb Code    38  i2c_soft.o(.text.I2C_Delay_us)
    I2C_ReadByte                             0x08005461   Thumb Code   158  i2c_soft.o(.text.I2C_ReadByte)
    I2C_ReadDataWithReg                      0x08005501   Thumb Code   216  i2c_soft.o(.text.I2C_ReadDataWithReg)
    I2C_ReadReg                              0x080055d9   Thumb Code   148  i2c_soft.o(.text.I2C_ReadReg)
    I2C_SOFT_INIT                            0x0800566d   Thumb Code   230  i2c_soft.o(.text.I2C_SOFT_INIT)
    I2C_SendAck                              0x08005755   Thumb Code    80  i2c_soft.o(.text.I2C_SendAck)
    I2C_SendByte                             0x080057a5   Thumb Code   158  i2c_soft.o(.text.I2C_SendByte)
    I2C_SendNoAck                            0x08005845   Thumb Code    80  i2c_soft.o(.text.I2C_SendNoAck)
    I2C_Start                                0x08005895   Thumb Code    82  i2c_soft.o(.text.I2C_Start)
    I2C_Stop                                 0x080058e9   Thumb Code    68  i2c_soft.o(.text.I2C_Stop)
    I2C_WaitAck                              0x0800592d   Thumb Code    94  i2c_soft.o(.text.I2C_WaitAck)
    KEY_Scan                                 0x0800598d   Thumb Code   610  key.o(.text.KEY_Scan)
    LCD_DispRefresh                          0x08005bf1   Thumb Code  1800  main.o(.text.LCD_DispRefresh)
    LoadConfigFromFlash                      0x080062f9   Thumb Code    94  parse_command.o(.text.LoadConfigFromFlash)
    MX_ADC1_Init                             0x08006359   Thumb Code   172  adc.o(.text.MX_ADC1_Init)
    MX_DMA_Init                              0x08006405   Thumb Code   112  dma.o(.text.MX_DMA_Init)
    MX_GPIO_Init                             0x08006475   Thumb Code   274  gpio.o(.text.MX_GPIO_Init)
    MX_SPI2_Init                             0x08006589   Thumb Code    78  spi.o(.text.MX_SPI2_Init)
    MX_TIM1_Init                             0x080065d9   Thumb Code   290  tim.o(.text.MX_TIM1_Init)
    MX_TIM2_Init                             0x080066fd   Thumb Code   152  tim.o(.text.MX_TIM2_Init)
    MX_TIM3_Init                             0x08006795   Thumb Code   268  tim.o(.text.MX_TIM3_Init)
    MX_TIM4_Init                             0x080068a1   Thumb Code   228  tim.o(.text.MX_TIM4_Init)
    MX_USART1_UART_Init                      0x08006985   Thumb Code    64  usart.o(.text.MX_USART1_UART_Init)
    MX_USART3_UART_Init                      0x080069c5   Thumb Code    64  usart.o(.text.MX_USART3_UART_Init)
    MemManage_Handler                        0x08006a05   Thumb Code     4  stm32f1xx_it.o(.text.MemManage_Handler)
    Modbus_ReadHoldingRegisters              0x08006a09   Thumb Code   534  tws_bms.o(.text.Modbus_ReadHoldingRegisters)
    NMI_Handler                              0x08006c21   Thumb Code     4  stm32f1xx_it.o(.text.NMI_Handler)
    OLED_Clear                               0x08006c91   Thumb Code   102  oled.o(.text.OLED_Clear)
    OLED_DrawBMP                             0x08006cf9   Thumb Code   172  oled.o(.text.OLED_DrawBMP)
    OLED_I2C_Delay_us                        0x08006da5   Thumb Code    36  i2c_soft.o(.text.OLED_I2C_Delay_us)
    OLED_I2C_SendByte                        0x08006dc9   Thumb Code   150  i2c_soft.o(.text.OLED_I2C_SendByte)
    OLED_I2C_Start                           0x08006e61   Thumb Code    78  i2c_soft.o(.text.OLED_I2C_Start)
    OLED_I2C_Stop                            0x08006eb1   Thumb Code    64  i2c_soft.o(.text.OLED_I2C_Stop)
    OLED_I2C_WaitAck                         0x08006ef1   Thumb Code    88  i2c_soft.o(.text.OLED_I2C_WaitAck)
    OLED_Init                                0x08006f49   Thumb Code   206  oled.o(.text.OLED_Init)
    OLED_SetDirection                        0x08007019   Thumb Code    48  oled.o(.text.OLED_SetDirection)
    OLED_SetPos                              0x08007049   Thumb Code    58  oled.o(.text.OLED_SetPos)
    OLED_ShowChar                            0x08007085   Thumb Code   296  oled.o(.text.OLED_ShowChar)
    OLED_ShowString                          0x080071ad   Thumb Code    96  oled.o(.text.OLED_ShowString)
    OLED_WriteCmd                            0x0800720d   Thumb Code    52  oled.o(.text.OLED_WriteCmd)
    PendSV_Handler                           0x08007275   Thumb Code     2  stm32f1xx_it.o(.text.PendSV_Handler)
    ReadBMS_SOC                              0x080072b5   Thumb Code    50  tws_bms.o(.text.ReadBMS_SOC)
    ReadBMS_SOH                              0x080072e9   Thumb Code    50  tws_bms.o(.text.ReadBMS_SOH)
    SPI2_IRQHandler                          0x0800731d   Thumb Code    16  stm32f1xx_it.o(.text.SPI2_IRQHandler)
    SVC_Handler                              0x0800734d   Thumb Code     2  stm32f1xx_it.o(.text.SVC_Handler)
    SaveConfigToFlash                        0x08007351   Thumb Code    34  parse_command.o(.text.SaveConfigToFlash)
    SysTick_Handler                          0x080073c9   Thumb Code     8  stm32f1xx_it.o(.text.SysTick_Handler)
    SystemClock_Config                       0x080073d1   Thumb Code   144  main.o(.text.SystemClock_Config)
    SystemInit                               0x08007461   Thumb Code     2  system_stm32f1xx.o(.text.SystemInit)
    TIM2_IRQHandler                          0x08007465   Thumb Code    16  stm32f1xx_it.o(.text.TIM2_IRQHandler)
    TIM4_IRQHandler                          0x08007475   Thumb Code    16  stm32f1xx_it.o(.text.TIM4_IRQHandler)
    TIM_Base_SetConfig                       0x08007485   Thumb Code   262  stm32f1xx_hal_tim.o(.text.TIM_Base_SetConfig)
    TIM_CCxChannelCmd                        0x0800758d   Thumb Code    54  stm32f1xx_hal_tim.o(.text.TIM_CCxChannelCmd)
    TIM_ETR_SetConfig                        0x080075c5   Thumb Code    52  stm32f1xx_hal_tim.o(.text.TIM_ETR_SetConfig)
    TIM_OC2_SetConfig                        0x080076f5   Thumb Code   216  stm32f1xx_hal_tim.o(.text.TIM_OC2_SetConfig)
    TMP100_GetTemperature                    0x080079e1   Thumb Code    86  tmp100.o(.text.TMP100_GetTemperature)
    UART_Start_Receive_DMA                   0x08007f19   Thumb Code   268  stm32f1xx_hal_uart.o(.text.UART_Start_Receive_DMA)
    USART3_IRQHandler                        0x08008195   Thumb Code    16  stm32f1xx_it.o(.text.USART3_IRQHandler)
    UpdateConfigFromCommand                  0x080081a5   Thumb Code   320  parse_command.o(.text.UpdateConfigFromCommand)
    UsageFault_Handler                       0x080082e5   Thumb Code     4  stm32f1xx_it.o(.text.UsageFault_Handler)
    fputc                                    0x080083a9   Thumb Code    34  main.o(.text.fputc)
    main                                     0x080083cd   Thumb Code  2496  main.o(.text.main)
    modbus_crc16                             0x08008d8d   Thumb Code   114  tws_bms.o(.text.modbus_crc16)
    parse_command                            0x08008e01   Thumb Code  1122  parse_command.o(.text.parse_command)
    __0printf                                0x08009265   Thumb Code    22  printfa.o(i.__0printf)
    __1printf                                0x08009265   Thumb Code     0  printfa.o(i.__0printf)
    __2printf                                0x08009265   Thumb Code     0  printfa.o(i.__0printf)
    __c89printf                              0x08009265   Thumb Code     0  printfa.o(i.__0printf)
    printf                                   0x08009265   Thumb Code     0  printfa.o(i.__0printf)
    __0sprintf                               0x08009285   Thumb Code    34  printfa.o(i.__0sprintf)
    __1sprintf                               0x08009285   Thumb Code     0  printfa.o(i.__0sprintf)
    __2sprintf                               0x08009285   Thumb Code     0  printfa.o(i.__0sprintf)
    __c89sprintf                             0x08009285   Thumb Code     0  printfa.o(i.__0sprintf)
    sprintf                                  0x08009285   Thumb Code     0  printfa.o(i.__0sprintf)
    __aeabi_errno_addr                       0x080092ad   Thumb Code     4  errno.o(i.__aeabi_errno_addr)
    __rt_errno_addr                          0x080092ad   Thumb Code     0  errno.o(i.__aeabi_errno_addr)
    __scatterload_copy                       0x080092b5   Thumb Code    14  handlers.o(i.__scatterload_copy)
    __scatterload_null                       0x080092c3   Thumb Code     2  handlers.o(i.__scatterload_null)
    __scatterload_zeroinit                   0x080092c5   Thumb Code    14  handlers.o(i.__scatterload_zeroinit)
    malloc                                   0x08009b91   Thumb Code    92  malloc.o(i.malloc)
    __ctype_table                            0x08009bfc   Data         129  ctype_o.o(.constdata)
    AHBPrescTable                            0x08009c84   Data          16  system_stm32f1xx.o(.rodata.AHBPrescTable)
    APBPrescTable                            0x08009c94   Data           8  system_stm32f1xx.o(.rodata.APBPrescTable)
    F6x8                                     0x08009c9c   Data         552  oled.o(.rodata.F6x8)
    F8X16                                    0x08009ec4   Data        1520  oled.o(.rodata.F8X16)
    gImage_12x12                             0x0800a4c6   Data         192  oled.o(.rodata.gImage_12x12)
    gImage_BBWW                              0x0800a586   Data         192  oled.o(.rodata.gImage_BBWW)
    gImage_PD_PWR                            0x0800a646   Data        1024  oled.o(.rodata.gImage_PD_PWR)
    gImage_SUM_INFO                          0x0800aa46   Data        1024  oled.o(.rodata.gImage_SUM_INFO)
    Region$$Table$$Base                      0x0800b2cc   Number         0  anon$$obj.o(Region$$Table)
    Region$$Table$$Limit                     0x0800b2ec   Number         0  anon$$obj.o(Region$$Table)
    __stdout                                 0x20000000   Data           4  stdout.o(.data)
    __microlib_freelist                      0x20000004   Data           4  mvars.o(.data)
    __microlib_freelist_initialised          0x20000008   Data           4  mvars.o(.data)
    KEY1_VAL                                 0x20000010   Data           1  key.o(.data.KEY1_VAL)
    KEY2_VAL                                 0x20000011   Data           1  key.o(.data.KEY2_VAL)
    SystemCoreClock                          0x20000014   Data           4  system_stm32f1xx.o(.data.SystemCoreClock)
    cLogo                                    0x20000018   Data          30  main.o(.data.cLogo)
    uwTickFreq                               0x20000036   Data           1  stm32f1xx_hal.o(.data.uwTickFreq)
    uwTickPrio                               0x20000038   Data           4  stm32f1xx_hal.o(.data.uwTickPrio)
    ADC1_IDLE                                0x20000040   Data           1  main.o(.bss.ADC1_IDLE)
    BAT_INST                                 0x20000041   Data           1  main.o(.bss.BAT_INST)
    BAT_V                                    0x20000044   Data           4  main.o(.bss.BAT_V)
    BMS_COM_ERR                              0x20000048   Data           1  main.o(.bss.BMS_COM_ERR)
    BmsSoc                                   0x2000004a   Data           2  main.o(.bss.BmsSoc)
    BmsSoh                                   0x2000004c   Data           2  main.o(.bss.BmsSoh)
    CHRG_I                                   0x20000050   Data           4  main.o(.bss.CHRG_I)
    CHRG_PWR                                 0x20000054   Data           2  main.o(.bss.CHRG_PWR)
    CHRG_V                                   0x20000058   Data           4  main.o(.bss.CHRG_V)
    CLEAN_EXCP                               0x2000005c   Data           1  main.o(.bss.CLEAN_EXCP)
    IR_REC                                   0x2000005d   Data           1  main.o(.bss.IR_REC)
    KEY1_EVENT                               0x2000005e   Data           1  key.o(.bss.KEY1_EVENT)
    KEY2_EVENT                               0x2000005f   Data           1  key.o(.bss.KEY2_EVENT)
    KEY_LONG_EVENT                           0x20000060   Data           1  key.o(.bss.KEY_LONG_EVENT)
    UART1_RX_DMA_IDLE                        0x20000061   Data           1  main.o(.bss.UART1_RX_DMA_IDLE)
    UART3_RX_DMA_IDLE                        0x20000062   Data           1  main.o(.bss.UART3_RX_DMA_IDLE)
    adc_buffer0                              0x20000064   Data           6  main.o(.bss.adc_buffer0)
    env_est_idx                              0x2000006a   Data           1  main.o(.bss.env_est_idx)
    g_config                                 0x2000006c   Data          36  parse_command.o(.bss.g_config)
    hadc1                                    0x20000090   Data          48  adc.o(.bss.hadc1)
    hdma_adc1                                0x200000c0   Data          68  adc.o(.bss.hdma_adc1)
    hdma_spi2_rx                             0x20000104   Data          68  spi.o(.bss.hdma_spi2_rx)
    hdma_spi2_tx                             0x20000148   Data          68  spi.o(.bss.hdma_spi2_tx)
    hdma_usart3_rx                           0x2000018c   Data          68  usart.o(.bss.hdma_usart3_rx)
    hostData                                 0x200001d0   Data         128  main.o(.bss.hostData)
    hspi2                                    0x20000250   Data          88  spi.o(.bss.hspi2)
    htim1                                    0x200002a8   Data          72  tim.o(.bss.htim1)
    htim2                                    0x200002f0   Data          72  tim.o(.bss.htim2)
    htim3                                    0x20000338   Data          72  tim.o(.bss.htim3)
    htim4                                    0x20000380   Data          72  tim.o(.bss.htim4)
    huart1                                   0x200003c8   Data          72  usart.o(.bss.huart1)
    huart3                                   0x20000410   Data          72  usart.o(.bss.huart3)
    lcd_rfsh_cnt                             0x20000460   Data           1  main.o(.bss.lcd_rfsh_cnt)
    max_current                              0x20000461   Data          16  main.o(.bss.max_current)
    mid_bat_volt                             0x20000474   Data           4  main.o(.bss.mid_bat_volt)
    mid_chrg_current                         0x20000478   Data           4  main.o(.bss.mid_chrg_current)
    mid_chrg_volt                            0x2000047c   Data           4  main.o(.bss.mid_chrg_volt)
    mid_temp                                 0x20000480   Data           4  main.o(.bss.mid_temp)
    pEnvSecure                               0x20000484   Data           4  main.o(.bss.pEnvSecure)
    pFlash                                   0x20000488   Data          32  stm32f1xx_hal_flash.o(.bss.pFlash)
    rs485Data                                0x200004ac   Data         128  main.o(.bss.rs485Data)
    strBmsSoc                                0x2000052c   Data           6  main.o(.bss.strBmsSoc)
    strBmsSoh                                0x20000532   Data           6  main.o(.bss.strBmsSoh)
    strChrgPwr                               0x20000538   Data           3  main.o(.bss.strChrgPwr)
    strTemp                                  0x2000053b   Data          16  main.o(.bss.strTemp)
    str_bat_v                                0x2000054b   Data          16  main.o(.bss.str_bat_v)
    str_chrg_i                               0x2000055b   Data          16  main.o(.bss.str_chrg_i)
    str_chrg_v                               0x2000056b   Data          16  main.o(.bss.str_chrg_v)
    temp                                     0x2000057c   Data           4  main.o(.bss.temp)
    uwTick                                   0x20000580   Data           4  stm32f1xx_hal.o(.bss.uwTick)
    __heap_base                              0x20000588   Data           0  startup_stm32f103xb.o(HEAP)
    __heap_limit                             0x20000788   Data           0  startup_stm32f103xb.o(HEAP)
    __initial_sp                             0x20000b88   Data           0  startup_stm32f103xb.o(STACK)



==============================================================================

Memory Map of the image

  Image Entry point : 0x080000ed

  Load Region LR_IROM1 (Base: 0x08000000, Size: 0x0000b330, Max: 0x00010000, ABSOLUTE)

    Execution Region ER_IROM1 (Exec base: 0x08000000, Load base: 0x08000000, Size: 0x0000b2ec, Max: 0x00010000, ABSOLUTE)

    Exec Addr    Load Addr    Size         Type   Attr      Idx    E Section Name        Object

    0x08000000   0x08000000   0x000000ec   Data   RO            3    RESET               startup_stm32f103xb.o
    0x080000ec   0x080000ec   0x00000000   Code   RO         1554  * .ARM.Collect$$$$00000000  mc_w.l(entry.o)
    0x080000ec   0x080000ec   0x00000004   Code   RO         1659    .ARM.Collect$$$$00000001  mc_w.l(entry2.o)
    0x080000f0   0x080000f0   0x00000004   Code   RO         1662    .ARM.Collect$$$$00000004  mc_w.l(entry5.o)
    0x080000f4   0x080000f4   0x00000000   Code   RO         1664    .ARM.Collect$$$$00000008  mc_w.l(entry7b.o)
    0x080000f4   0x080000f4   0x00000000   Code   RO         1666    .ARM.Collect$$$$0000000A  mc_w.l(entry8b.o)
    0x080000f4   0x080000f4   0x00000008   Code   RO         1667    .ARM.Collect$$$$0000000B  mc_w.l(entry9a.o)
    0x080000fc   0x080000fc   0x00000000   Code   RO         1669    .ARM.Collect$$$$0000000D  mc_w.l(entry10a.o)
    0x080000fc   0x080000fc   0x00000000   Code   RO         1671    .ARM.Collect$$$$0000000F  mc_w.l(entry11a.o)
    0x080000fc   0x080000fc   0x00000004   Code   RO         1660    .ARM.Collect$$$$00002712  mc_w.l(entry2.o)
    0x08000100   0x08000100   0x00000024   Code   RO            4    .text               startup_stm32f103xb.o
    0x08000124   0x08000124   0x00000024   Code   RO         1557    .text               mc_w.l(memcpya.o)
    0x08000148   0x08000148   0x00000024   Code   RO         1559    .text               mc_w.l(memseta.o)
    0x0800016c   0x0800016c   0x0000001c   Code   RO         1561    .text               mc_w.l(strcmp.o)
    0x08000188   0x08000188   0x00000014   Code   RO         1563    .text               mc_w.l(memchr.o)
    0x0800019c   0x0800019c   0x0000001a   Code   RO         1623    .text               mc_w.l(atoi.o)
    0x080001b6   0x080001b6   0x000000b0   Code   RO         1625    .text               mf_w.l(fadd.o)
    0x08000266   0x08000266   0x00000064   Code   RO         1627    .text               mf_w.l(fmul.o)
    0x080002ca   0x080002ca   0x0000007c   Code   RO         1629    .text               mf_w.l(fdiv.o)
    0x08000346   0x08000346   0x0000014e   Code   RO         1631    .text               mf_w.l(dadd.o)
    0x08000494   0x08000494   0x000000e4   Code   RO         1633    .text               mf_w.l(dmul.o)
    0x08000578   0x08000578   0x000000de   Code   RO         1635    .text               mf_w.l(ddiv.o)
    0x08000656   0x08000656   0x0000001c   Code   RO         1637    .text               mf_w.l(fcmple.o)
    0x08000672   0x08000672   0x0000001c   Code   RO         1639    .text               mf_w.l(fcmplt.o)
    0x0800068e   0x0800068e   0x0000001c   Code   RO         1641    .text               mf_w.l(fcmpge.o)
    0x080006aa   0x080006aa   0x0000001c   Code   RO         1643    .text               mf_w.l(fcmpgt.o)
    0x080006c6   0x080006c6   0x00000012   Code   RO         1645    .text               mf_w.l(fflti.o)
    0x080006d8   0x080006d8   0x0000000a   Code   RO         1647    .text               mf_w.l(ffltui.o)
    0x080006e2   0x080006e2   0x00000032   Code   RO         1649    .text               mf_w.l(ffixi.o)
    0x08000714   0x08000714   0x0000003e   Code   RO         1651    .text               mf_w.l(dfixi.o)
    0x08000752   0x08000752   0x00000026   Code   RO         1655    .text               mf_w.l(f2d.o)
    0x08000778   0x08000778   0x00000038   Code   RO         1657    .text               mf_w.l(d2f.o)
    0x080007b0   0x080007b0   0x0000002c   Code   RO         1683    .text               mc_w.l(uidiv.o)
    0x080007dc   0x080007dc   0x00000062   Code   RO         1685    .text               mc_w.l(uldiv.o)
    0x0800083e   0x0800083e   0x0000001e   Code   RO         1687    .text               mc_w.l(llshl.o)
    0x0800085c   0x0800085c   0x00000020   Code   RO         1689    .text               mc_w.l(llushr.o)
    0x0800087c   0x0800087c   0x00000024   Code   RO         1691    .text               mc_w.l(llsshr.o)
    0x080008a0   0x080008a0   0x00000070   Code   RO         1702    .text               mc_w.l(strtol.o)
    0x08000910   0x08000910   0x00000000   Code   RO         1704    .text               mc_w.l(iusefp.o)
    0x08000910   0x08000910   0x0000006e   Code   RO         1705    .text               mf_w.l(fepilogue.o)
    0x0800097e   0x0800097e   0x000000ba   Code   RO         1707    .text               mf_w.l(depilogue.o)
    0x08000a38   0x08000a38   0x00000030   Code   RO         1709    .text               mf_w.l(dfixul.o)
    0x08000a68   0x08000a68   0x00000030   Code   RO         1711    .text               mf_w.l(cdrcmple.o)
    0x08000a98   0x08000a98   0x00000030   Code   RO         1713    .text               mc_w.l(init.o)
    0x08000ac8   0x08000ac8   0x00000008   Code   RO         1715    .text               mc_w.l(ctype_o.o)
    0x08000ad0   0x08000ad0   0x0000009e   Code   RO         1743    .text               mc_w.l(_strtoul.o)
    0x08000b6e   0x08000b6e   0x0000001c   Code   RO         1745    .text               mc_w.l(_chval.o)
    0x08000b8a   0x08000b8a   0x00000002   PAD
    0x08000b8c   0x08000b8c   0x00000010   Code   RO          198    .text.ADC1_2_IRQHandler  stm32f1xx_it.o
    0x08000b9c   0x08000b9c   0x00000082   Code   RO          866    .text.ADC_ConversionStop_Disable  stm32f1xx_hal_adc.o
    0x08000c1e   0x08000c1e   0x00000002   PAD
    0x08000c20   0x08000c20   0x00000078   Code   RO          888    .text.ADC_DMAConvCplt  stm32f1xx_hal_adc.o
    0x08000c98   0x08000c98   0x0000002a   Code   RO          892    .text.ADC_DMAError  stm32f1xx_hal_adc.o
    0x08000cc2   0x08000cc2   0x00000002   PAD
    0x08000cc4   0x08000cc4   0x00000016   Code   RO          890    .text.ADC_DMAHalfConvCplt  stm32f1xx_hal_adc.o
    0x08000cda   0x08000cda   0x00000002   PAD
    0x08000cdc   0x08000cdc   0x000000bc   Code   RO          874    .text.ADC_Enable    stm32f1xx_hal_adc.o
    0x08000d98   0x08000d98   0x00000096   Code   RO          379    .text.ApplyConfig   parse_command.o
    0x08000e2e   0x08000e2e   0x00000002   PAD
    0x08000e30   0x08000e30   0x00000004   Code   RO          178    .text.BusFault_Handler  stm32f1xx_it.o
    0x08000e34   0x08000e34   0x00000056   Code   RO          246    .text.CH224_ReadAVS  ch224.o
    0x08000e8a   0x08000e8a   0x00000002   PAD
    0x08000e8c   0x08000e8c   0x0000002e   Code   RO          244    .text.CH224_ReadCurrent  ch224.o
    0x08000eba   0x08000eba   0x00000002   PAD
    0x08000ebc   0x08000ebc   0x000000c8   Code   RO          242    .text.CH224_ReadStatus  ch224.o
    0x08000f84   0x08000f84   0x00000010   Code   RO          190    .text.DMA1_Channel1_IRQHandler  stm32f1xx_it.o
    0x08000f94   0x08000f94   0x00000010   Code   RO          192    .text.DMA1_Channel3_IRQHandler  stm32f1xx_it.o
    0x08000fa4   0x08000fa4   0x00000010   Code   RO          194    .text.DMA1_Channel4_IRQHandler  stm32f1xx_it.o
    0x08000fb4   0x08000fb4   0x00000010   Code   RO          196    .text.DMA1_Channel5_IRQHandler  stm32f1xx_it.o
    0x08000fc4   0x08000fc4   0x00000050   Code   RO          627    .text.DMA_SetConfig  stm32f1xx_hal_dma.o
    0x08001014   0x08001014   0x00000002   Code   RO          184    .text.DebugMon_Handler  stm32f1xx_it.o
    0x08001016   0x08001016   0x00000002   PAD
    0x08001018   0x08001018   0x00000232   Code   RO           13    .text.EnvSecureOp   main.o
    0x0800124a   0x0800124a   0x00000002   PAD
    0x0800124c   0x0800124c   0x0000000e   Code   RO           19    .text.Error_Handler  main.o
    0x0800125a   0x0800125a   0x00000002   PAD
    0x0800125c   0x0800125c   0x0000002c   Code   RO          800    .text.FLASH_MassErase  stm32f1xx_hal_flash_ex.o
    0x08001288   0x08001288   0x00000038   Code   RO          802    .text.FLASH_PageErase  stm32f1xx_hal_flash_ex.o
    0x080012c0   0x080012c0   0x00000030   Code   RO          766    .text.FLASH_Program_HalfWord  stm32f1xx_hal_flash.o
    0x080012f0   0x080012f0   0x0000010e   Code   RO          772    .text.FLASH_SetErrorCode  stm32f1xx_hal_flash.o
    0x080013fe   0x080013fe   0x00000002   PAD
    0x08001400   0x08001400   0x00000118   Code   RO          764    .text.FLASH_WaitForLastOperation  stm32f1xx_hal_flash.o
    0x08001518   0x08001518   0x00000030   Code   RO          369    .text.Flash_ErasePage  parse_command.o
    0x08001548   0x08001548   0x00000086   Code   RO          371    .text.Flash_WriteData  parse_command.o
    0x080015ce   0x080015ce   0x00000002   PAD
    0x080015d0   0x080015d0   0x00000008   Code   RO          943    .text.HAL_ADCEx_InjectedConvCpltCallback  stm32f1xx_hal_adc_ex.o
    0x080015d8   0x080015d8   0x000001b4   Code   RO          908    .text.HAL_ADC_ConfigChannel  stm32f1xx_hal_adc.o
    0x0800178c   0x0800178c   0x00000026   Code   RO           23    .text.HAL_ADC_ConvCpltCallback  main.o
    0x080017b2   0x080017b2   0x00000002   PAD
    0x080017b4   0x080017b4   0x00000008   Code   RO          904    .text.HAL_ADC_ConvHalfCpltCallback  stm32f1xx_hal_adc.o
    0x080017bc   0x080017bc   0x00000008   Code   RO          906    .text.HAL_ADC_ErrorCallback  stm32f1xx_hal_adc.o
    0x080017c4   0x080017c4   0x0000018a   Code   RO          898    .text.HAL_ADC_IRQHandler  stm32f1xx_hal_adc.o
    0x0800194e   0x0800194e   0x00000002   PAD
    0x08001950   0x08001950   0x00000212   Code   RO          862    .text.HAL_ADC_Init  stm32f1xx_hal_adc.o
    0x08001b62   0x08001b62   0x00000002   PAD
    0x08001b64   0x08001b64   0x00000008   Code   RO          902    .text.HAL_ADC_LevelOutOfWindowCallback  stm32f1xx_hal_adc.o
    0x08001b6c   0x08001b6c   0x000000da   Code   RO           88    .text.HAL_ADC_MspInit  adc.o
    0x08001c46   0x08001c46   0x00000002   PAD
    0x08001c48   0x08001c48   0x00000226   Code   RO          886    .text.HAL_ADC_Start_DMA  stm32f1xx_hal_adc.o
    0x08001e6e   0x08001e6e   0x00000002   PAD
    0x08001e70   0x08001e70   0x0000007c   Code   RO          631    .text.HAL_DMA_Abort  stm32f1xx_hal_dma.o
    0x08001eec   0x08001eec   0x0000011c   Code   RO          633    .text.HAL_DMA_Abort_IT  stm32f1xx_hal_dma.o
    0x08002008   0x08002008   0x00000286   Code   RO          637    .text.HAL_DMA_IRQHandler  stm32f1xx_hal_dma.o
    0x0800228e   0x0800228e   0x00000002   PAD
    0x08002290   0x08002290   0x000000ae   Code   RO          621    .text.HAL_DMA_Init  stm32f1xx_hal_dma.o
    0x0800233e   0x0800233e   0x00000002   PAD
    0x08002340   0x08002340   0x000000ca   Code   RO          629    .text.HAL_DMA_Start_IT  stm32f1xx_hal_dma.o
    0x0800240a   0x0800240a   0x00000002   PAD
    0x0800240c   0x0800240c   0x00000042   Code   RO          504    .text.HAL_Delay     stm32f1xx_hal.o
    0x0800244e   0x0800244e   0x00000002   PAD
    0x08002450   0x08002450   0x0000010a   Code   RO          798    .text.HAL_FLASHEx_Erase  stm32f1xx_hal_flash_ex.o
    0x0800255a   0x0800255a   0x00000002   PAD
    0x0800255c   0x0800255c   0x00000014   Code   RO          780    .text.HAL_FLASH_Lock  stm32f1xx_hal_flash.o
    0x08002570   0x08002570   0x0000012c   Code   RO          762    .text.HAL_FLASH_Program  stm32f1xx_hal_flash.o
    0x0800269c   0x0800269c   0x0000005a   Code   RO          778    .text.HAL_FLASH_Unlock  stm32f1xx_hal_flash.o
    0x080026f6   0x080026f6   0x00000002   PAD
    0x080026f8   0x080026f8   0x0000031e   Code   RO          598    .text.HAL_GPIO_Init  stm32f1xx_hal_gpio.o
    0x08002a16   0x08002a16   0x00000002   PAD
    0x08002a18   0x08002a18   0x0000002e   Code   RO          602    .text.HAL_GPIO_ReadPin  stm32f1xx_hal_gpio.o
    0x08002a46   0x08002a46   0x00000002   PAD
    0x08002a48   0x08002a48   0x0000002e   Code   RO          604    .text.HAL_GPIO_WritePin  stm32f1xx_hal_gpio.o
    0x08002a76   0x08002a76   0x00000002   PAD
    0x08002a78   0x08002a78   0x0000000c   Code   RO          496    .text.HAL_GetTick   stm32f1xx_hal.o
    0x08002a84   0x08002a84   0x0000001a   Code   RO          494    .text.HAL_IncTick   stm32f1xx_hal.o
    0x08002a9e   0x08002a9e   0x00000002   PAD
    0x08002aa0   0x08002aa0   0x00000026   Code   RO          484    .text.HAL_Init      stm32f1xx_hal.o
    0x08002ac6   0x08002ac6   0x00000002   PAD
    0x08002ac8   0x08002ac8   0x00000070   Code   RO          486    .text.HAL_InitTick  stm32f1xx_hal.o
    0x08002b38   0x08002b38   0x00000064   Code   RO          215    .text.HAL_MspInit   stm32f1xx_hal_msp.o
    0x08002b9c   0x08002b9c   0x00000014   Code   RO          666    .text.HAL_NVIC_EnableIRQ  stm32f1xx_hal_cortex.o
    0x08002bb0   0x08002bb0   0x00000032   Code   RO          658    .text.HAL_NVIC_SetPriority  stm32f1xx_hal_cortex.o
    0x08002be2   0x08002be2   0x00000002   PAD
    0x08002be4   0x08002be4   0x00000010   Code   RO          654    .text.HAL_NVIC_SetPriorityGrouping  stm32f1xx_hal_cortex.o
    0x08002bf4   0x08002bf4   0x000001c8   Code   RO          583    .text.HAL_RCCEx_PeriphCLKConfig  stm32f1xx_hal_rcc_ex.o
    0x08002dbc   0x08002dbc   0x00000256   Code   RO          550    .text.HAL_RCC_ClockConfig  stm32f1xx_hal_rcc.o
    0x08003012   0x08003012   0x00000002   PAD
    0x08003014   0x08003014   0x0000000c   Code   RO          560    .text.HAL_RCC_GetHCLKFreq  stm32f1xx_hal_rcc.o
    0x08003020   0x08003020   0x00000022   Code   RO          562    .text.HAL_RCC_GetPCLK1Freq  stm32f1xx_hal_rcc.o
    0x08003042   0x08003042   0x00000002   PAD
    0x08003044   0x08003044   0x00000022   Code   RO          564    .text.HAL_RCC_GetPCLK2Freq  stm32f1xx_hal_rcc.o
    0x08003066   0x08003066   0x00000002   PAD
    0x08003068   0x08003068   0x000000bc   Code   RO          552    .text.HAL_RCC_GetSysClockFreq  stm32f1xx_hal_rcc.o
    0x08003124   0x08003124   0x0000067a   Code   RO          546    .text.HAL_RCC_OscConfig  stm32f1xx_hal_rcc.o
    0x0800379e   0x0800379e   0x00000002   PAD
    0x080037a0   0x080037a0   0x00000008   Code   RO         1041    .text.HAL_SPI_ErrorCallback  stm32f1xx_hal_spi.o
    0x080037a8   0x080037a8   0x000001fc   Code   RO         1037    .text.HAL_SPI_IRQHandler  stm32f1xx_hal_spi.o
    0x080039a4   0x080039a4   0x000000fa   Code   RO          957    .text.HAL_SPI_Init  stm32f1xx_hal_spi.o
    0x08003a9e   0x08003a9e   0x00000002   PAD
    0x08003aa0   0x08003aa0   0x0000013c   Code   RO          111    .text.HAL_SPI_MspInit  spi.o
    0x08003bdc   0x08003bdc   0x00000010   Code   RO          678    .text.HAL_SYSTICK_Config  stm32f1xx_hal_cortex.o
    0x08003bec   0x08003bec   0x00000008   Code   RO         1397    .text.HAL_TIMEx_BreakCallback  stm32f1xx_hal_tim_ex.o
    0x08003bf4   0x08003bf4   0x00000008   Code   RO         1393    .text.HAL_TIMEx_CommutCallback  stm32f1xx_hal_tim_ex.o
    0x08003bfc   0x08003bfc   0x000000b2   Code   RO         1389    .text.HAL_TIMEx_ConfigBreakDeadTime  stm32f1xx_hal_tim_ex.o
    0x08003cae   0x08003cae   0x00000002   PAD
    0x08003cb0   0x08003cb0   0x000000dc   Code   RO         1387    .text.HAL_TIMEx_MasterConfigSynchronization  stm32f1xx_hal_tim_ex.o
    0x08003d8c   0x08003d8c   0x0000009c   Code   RO         1074    .text.HAL_TIM_Base_Init  stm32f1xx_hal_tim.o
    0x08003e28   0x08003e28   0x000000b6   Code   RO          135    .text.HAL_TIM_Base_MspInit  tim.o
    0x08003ede   0x08003ede   0x00000002   PAD
    0x08003ee0   0x08003ee0   0x000000b0   Code   RO         1088    .text.HAL_TIM_Base_Start_IT  stm32f1xx_hal_tim.o
    0x08003f90   0x08003f90   0x00000184   Code   RO         1266    .text.HAL_TIM_ConfigClockSource  stm32f1xx_hal_tim.o
    0x08004114   0x08004114   0x00000008   Code   RO         1210    .text.HAL_TIM_IC_CaptureCallback  stm32f1xx_hal_tim.o
    0x0800411c   0x0800411c   0x0000021a   Code   RO         1208    .text.HAL_TIM_IRQHandler  stm32f1xx_hal_tim.o
    0x08004336   0x08004336   0x00000002   PAD
    0x08004338   0x08004338   0x0000012c   Code   RO          127    .text.HAL_TIM_MspPostInit  tim.o
    0x08004464   0x08004464   0x000000a4   Code   RO         1220    .text.HAL_TIM_OC_ConfigChannel  stm32f1xx_hal_tim.o
    0x08004508   0x08004508   0x00000008   Code   RO         1212    .text.HAL_TIM_OC_DelayElapsedCallback  stm32f1xx_hal_tim.o
    0x08004510   0x08004510   0x0000009c   Code   RO         1102    .text.HAL_TIM_OC_Init  stm32f1xx_hal_tim.o
    0x080045ac   0x080045ac   0x00000008   Code   RO         1104    .text.HAL_TIM_OC_MspInit  stm32f1xx_hal_tim.o
    0x080045b4   0x080045b4   0x00000142   Code   RO         1240    .text.HAL_TIM_PWM_ConfigChannel  stm32f1xx_hal_tim.o
    0x080046f6   0x080046f6   0x00000002   PAD
    0x080046f8   0x080046f8   0x0000009c   Code   RO         1128    .text.HAL_TIM_PWM_Init  stm32f1xx_hal_tim.o
    0x08004794   0x08004794   0x00000048   Code   RO          137    .text.HAL_TIM_PWM_MspInit  tim.o
    0x080047dc   0x080047dc   0x00000008   Code   RO         1214    .text.HAL_TIM_PWM_PulseFinishedCallback  stm32f1xx_hal_tim.o
    0x080047e4   0x080047e4   0x00000160   Code   RO         1136    .text.HAL_TIM_PWM_Start  stm32f1xx_hal_tim.o
    0x08004944   0x08004944   0x000000e8   Code   RO           21    .text.HAL_TIM_PeriodElapsedCallback  main.o
    0x08004a2c   0x08004a2c   0x00000008   Code   RO         1218    .text.HAL_TIM_TriggerCallback  stm32f1xx_hal_tim.o
    0x08004a34   0x08004a34   0x000000b8   Code   RO         1464    .text.HAL_UARTEx_ReceiveToIdle_DMA  stm32f1xx_hal_uart.o
    0x08004aec   0x08004aec   0x00000072   Code   RO           25    .text.HAL_UARTEx_RxEventCallback  main.o
    0x08004b5e   0x08004b5e   0x00000002   PAD
    0x08004b60   0x08004b60   0x00000008   Code   RO         1500    .text.HAL_UART_ErrorCallback  stm32f1xx_hal_uart.o
    0x08004b68   0x08004b68   0x0000042a   Code   RO         1494    .text.HAL_UART_IRQHandler  stm32f1xx_hal_uart.o
    0x08004f92   0x08004f92   0x00000002   PAD
    0x08004f94   0x08004f94   0x0000009e   Code   RO         1410    .text.HAL_UART_Init  stm32f1xx_hal_uart.o
    0x08005032   0x08005032   0x00000002   PAD
    0x08005034   0x08005034   0x00000178   Code   RO          158    .text.HAL_UART_MspInit  usart.o
    0x080051ac   0x080051ac   0x0000013e   Code   RO         1430    .text.HAL_UART_Receive  stm32f1xx_hal_uart.o
    0x080052ea   0x080052ea   0x00000002   PAD
    0x080052ec   0x080052ec   0x00000008   Code   RO         1512    .text.HAL_UART_RxCpltCallback  stm32f1xx_hal_uart.o
    0x080052f4   0x080052f4   0x00000008   Code   RO         1514    .text.HAL_UART_RxHalfCpltCallback  stm32f1xx_hal_uart.o
    0x080052fc   0x080052fc   0x00000130   Code   RO         1426    .text.HAL_UART_Transmit  stm32f1xx_hal_uart.o
    0x0800542c   0x0800542c   0x00000008   Code   RO         1508    .text.HAL_UART_TxCpltCallback  stm32f1xx_hal_uart.o
    0x08005434   0x08005434   0x00000004   Code   RO          174    .text.HardFault_Handler  stm32f1xx_it.o
    0x08005438   0x08005438   0x00000026   Code   RO          306    .text.I2C_Delay_us  i2c_soft.o
    0x0800545e   0x0800545e   0x00000002   PAD
    0x08005460   0x08005460   0x0000009e   Code   RO          314    .text.I2C_ReadByte  i2c_soft.o
    0x080054fe   0x080054fe   0x00000002   PAD
    0x08005500   0x08005500   0x000000d8   Code   RO          332    .text.I2C_ReadDataWithReg  i2c_soft.o
    0x080055d8   0x080055d8   0x00000094   Code   RO          324    .text.I2C_ReadReg   i2c_soft.o
    0x0800566c   0x0800566c   0x000000e6   Code   RO          304    .text.I2C_SOFT_INIT  i2c_soft.o
    0x08005752   0x08005752   0x00000002   PAD
    0x08005754   0x08005754   0x00000050   Code   RO          318    .text.I2C_SendAck   i2c_soft.o
    0x080057a4   0x080057a4   0x0000009e   Code   RO          312    .text.I2C_SendByte  i2c_soft.o
    0x08005842   0x08005842   0x00000002   PAD
    0x08005844   0x08005844   0x00000050   Code   RO          320    .text.I2C_SendNoAck  i2c_soft.o
    0x08005894   0x08005894   0x00000052   Code   RO          308    .text.I2C_Start     i2c_soft.o
    0x080058e6   0x080058e6   0x00000002   PAD
    0x080058e8   0x080058e8   0x00000044   Code   RO          310    .text.I2C_Stop      i2c_soft.o
    0x0800592c   0x0800592c   0x0000005e   Code   RO          316    .text.I2C_WaitAck   i2c_soft.o
    0x0800598a   0x0800598a   0x00000002   PAD
    0x0800598c   0x0800598c   0x00000262   Code   RO          392    .text.KEY_Scan      key.o
    0x08005bee   0x08005bee   0x00000002   PAD
    0x08005bf0   0x08005bf0   0x00000708   Code   RO           27    .text.LCD_DispRefresh  main.o
    0x080062f8   0x080062f8   0x0000005e   Code   RO          375    .text.LoadConfigFromFlash  parse_command.o
    0x08006356   0x08006356   0x00000002   PAD
    0x08006358   0x08006358   0x000000ac   Code   RO           86    .text.MX_ADC1_Init  adc.o
    0x08006404   0x08006404   0x00000070   Code   RO          101    .text.MX_DMA_Init   dma.o
    0x08006474   0x08006474   0x00000112   Code   RO           78    .text.MX_GPIO_Init  gpio.o
    0x08006586   0x08006586   0x00000002   PAD
    0x08006588   0x08006588   0x0000004e   Code   RO          109    .text.MX_SPI2_Init  spi.o
    0x080065d6   0x080065d6   0x00000002   PAD
    0x080065d8   0x080065d8   0x00000122   Code   RO          125    .text.MX_TIM1_Init  tim.o
    0x080066fa   0x080066fa   0x00000002   PAD
    0x080066fc   0x080066fc   0x00000098   Code   RO          129    .text.MX_TIM2_Init  tim.o
    0x08006794   0x08006794   0x0000010c   Code   RO          131    .text.MX_TIM3_Init  tim.o
    0x080068a0   0x080068a0   0x000000e4   Code   RO          133    .text.MX_TIM4_Init  tim.o
    0x08006984   0x08006984   0x00000040   Code   RO          154    .text.MX_USART1_UART_Init  usart.o
    0x080069c4   0x080069c4   0x00000040   Code   RO          156    .text.MX_USART3_UART_Init  usart.o
    0x08006a04   0x08006a04   0x00000004   Code   RO          176    .text.MemManage_Handler  stm32f1xx_it.o
    0x08006a08   0x08006a08   0x00000216   Code   RO          408    .text.Modbus_ReadHoldingRegisters  tws_bms.o
    0x08006c1e   0x08006c1e   0x00000002   PAD
    0x08006c20   0x08006c20   0x00000004   Code   RO          172    .text.NMI_Handler   stm32f1xx_it.o
    0x08006c24   0x08006c24   0x0000006c   Code   RO          664    .text.NVIC_EncodePriority  stm32f1xx_hal_cortex.o
    0x08006c90   0x08006c90   0x00000066   Code   RO          269    .text.OLED_Clear    oled.o
    0x08006cf6   0x08006cf6   0x00000002   PAD
    0x08006cf8   0x08006cf8   0x000000ac   Code   RO          287    .text.OLED_DrawBMP  oled.o
    0x08006da4   0x08006da4   0x00000024   Code   RO          334    .text.OLED_I2C_Delay_us  i2c_soft.o
    0x08006dc8   0x08006dc8   0x00000096   Code   RO          340    .text.OLED_I2C_SendByte  i2c_soft.o
    0x08006e5e   0x08006e5e   0x00000002   PAD
    0x08006e60   0x08006e60   0x0000004e   Code   RO          336    .text.OLED_I2C_Start  i2c_soft.o
    0x08006eae   0x08006eae   0x00000002   PAD
    0x08006eb0   0x08006eb0   0x00000040   Code   RO          338    .text.OLED_I2C_Stop  i2c_soft.o
    0x08006ef0   0x08006ef0   0x00000058   Code   RO          344    .text.OLED_I2C_WaitAck  i2c_soft.o
    0x08006f48   0x08006f48   0x000000ce   Code   RO          267    .text.OLED_Init     oled.o
    0x08007016   0x08007016   0x00000002   PAD
    0x08007018   0x08007018   0x00000030   Code   RO          271    .text.OLED_SetDirection  oled.o
    0x08007048   0x08007048   0x0000003a   Code   RO          275    .text.OLED_SetPos   oled.o
    0x08007082   0x08007082   0x00000002   PAD
    0x08007084   0x08007084   0x00000128   Code   RO          277    .text.OLED_ShowChar  oled.o
    0x080071ac   0x080071ac   0x00000060   Code   RO          279    .text.OLED_ShowString  oled.o
    0x0800720c   0x0800720c   0x00000034   Code   RO          265    .text.OLED_WriteCmd  oled.o
    0x08007240   0x08007240   0x00000034   Code   RO          273    .text.OLED_WriteData  oled.o
    0x08007274   0x08007274   0x00000002   Code   RO          186    .text.PendSV_Handler  stm32f1xx_it.o
    0x08007276   0x08007276   0x00000002   PAD
    0x08007278   0x08007278   0x0000003a   Code   RO          548    .text.RCC_Delay     stm32f1xx_hal_rcc.o
    0x080072b2   0x080072b2   0x00000002   PAD
    0x080072b4   0x080072b4   0x00000032   Code   RO          414    .text.ReadBMS_SOC   tws_bms.o
    0x080072e6   0x080072e6   0x00000002   PAD
    0x080072e8   0x080072e8   0x00000032   Code   RO          416    .text.ReadBMS_SOH   tws_bms.o
    0x0800731a   0x0800731a   0x00000002   PAD
    0x0800731c   0x0800731c   0x00000010   Code   RO          204    .text.SPI2_IRQHandler  stm32f1xx_it.o
    0x0800732c   0x0800732c   0x00000020   Code   RO         1039    .text.SPI_DMAAbortOnError  stm32f1xx_hal_spi.o
    0x0800734c   0x0800734c   0x00000002   Code   RO          182    .text.SVC_Handler   stm32f1xx_it.o
    0x0800734e   0x0800734e   0x00000002   PAD
    0x08007350   0x08007350   0x00000022   Code   RO          373    .text.SaveConfigToFlash  parse_command.o
    0x08007372   0x08007372   0x00000002   PAD
    0x08007374   0x08007374   0x00000052   Code   RO          680    .text.SysTick_Config  stm32f1xx_hal_cortex.o
    0x080073c6   0x080073c6   0x00000002   PAD
    0x080073c8   0x080073c8   0x00000008   Code   RO          188    .text.SysTick_Handler  stm32f1xx_it.o
    0x080073d0   0x080073d0   0x00000090   Code   RO           17    .text.SystemClock_Config  main.o
    0x08007460   0x08007460   0x00000002   Code   RO         1541    .text.SystemInit    system_stm32f1xx.o
    0x08007462   0x08007462   0x00000002   PAD
    0x08007464   0x08007464   0x00000010   Code   RO          200    .text.TIM2_IRQHandler  stm32f1xx_it.o
    0x08007474   0x08007474   0x00000010   Code   RO          202    .text.TIM4_IRQHandler  stm32f1xx_it.o
    0x08007484   0x08007484   0x00000106   Code   RO         1078    .text.TIM_Base_SetConfig  stm32f1xx_hal_tim.o
    0x0800758a   0x0800758a   0x00000002   PAD
    0x0800758c   0x0800758c   0x00000036   Code   RO         1112    .text.TIM_CCxChannelCmd  stm32f1xx_hal_tim.o
    0x080075c2   0x080075c2   0x00000002   PAD
    0x080075c4   0x080075c4   0x00000034   Code   RO         1264    .text.TIM_ETR_SetConfig  stm32f1xx_hal_tim.o
    0x080075f8   0x080075f8   0x0000002a   Code   RO         1270    .text.TIM_ITRx_SetConfig  stm32f1xx_hal_tim.o
    0x08007622   0x08007622   0x00000002   PAD
    0x08007624   0x08007624   0x000000ce   Code   RO         1222    .text.TIM_OC1_SetConfig  stm32f1xx_hal_tim.o
    0x080076f2   0x080076f2   0x00000002   PAD
    0x080076f4   0x080076f4   0x000000d8   Code   RO         1224    .text.TIM_OC2_SetConfig  stm32f1xx_hal_tim.o
    0x080077cc   0x080077cc   0x000000d6   Code   RO         1226    .text.TIM_OC3_SetConfig  stm32f1xx_hal_tim.o
    0x080078a2   0x080078a2   0x00000002   PAD
    0x080078a4   0x080078a4   0x00000096   Code   RO         1228    .text.TIM_OC4_SetConfig  stm32f1xx_hal_tim.o
    0x0800793a   0x0800793a   0x00000002   PAD
    0x0800793c   0x0800793c   0x00000050   Code   RO         1268    .text.TIM_TI1_ConfigInputStage  stm32f1xx_hal_tim.o
    0x0800798c   0x0800798c   0x00000052   Code   RO         1272    .text.TIM_TI2_ConfigInputStage  stm32f1xx_hal_tim.o
    0x080079de   0x080079de   0x00000002   PAD
    0x080079e0   0x080079e0   0x00000056   Code   RO          234    .text.TMP100_GetTemperature  tmp100.o
    0x08007a36   0x08007a36   0x00000002   PAD
    0x08007a38   0x08007a38   0x00000020   Code   RO         1498    .text.UART_DMAAbortOnError  stm32f1xx_hal_uart.o
    0x08007a58   0x08007a58   0x0000007c   Code   RO         1444    .text.UART_DMAError  stm32f1xx_hal_uart.o
    0x08007ad4   0x08007ad4   0x000000f4   Code   RO         1530    .text.UART_DMAReceiveCplt  stm32f1xx_hal_uart.o
    0x08007bc8   0x08007bc8   0x00000034   Code   RO         1532    .text.UART_DMARxHalfCplt  stm32f1xx_hal_uart.o
    0x08007bfc   0x08007bfc   0x00000094   Code   RO         1458    .text.UART_EndRxTransfer  stm32f1xx_hal_uart.o
    0x08007c90   0x08007c90   0x00000026   Code   RO         1506    .text.UART_EndTransmit_IT  stm32f1xx_hal_uart.o
    0x08007cb6   0x08007cb6   0x00000002   PAD
    0x08007cb8   0x08007cb8   0x00000036   Code   RO         1456    .text.UART_EndTxTransfer  stm32f1xx_hal_uart.o
    0x08007cee   0x08007cee   0x00000002   PAD
    0x08007cf0   0x08007cf0   0x0000016a   Code   RO         1496    .text.UART_Receive_IT  stm32f1xx_hal_uart.o
    0x08007e5a   0x08007e5a   0x00000002   PAD
    0x08007e5c   0x08007e5c   0x000000ba   Code   RO         1414    .text.UART_SetConfig  stm32f1xx_hal_uart.o
    0x08007f16   0x08007f16   0x00000002   PAD
    0x08007f18   0x08007f18   0x0000010c   Code   RO         1448    .text.UART_Start_Receive_DMA  stm32f1xx_hal_uart.o
    0x08008024   0x08008024   0x00000094   Code   RO         1504    .text.UART_Transmit_IT  stm32f1xx_hal_uart.o
    0x080080b8   0x080080b8   0x000000da   Code   RO         1428    .text.UART_WaitOnFlagUntilTimeout  stm32f1xx_hal_uart.o
    0x08008192   0x08008192   0x00000002   PAD
    0x08008194   0x08008194   0x00000010   Code   RO          206    .text.USART3_IRQHandler  stm32f1xx_it.o
    0x080081a4   0x080081a4   0x00000140   Code   RO          377    .text.UpdateConfigFromCommand  parse_command.o
    0x080082e4   0x080082e4   0x00000004   Code   RO          180    .text.UsageFault_Handler  stm32f1xx_it.o
    0x080082e8   0x080082e8   0x00000030   Code   RO          668    .text.__NVIC_EnableIRQ  stm32f1xx_hal_cortex.o
    0x08008318   0x08008318   0x00000010   Code   RO          660    .text.__NVIC_GetPriorityGrouping  stm32f1xx_hal_cortex.o
    0x08008328   0x08008328   0x00000042   Code   RO          662    .text.__NVIC_SetPriority  stm32f1xx_hal_cortex.o
    0x0800836a   0x0800836a   0x00000002   PAD
    0x0800836c   0x0800836c   0x0000003c   Code   RO          656    .text.__NVIC_SetPriorityGrouping  stm32f1xx_hal_cortex.o
    0x080083a8   0x080083a8   0x00000022   Code   RO           11    .text.fputc         main.o
    0x080083ca   0x080083ca   0x00000002   PAD
    0x080083cc   0x080083cc   0x000009c0   Code   RO           15    .text.main          main.o
    0x08008d8c   0x08008d8c   0x00000072   Code   RO          410    .text.modbus_crc16  tws_bms.o
    0x08008dfe   0x08008dfe   0x00000002   PAD
    0x08008e00   0x08008e00   0x00000462   Code   RO          381    .text.parse_command  parse_command.o
    0x08009262   0x08009262   0x00000002   PAD
    0x08009264   0x08009264   0x00000020   Code   RO         1568    i.__0printf         mc_w.l(printfa.o)
    0x08009284   0x08009284   0x00000028   Code   RO         1570    i.__0sprintf        mc_w.l(printfa.o)
    0x080092ac   0x080092ac   0x00000008   Code   RO         1695    i.__aeabi_errno_addr  mc_w.l(errno.o)
    0x080092b4   0x080092b4   0x0000000e   Code   RO         1749    i.__scatterload_copy  mc_w.l(handlers.o)
    0x080092c2   0x080092c2   0x00000002   Code   RO         1750    i.__scatterload_null  mc_w.l(handlers.o)
    0x080092c4   0x080092c4   0x0000000e   Code   RO         1751    i.__scatterload_zeroinit  mc_w.l(handlers.o)
    0x080092d2   0x080092d2   0x00000002   PAD
    0x080092d4   0x080092d4   0x00000184   Code   RO         1575    i._fp_digits        mc_w.l(printfa.o)
    0x08009458   0x08009458   0x000006dc   Code   RO         1576    i._printf_core      mc_w.l(printfa.o)
    0x08009b34   0x08009b34   0x00000024   Code   RO         1577    i._printf_post_padding  mc_w.l(printfa.o)
    0x08009b58   0x08009b58   0x0000002e   Code   RO         1578    i._printf_pre_padding  mc_w.l(printfa.o)
    0x08009b86   0x08009b86   0x0000000a   Code   RO         1580    i._sputc            mc_w.l(printfa.o)
    0x08009b90   0x08009b90   0x0000006c   Code   RO         1596    i.malloc            mc_w.l(malloc.o)
    0x08009bfc   0x08009bfc   0x00000081   Data   RO         1716    .constdata          mc_w.l(ctype_o.o)
    0x08009c7d   0x08009c7d   0x00000003   PAD
    0x08009c80   0x08009c80   0x00000004   Data   RO         1717    .constdata          mc_w.l(ctype_o.o)
    0x08009c84   0x08009c84   0x00000010   Data   RO         1546    .rodata.AHBPrescTable  system_stm32f1xx.o
    0x08009c94   0x08009c94   0x00000008   Data   RO         1547    .rodata.APBPrescTable  system_stm32f1xx.o
    0x08009c9c   0x08009c9c   0x00000228   Data   RO          289    .rodata.F6x8        oled.o
    0x08009ec4   0x08009ec4   0x000005f0   Data   RO          290    .rodata.F8X16       oled.o
    0x0800a4b4   0x0800a4b4   0x00000010   Data   RO          574    .rodata.HAL_RCC_GetSysClockFreq.aPLLMULFactorTable  stm32f1xx_hal_rcc.o
    0x0800a4c4   0x0800a4c4   0x00000002   Data   RO          575    .rodata.HAL_RCC_GetSysClockFreq.aPredivFactorTable  stm32f1xx_hal_rcc.o
    0x0800a4c6   0x0800a4c6   0x000000c0   Data   RO          295    .rodata.gImage_12x12  oled.o
    0x0800a586   0x0800a586   0x000000c0   Data   RO          296    .rodata.gImage_BBWW  oled.o
    0x0800a646   0x0800a646   0x00000400   Data   RO          293    .rodata.gImage_PD_PWR  oled.o
    0x0800aa46   0x0800aa46   0x00000400   Data   RO          294    .rodata.gImage_SUM_INFO  oled.o
    0x0800ae46   0x0800ae46   0x00000100   Data   RO          419    .rodata.modbus_crc16.aucCRCHi  tws_bms.o
    0x0800af46   0x0800af46   0x00000100   Data   RO          420    .rodata.modbus_crc16.aucCRCLo  tws_bms.o
    0x0800b046   0x0800b046   0x000000da   Data   RO           55    .rodata.str1.1      main.o
    0x0800b120   0x0800b120   0x0000010f   Data   RO          383    .rodata.str1.1      parse_command.o
    0x0800b22f   0x0800b22f   0x0000009d   Data   RO          418    .rodata.str1.1      tws_bms.o
    0x0800b2cc   0x0800b2cc   0x00000020   Data   RO         1748    Region$$Table       anon$$obj.o


    Execution Region RW_IRAM1 (Exec base: 0x20000000, Load base: 0x0800b2f0, Size: 0x00000b88, Max: 0x00005000, ABSOLUTE)

    Exec Addr    Load Addr    Size         Type   Attr      Idx    E Section Name        Object

    0x20000000   0x0800b2f0   0x00000004   Data   RW         1673    .data               mc_w.l(stdout.o)
    0x20000004   0x0800b2f4   0x00000004   Data   RW         1693    .data               mc_w.l(mvars.o)
    0x20000008   0x0800b2f8   0x00000004   Data   RW         1694    .data               mc_w.l(mvars.o)
    0x2000000c   0x0800b2fc   0x00000004   Data   RW         1698    .data               mc_w.l(errno.o)
    0x20000010   0x0800b300   0x00000001   Data   RW          397    .data.KEY1_VAL      key.o
    0x20000011   0x0800b301   0x00000001   Data   RW          398    .data.KEY2_VAL      key.o
    0x20000012   0x0800b302   0x00000002   PAD
    0x20000014   0x0800b304   0x00000004   Data   RW         1545    .data.SystemCoreClock  system_stm32f1xx.o
    0x20000018   0x0800b308   0x0000001e   Data   RW           33    .data.cLogo         main.o
    0x20000036   0x0800b326   0x00000001   Data   RW          535    .data.uwTickFreq    stm32f1xx_hal.o
    0x20000037   0x0800b327   0x00000001   PAD
    0x20000038   0x0800b328   0x00000004   Data   RW          534    .data.uwTickPrio    stm32f1xx_hal.o
    0x2000003c   0x0800b32c   0x00000004   PAD
    0x20000040        -       0x00000001   Zero   RW           32    .bss.ADC1_IDLE      main.o
    0x20000041        -       0x00000001   Zero   RW           50    .bss.BAT_INST       main.o
    0x20000042   0x0800b32c   0x00000002   PAD
    0x20000044        -       0x00000004   Zero   RW           36    .bss.BAT_V          main.o
    0x20000048        -       0x00000001   Zero   RW           61    .bss.BMS_COM_ERR    main.o
    0x20000049   0x0800b32c   0x00000001   PAD
    0x2000004a        -       0x00000002   Zero   RW           42    .bss.BmsSoc         main.o
    0x2000004c        -       0x00000002   Zero   RW           43    .bss.BmsSoh         main.o
    0x2000004e   0x0800b32c   0x00000002   PAD
    0x20000050        -       0x00000004   Zero   RW           34    .bss.CHRG_I         main.o
    0x20000054        -       0x00000002   Zero   RW           40    .bss.CHRG_PWR       main.o
    0x20000056   0x0800b32c   0x00000002   PAD
    0x20000058        -       0x00000004   Zero   RW           35    .bss.CHRG_V         main.o
    0x2000005c        -       0x00000001   Zero   RW           53    .bss.CLEAN_EXCP     main.o
    0x2000005d        -       0x00000001   Zero   RW           51    .bss.IR_REC         main.o
    0x2000005e        -       0x00000001   Zero   RW          394    .bss.KEY1_EVENT     key.o
    0x2000005f        -       0x00000001   Zero   RW          395    .bss.KEY2_EVENT     key.o
    0x20000060        -       0x00000001   Zero   RW          396    .bss.KEY_LONG_EVENT  key.o
    0x20000061        -       0x00000001   Zero   RW           65    .bss.UART1_RX_DMA_IDLE  main.o
    0x20000062        -       0x00000001   Zero   RW           63    .bss.UART3_RX_DMA_IDLE  main.o
    0x20000063   0x0800b32c   0x00000001   PAD
    0x20000064        -       0x00000006   Zero   RW           37    .bss.adc_buffer0    main.o
    0x2000006a        -       0x00000001   Zero   RW           44    .bss.env_est_idx    main.o
    0x2000006b   0x0800b32c   0x00000001   PAD
    0x2000006c        -       0x00000024   Zero   RW          384    .bss.g_config       parse_command.o
    0x20000090        -       0x00000030   Zero   RW           92    .bss.hadc1          adc.o
    0x200000c0        -       0x00000044   Zero   RW           93    .bss.hdma_adc1      adc.o
    0x20000104        -       0x00000044   Zero   RW          116    .bss.hdma_spi2_rx   spi.o
    0x20000148        -       0x00000044   Zero   RW          117    .bss.hdma_spi2_tx   spi.o
    0x2000018c        -       0x00000044   Zero   RW          164    .bss.hdma_usart3_rx  usart.o
    0x200001d0        -       0x00000080   Zero   RW           30    .bss.hostData       main.o
    0x20000250        -       0x00000058   Zero   RW          115    .bss.hspi2          spi.o
    0x200002a8        -       0x00000048   Zero   RW          143    .bss.htim1          tim.o
    0x200002f0        -       0x00000048   Zero   RW          144    .bss.htim2          tim.o
    0x20000338        -       0x00000048   Zero   RW          145    .bss.htim3          tim.o
    0x20000380        -       0x00000048   Zero   RW          146    .bss.htim4          tim.o
    0x200003c8        -       0x00000048   Zero   RW          162    .bss.huart1         usart.o
    0x20000410        -       0x00000048   Zero   RW          163    .bss.huart3         usart.o
    0x20000458        -       0x00000001   Zero   RW          399    .bss.keyState       key.o
    0x20000459   0x0800b32c   0x00000003   PAD
    0x2000045c        -       0x00000004   Zero   RW          400    .bss.lastTick       key.o
    0x20000460        -       0x00000001   Zero   RW           52    .bss.lcd_rfsh_cnt   main.o
    0x20000461        -       0x00000010   Zero   RW           64    .bss.max_current    main.o
    0x20000471   0x0800b32c   0x00000003   PAD
    0x20000474        -       0x00000004   Zero   RW           45    .bss.mid_bat_volt   main.o
    0x20000478        -       0x00000004   Zero   RW           46    .bss.mid_chrg_current  main.o
    0x2000047c        -       0x00000004   Zero   RW           47    .bss.mid_chrg_volt  main.o
    0x20000480        -       0x00000004   Zero   RW           48    .bss.mid_temp       main.o
    0x20000484        -       0x00000004   Zero   RW           54    .bss.pEnvSecure     main.o
    0x20000488        -       0x00000020   Zero   RW          790    .bss.pFlash         stm32f1xx_hal_flash.o
    0x200004a8        -       0x00000004   Zero   RW          401    .bss.pressTick      key.o
    0x200004ac        -       0x00000080   Zero   RW           31    .bss.rs485Data      main.o
    0x2000052c        -       0x00000006   Zero   RW           56    .bss.strBmsSoc      main.o
    0x20000532        -       0x00000006   Zero   RW           62    .bss.strBmsSoh      main.o
    0x20000538        -       0x00000003   Zero   RW           66    .bss.strChrgPwr     main.o
    0x2000053b        -       0x00000010   Zero   RW           60    .bss.strTemp        main.o
    0x2000054b        -       0x00000010   Zero   RW           59    .bss.str_bat_v      main.o
    0x2000055b        -       0x00000010   Zero   RW           57    .bss.str_chrg_i     main.o
    0x2000056b        -       0x00000010   Zero   RW           58    .bss.str_chrg_v     main.o
    0x2000057b   0x0800b32c   0x00000001   PAD
    0x2000057c        -       0x00000004   Zero   RW           49    .bss.temp           main.o
    0x20000580        -       0x00000004   Zero   RW          536    .bss.uwTick         stm32f1xx_hal.o
    0x20000584   0x0800b32c   0x00000004   PAD
    0x20000588        -       0x00000200   Zero   RW            2    HEAP                startup_stm32f103xb.o
    0x20000788        -       0x00000400   Zero   RW            1    STACK               startup_stm32f103xb.o


==============================================================================

Image component sizes


      Code (inc. data)   RO Data    RW Data    ZI Data      Debug   Object Name

       390          0          0          0        116       5118   adc.o
       332          0          0          0          0       2093   ch224.o
       112          0          0          0          0       1994   dma.o
       274          0          0          0          0       1546   gpio.o
      1768          0          0          0          0       7049   i2c_soft.o
       610          8          0          2         12       1847   key.o
      5434          0        218         30        408      12041   main.o
      1082          0       4504          0          0       4332   oled.o
      1902          0        271          0         36       4617   parse_command.o
       394          0          0          0        224       5320   spi.o
        36          8        236          0       1536        776   startup_stm32f103xb.o
       254          0          0          5          4       5550   stm32f1xx_hal.o
      2436          0          0          0          0       9389   stm32f1xx_hal_adc.o
         8          0          0          0          0       7428   stm32f1xx_hal_adc_ex.o
       482          0          0          0          0       7536   stm32f1xx_hal_cortex.o
      1510          0          0          0          0       6289   stm32f1xx_hal_dma.o
      1008          0          0          0         32       4796   stm32f1xx_hal_flash.o
       366          0          0          0          0       5823   stm32f1xx_hal_flash_ex.o
       890          0          0          0          0       4214   stm32f1xx_hal_gpio.o
       100          0          0          0          0       1188   stm32f1xx_hal_msp.o
      2582          0         18          0          0       7415   stm32f1xx_hal_rcc.o
       456          0          0          0          0       3112   stm32f1xx_hal_rcc_ex.o
       798          0          0          0          0      18921   stm32f1xx_hal_spi.o
      3806         28          0          0          0      35652   stm32f1xx_hal_tim.o
       414          0          0          0          0      15097   stm32f1xx_hal_tim_ex.o
      3936          0          0          0          0      20041   stm32f1xx_hal_uart.o
       178          0          0          0          0       1865   stm32f1xx_it.o
         2          0         24          4          0       1557   system_stm32f1xx.o
      1492          0          0          0        288       8304   tim.o
        86          0          0          0          0        709   tmp100.o
       748          0        669          0          0       2799   tws_bms.o
       504          0          0          0        212       5571   usart.o

    ----------------------------------------------------------------------
     34556         44       5972         44       2892     219989   Object Totals
         0          0         32          0          0          0   (incl. Generated)
       166          0          0          3         24          0   (incl. Padding)

    ----------------------------------------------------------------------

      Code (inc. data)   RO Data    RW Data    ZI Data      Debug   Library Member Name

        28          0          0          0          0         68   _chval.o
       158          0          0          0          0         92   _strtoul.o
        26          0          0          0          0         80   atoi.o
         8          4        133          0          0         68   ctype_o.o
         0          0          0          0          0          0   entry.o
         0          0          0          0          0          0   entry10a.o
         0          0          0          0          0          0   entry11a.o
         8          4          0          0          0          0   entry2.o
         4          0          0          0          0          0   entry5.o
         0          0          0          0          0          0   entry7b.o
         0          0          0          0          0          0   entry8b.o
         8          4          0          0          0          0   entry9a.o
         8          4          0          4          0         68   errno.o
        30          0          0          0          0          0   handlers.o
        48         10          0          0          0         68   init.o
         0          0          0          0          0          0   iusefp.o
        30          0          0          0          0         68   llshl.o
        36          0          0          0          0         68   llsshr.o
        32          0          0          0          0         68   llushr.o
       108         16          0          0          0         84   malloc.o
        20          0          0          0          0         68   memchr.o
        36          0          0          0          0         68   memcpya.o
        36          0          0          0          0        108   memseta.o
         0          0          0          8          0          0   mvars.o
      2308         96          0          0          0        604   printfa.o
         0          0          0          4          0          0   stdout.o
        28          0          0          0          0         76   strcmp.o
       112          0          0          0          0         88   strtol.o
        44          0          0          0          0         80   uidiv.o
        98          0          0          0          0         92   uldiv.o
        48          0          0          0          0         68   cdrcmple.o
        56          0          0          0          0         88   d2f.o
       334          0          0          0          0        148   dadd.o
       222          0          0          0          0        100   ddiv.o
       186          0          0          0          0        176   depilogue.o
        62          0          0          0          0         80   dfixi.o
        48          0          0          0          0         68   dfixul.o
       228          0          0          0          0         96   dmul.o
        38          0          0          0          0         68   f2d.o
       176          0          0          0          0        140   fadd.o
        28          0          0          0          0         68   fcmpge.o
        28          0          0          0          0         68   fcmpgt.o
        28          0          0          0          0         68   fcmple.o
        28          0          0          0          0         68   fcmplt.o
       124          0          0          0          0         88   fdiv.o
       110          0          0          0          0        168   fepilogue.o
        50          0          0          0          0         68   ffixi.o
        18          0          0          0          0         68   fflti.o
        10          0          0          0          0         68   ffltui.o
       100          0          0          0          0         76   fmul.o

    ----------------------------------------------------------------------
      5140        138        136         16          0       3756   Library Totals
         4          0          3          0          0          0   (incl. Padding)

    ----------------------------------------------------------------------

      Code (inc. data)   RO Data    RW Data    ZI Data      Debug   Library Name

      3214        138        133         16          0       1916   mc_w.l
      1922          0          0          0          0       1840   mf_w.l

    ----------------------------------------------------------------------
      5140        138        136         16          0       3756   Library Totals

    ----------------------------------------------------------------------

==============================================================================


      Code (inc. data)   RO Data    RW Data    ZI Data      Debug   

     39696        182       6108         60       2892     221217   Grand Totals
     39696        182       6108         60       2892     221217   ELF Image Totals
     39696        182       6108         60          0          0   ROM Totals

==============================================================================

    Total RO  Size (Code + RO Data)                45804 (  44.73kB)
    Total RW  Size (RW Data + ZI Data)              2952 (   2.88kB)
    Total ROM Size (Code + RO Data + RW Data)      45864 (  44.79kB)

==============================================================================

